Archive member included to satisfy reference by file (symbol)

C:/ST/STM32CubeIDE_1.16.1/STM32CubeIDE/plugins/com.st.stm32cube.ide.mcu.externaltools.gnu-tools-for-stm32.12.3.rel1.win32_1.0.200.202406191623/tools/bin/../lib/gcc/arm-none-eabi/12.3.1/../../../../arm-none-eabi/lib/thumb/v7e-m+fp/hard\libc_nano.a(libc_a-exit.o)
                              C:/ST/STM32CubeIDE_1.16.1/STM32CubeIDE/plugins/com.st.stm32cube.ide.mcu.externaltools.gnu-tools-for-stm32.12.3.rel1.win32_1.0.200.202406191623/tools/bin/../lib/gcc/arm-none-eabi/12.3.1/../../../../arm-none-eabi/lib/thumb/v7e-m+fp/hard/crt0.o (exit)
C:/ST/STM32CubeIDE_1.16.1/STM32CubeIDE/plugins/com.st.stm32cube.ide.mcu.externaltools.gnu-tools-for-stm32.12.3.rel1.win32_1.0.200.202406191623/tools/bin/../lib/gcc/arm-none-eabi/12.3.1/../../../../arm-none-eabi/lib/thumb/v7e-m+fp/hard\libc_nano.a(libc_a-findfp.o)
                              C:/ST/STM32CubeIDE_1.16.1/STM32CubeIDE/plugins/com.st.stm32cube.ide.mcu.externaltools.gnu-tools-for-stm32.12.3.rel1.win32_1.0.200.202406191623/tools/bin/../lib/gcc/arm-none-eabi/12.3.1/../../../../arm-none-eabi/lib/thumb/v7e-m+fp/hard\libc_nano.a(libc_a-exit.o) (__stdio_exit_handler)
C:/ST/STM32CubeIDE_1.16.1/STM32CubeIDE/plugins/com.st.stm32cube.ide.mcu.externaltools.gnu-tools-for-stm32.12.3.rel1.win32_1.0.200.202406191623/tools/bin/../lib/gcc/arm-none-eabi/12.3.1/../../../../arm-none-eabi/lib/thumb/v7e-m+fp/hard\libc_nano.a(libc_a-fwalk.o)
                              C:/ST/STM32CubeIDE_1.16.1/STM32CubeIDE/plugins/com.st.stm32cube.ide.mcu.externaltools.gnu-tools-for-stm32.12.3.rel1.win32_1.0.200.202406191623/tools/bin/../lib/gcc/arm-none-eabi/12.3.1/../../../../arm-none-eabi/lib/thumb/v7e-m+fp/hard\libc_nano.a(libc_a-findfp.o) (_fwalk_sglue)
C:/ST/STM32CubeIDE_1.16.1/STM32CubeIDE/plugins/com.st.stm32cube.ide.mcu.externaltools.gnu-tools-for-stm32.12.3.rel1.win32_1.0.200.202406191623/tools/bin/../lib/gcc/arm-none-eabi/12.3.1/../../../../arm-none-eabi/lib/thumb/v7e-m+fp/hard\libc_nano.a(libc_a-sprintf.o)
                              ./Core/Src/lcd_hd44780_i2c.o (sprintf)
C:/ST/STM32CubeIDE_1.16.1/STM32CubeIDE/plugins/com.st.stm32cube.ide.mcu.externaltools.gnu-tools-for-stm32.12.3.rel1.win32_1.0.200.202406191623/tools/bin/../lib/gcc/arm-none-eabi/12.3.1/../../../../arm-none-eabi/lib/thumb/v7e-m+fp/hard\libc_nano.a(libc_a-stdio.o)
                              C:/ST/STM32CubeIDE_1.16.1/STM32CubeIDE/plugins/com.st.stm32cube.ide.mcu.externaltools.gnu-tools-for-stm32.12.3.rel1.win32_1.0.200.202406191623/tools/bin/../lib/gcc/arm-none-eabi/12.3.1/../../../../arm-none-eabi/lib/thumb/v7e-m+fp/hard\libc_nano.a(libc_a-findfp.o) (__sread)
C:/ST/STM32CubeIDE_1.16.1/STM32CubeIDE/plugins/com.st.stm32cube.ide.mcu.externaltools.gnu-tools-for-stm32.12.3.rel1.win32_1.0.200.202406191623/tools/bin/../lib/gcc/arm-none-eabi/12.3.1/../../../../arm-none-eabi/lib/thumb/v7e-m+fp/hard\libc_nano.a(libc_a-memset.o)
                              C:/ST/STM32CubeIDE_1.16.1/STM32CubeIDE/plugins/com.st.stm32cube.ide.mcu.externaltools.gnu-tools-for-stm32.12.3.rel1.win32_1.0.200.202406191623/tools/bin/../lib/gcc/arm-none-eabi/12.3.1/../../../../arm-none-eabi/lib/thumb/v7e-m+fp/hard/crt0.o (memset)
C:/ST/STM32CubeIDE_1.16.1/STM32CubeIDE/plugins/com.st.stm32cube.ide.mcu.externaltools.gnu-tools-for-stm32.12.3.rel1.win32_1.0.200.202406191623/tools/bin/../lib/gcc/arm-none-eabi/12.3.1/../../../../arm-none-eabi/lib/thumb/v7e-m+fp/hard\libc_nano.a(libc_a-closer.o)
                              C:/ST/STM32CubeIDE_1.16.1/STM32CubeIDE/plugins/com.st.stm32cube.ide.mcu.externaltools.gnu-tools-for-stm32.12.3.rel1.win32_1.0.200.202406191623/tools/bin/../lib/gcc/arm-none-eabi/12.3.1/../../../../arm-none-eabi/lib/thumb/v7e-m+fp/hard\libc_nano.a(libc_a-stdio.o) (_close_r)
C:/ST/STM32CubeIDE_1.16.1/STM32CubeIDE/plugins/com.st.stm32cube.ide.mcu.externaltools.gnu-tools-for-stm32.12.3.rel1.win32_1.0.200.202406191623/tools/bin/../lib/gcc/arm-none-eabi/12.3.1/../../../../arm-none-eabi/lib/thumb/v7e-m+fp/hard\libc_nano.a(libc_a-reent.o)
                              C:/ST/STM32CubeIDE_1.16.1/STM32CubeIDE/plugins/com.st.stm32cube.ide.mcu.externaltools.gnu-tools-for-stm32.12.3.rel1.win32_1.0.200.202406191623/tools/bin/../lib/gcc/arm-none-eabi/12.3.1/../../../../arm-none-eabi/lib/thumb/v7e-m+fp/hard\libc_nano.a(libc_a-closer.o) (errno)
C:/ST/STM32CubeIDE_1.16.1/STM32CubeIDE/plugins/com.st.stm32cube.ide.mcu.externaltools.gnu-tools-for-stm32.12.3.rel1.win32_1.0.200.202406191623/tools/bin/../lib/gcc/arm-none-eabi/12.3.1/../../../../arm-none-eabi/lib/thumb/v7e-m+fp/hard\libc_nano.a(libc_a-impure.o)
                              C:/ST/STM32CubeIDE_1.16.1/STM32CubeIDE/plugins/com.st.stm32cube.ide.mcu.externaltools.gnu-tools-for-stm32.12.3.rel1.win32_1.0.200.202406191623/tools/bin/../lib/gcc/arm-none-eabi/12.3.1/../../../../arm-none-eabi/lib/thumb/v7e-m+fp/hard\libc_nano.a(libc_a-sprintf.o) (_impure_ptr)
[...]
Memory Configuration

Name             Origin             Length             Attributes
RAM              0x20000000         0x00020000         xrw
FLASH            0x08000000         0x00080000         xr
*default*        0x00000000         0xffffffff

Linker script and memory map

LOAD C:/ST/STM32CubeIDE_1.16.1/STM32CubeIDE/plugins/com.st.stm32cube.ide.mcu.externaltools.gnu-tools-for-stm32.12.3.rel1.win32_1.0.200.202406191623/tools/bin/../lib/gcc/arm-none-eabi/12.3.1/thumb/v7e-m+fp/hard/crti.o
LOAD C:/ST/STM32CubeIDE_1.16.1/STM32CubeIDE/plugins/com.st.stm32cube.ide.mcu.externaltools.gnu-tools-for-stm32.12.3.rel1.win32_1.0.200.202406191623/tools/bin/../lib/gcc/arm-none-eabi/12.3.1/thumb/v7e-m+fp/hard/crtbegin.o
LOAD C:/ST/STM32CubeIDE_1.16.1/STM32CubeIDE/plugins/com.st.stm32cube.ide.mcu.externaltools.gnu-tools-for-stm32.12.3.rel1.win32_1.0.200.202406191623/tools/bin/../lib/gcc/arm-none-eabi/12.3.1/../../../../arm-none-eabi/lib/thumb/v7e-m+fp/hard/crt0.o
LOAD ./Core/Src/adc.o
LOAD ./Core/Src/dma.o
LOAD ./Core/Src/encoder.o
LOAD ./Core/Src/gpio.o
LOAD ./Core/Src/i2c.o
LOAD ./Core/Src/lcd.o
LOAD ./Core/Src/lcd_hd44780_i2c.o
LOAD ./Core/Src/led.o
LOAD ./Core/Src/light_printf.o
LOAD ./Core/Src/main.o
LOAD ./Core/Src/motor.o
LOAD ./Core/Src/pid.o
LOAD ./Core/Src/sensorLinha.o
LOAD ./Core/Src/stm32g4xx_hal_msp.o
LOAD ./Core/Src/stm32g4xx_it.o
LOAD ./Core/Src/syscalls.o
LOAD ./Core/Src/sysmem.o
LOAD ./Core/Src/system_stm32g4xx.o
LOAD ./Core/Src/tim.o
LOAD ./Core/Src/usart.o
LOAD ./Core/Startup/startup_stm32g474retx.o
LOAD ./Drivers/STM32G4xx_HAL_Driver/Src/stm32g4xx_hal.o
LOAD ./Drivers/STM32G4xx_HAL_Driver/Src/stm32g4xx_hal_adc.o
LOAD ./Drivers/STM32G4xx_HAL_Driver/Src/stm32g4xx_hal_adc_ex.o
LOAD ./Drivers/STM32G4xx_HAL_Driver/Src/stm32g4xx_hal_cortex.o
LOAD ./Drivers/STM32G4xx_HAL_Driver/Src/stm32g4xx_hal_dma.o
LOAD ./Drivers/STM32G4xx_HAL_Driver/Src/stm32g4xx_hal_dma_ex.o
LOAD ./Drivers/STM32G4xx_HAL_Driver/Src/stm32g4xx_hal_exti.o
LOAD ./Drivers/STM32G4xx_HAL_Driver/Src/stm32g4xx_hal_flash.o
LOAD ./Drivers/STM32G4xx_HAL_Driver/Src/stm32g4xx_hal_flash_ex.o
LOAD ./Drivers/STM32G4xx_HAL_Driver/Src/stm32g4xx_hal_flash_ramfunc.o
LOAD ./Drivers/STM32G4xx_HAL_Driver/Src/stm32g4xx_hal_gpio.o
LOAD ./Drivers/STM32G4xx_HAL_Driver/Src/stm32g4xx_hal_i2c.o
LOAD ./Drivers/STM32G4xx_HAL_Driver/Src/stm32g4xx_hal_i2c_ex.o
LOAD ./Drivers/STM32G4xx_HAL_Driver/Src/stm32g4xx_hal_pwr.o
LOAD ./Drivers/STM32G4xx_HAL_Driver/Src/stm32g4xx_hal_pwr_ex.o
LOAD ./Drivers/STM32G4xx_HAL_Driver/Src/stm32g4xx_hal_rcc.o
LOAD ./Drivers/STM32G4xx_HAL_Driver/Src/stm32g4xx_hal_rcc_ex.o
LOAD ./Drivers/STM32G4xx_HAL_Driver/Src/stm32g4xx_hal_tim.o
LOAD ./Drivers/STM32G4xx_HAL_Driver/Src/stm32g4xx_hal_tim_ex.o
LOAD ./Drivers/STM32G4xx_HAL_Driver/Src/stm32g4xx_hal_uart.o
LOAD ./Drivers/STM32G4xx_HAL_Driver/Src/stm32g4xx_hal_uart_ex.o
LOAD ./Drivers/STM32G4xx_HAL_Driver/Src/stm32g4xx_ll_adc.o
START GROUP
LOAD C:/ST/STM32CubeIDE_1.16.1/STM32CubeIDE/plugins/com.st.stm32cube.ide.mcu.externaltools.gnu-tools-for-stm32.12.3.rel1.win32_1.0.200.202406191623/tools/bin/../lib/gcc/arm-none-eabi/12.3.1/../../../../arm-none-eabi/lib/thumb/v7e-m+fp/hard\libc_nano.a
LOAD C:/ST/STM32CubeIDE_1.16.1/STM32CubeIDE/plugins/com.st.stm32cube.ide.mcu.externaltools.gnu-tools-for-stm32.12.3.rel1.win32_1.0.200.202406191623/tools/bin/../lib/gcc/arm-none-eabi/12.3.1/../../../../arm-none-eabi/lib/thumb/v7e-m+fp/hard\libm.a
END GROUP
START GROUP
LOAD C:/ST/STM32CubeIDE_1.16.1/STM32CubeIDE/plugins/com.st.stm32cube.ide.mcu.externaltools.gnu-tools-for-stm32.12.3.rel1.win32_1.0.200.202406191623/tools/bin/../lib/gcc/arm-none-eabi/12.3.1/thumb/v7e-m+fp/hard\libgcc.a
LOAD C:/ST/STM32CubeIDE_1.16.1/STM32CubeIDE/plugins/com.st.stm32cube.ide.mcu.externaltools.gnu-tools-for-stm32.12.3.rel1.win32_1.0.200.202406191623/tools/bin/../lib/gcc/arm-none-eabi/12.3.1/../../../../arm-none-eabi/lib/thumb/v7e-m+fp/hard\libc_nano.a
END GROUP
START GROUP
LOAD C:/ST/STM32CubeIDE_1.16.1/STM32CubeIDE/plugins/com.st.stm32cube.ide.mcu.externaltools.gnu-tools-for-stm32.12.3.rel1.win32_1.0.200.202406191623/tools/bin/../lib/gcc/arm-none-eabi/12.3.1/thumb/v7e-m+fp/hard\libgcc.a
LOAD C:/ST/STM32CubeIDE_1.16.1/STM32CubeIDE/plugins/com.st.stm32cube.ide.mcu.externaltools.gnu-tools-for-stm32.12.3.rel1.win32_1.0.200.202406191623/tools/bin/../lib/gcc/arm-none-eabi/12.3.1/../../../../arm-none-eabi/lib/thumb/v7e-m+fp/hard\libc_nano.a
LOAD C:/ST/STM32CubeIDE_1.16.1/STM32CubeIDE/plugins/com.st.stm32cube.ide.mcu.externaltools.gnu-tools-for-stm32.12.3.rel1.win32_1.0.200.202406191623/tools/bin/../lib/gcc/arm-none-eabi/12.3.1/../../../../arm-none-eabi/lib/thumb/v7e-m+fp/hard\libnosys.a
END GROUP
START GROUP
LOAD C:/ST/STM32CubeIDE_1.16.1/STM32CubeIDE/plugins/com.st.stm32cube.ide.mcu.externaltools.gnu-tools-for-stm32.12.3.rel1.win32_1.0.200.202406191623/tools/bin/../lib/gcc/arm-none-eabi/12.3.1/thumb/v7e-m+fp/hard\libgcc.a
LOAD C:/ST/STM32CubeIDE_1.16.1/STM32CubeIDE/plugins/com.st.stm32cube.ide.mcu.externaltools.gnu-tools-for-stm32.12.3.rel1.win32_1.0.200.202406191623/tools/bin/../lib/gcc/arm-none-eabi/12.3.1/../../../../arm-none-eabi/lib/thumb/v7e-m+fp/hard\libc_nano.a
LOAD C:/ST/STM32CubeIDE_1.16.1/STM32CubeIDE/plugins/com.st.stm32cube.ide.mcu.externaltools.gnu-tools-for-stm32.12.3.rel1.win32_1.0.200.202406191623/tools/bin/../lib/gcc/arm-none-eabi/12.3.1/../../../../arm-none-eabi/lib/thumb/v7e-m+fp/hard\libnosys.a
END GROUP
LOAD C:/ST/STM32CubeIDE_1.16.1/STM32CubeIDE/plugins/com.st.stm32cube.ide.mcu.externaltools.gnu-tools-for-stm32.12.3.rel1.win32_1.0.200.202406191623/tools/bin/../lib/gcc/arm-none-eabi/12.3.1/thumb/v7e-m+fp/hard/crtend.o
LOAD C:/ST/STM32CubeIDE_1.16.1/STM32CubeIDE/plugins/com.st.stm32cube.ide.mcu.externaltools.gnu-tools-for-stm32.12.3.rel1.win32_1.0.200.202406191623/tools/bin/../lib/gcc/arm-none-eabi/12.3.1/thumb/v7e-m+fp/hard/crtn.o
                0x20020000                        _estack = (ORIGIN (RAM) + LENGTH (RAM))
                0x00000200                        _Min_Heap_Size = 0x200
                0x00000400                        _Min_Stack_Size = 0x400

.isr_vector     0x08000000      0x1d8
                0x08000000                        . = ALIGN (0x4)
 *(.isr_vector)
 .isr_vector    0x08000000      0x1d8 ./Core/Startup/startup_stm32g474retx.o
                0x08000000                g_pfnVectors
                0x080001d8                        . = ALIGN (0x4)

.text           0x080001d8     0xb540
                0x080001d8                        . = ALIGN (0x4)
 *(.text)
 .text          0x080001d8       0x40 C:/ST/STM32CubeIDE_1.16.1/STM32CubeIDE/plugins/com.st.stm32cube.ide.mcu.externaltools.gnu-tools-for-stm32.12.3.rel1.win32_1.0.200.202406191623/tools/bin/../lib/gcc/arm-none-eabi/12.3.1/thumb/v7e-m+fp/hard/crtbegin.o
 .text          0x08000218      0x378 C:/ST/STM32CubeIDE_1.16.1/STM32CubeIDE/plugins/com.st.stm32cube.ide.mcu.externaltools.gnu-tools-for-stm32.12.3.rel1.win32_1.0.200.202406191623/tools/bin/../lib/gcc/arm-none-eabi/12.3.1/thumb/v7e-m+fp/hard\libgcc.a(_arm_addsubdf3.o)
                0x08000218                __aeabi_drsub
                0x08000220                __aeabi_dsub
                0x08000220                __subdf3
                0x08000224                __aeabi_dadd
                0x08000224                __adddf3
                0x0800049c                __floatunsidf
                0x0800049c                __aeabi_ui2d
                0x080004bc                __floatsidf
                0x080004bc                __aeabi_i2d
                0x080004e0                __aeabi_f2d
                0x080004e0                __extendsfdf2
                0x08000524                __floatundidf
                0x08000524                __aeabi_ul2d
                0x08000534                __floatdidf
                0x08000534                __aeabi_l2d
 .text          0x08000590      0x424 C:/ST/STM32CubeIDE_1.16.1/STM32CubeIDE/plugins/com.st.stm32cube.ide.mcu.externaltools.gnu-tools-for-stm32.12.3.rel1.win32_1.0.200.202406191623/tools/bin/../lib/gcc/arm-none-eabi/12.3.1/thumb/v7e-m+fp/hard\libgcc.a(_arm_muldivdf3.o)
                0x08000590                __aeabi_dmul
                0x08000590                __muldf3
                0x080007e4                __divdf3
                0x080007e4                __aeabi_ddiv
 .text          0x080009b4       0xa0 C:/ST/STM32CubeIDE_1.16.1/STM32CubeIDE/plugins/com.st.stm32cube.ide.mcu.externaltools.gnu-tools-for-stm32.12.3.rel1.win32_1.0.200.202406191623/tools/bin/../lib/gcc/arm-none-eabi/12.3.1/thumb/v7e-m+fp/hard\libgcc.a(_arm_truncdfsf2.o)
                0x080009b4                __truncdfsf2
                0x080009b4                __aeabi_d2f
 .text          0x08000a54       0x30 C:/ST/STM32CubeIDE_1.16.1/STM32CubeIDE/plugins/com.st.stm32cube.ide.mcu.externaltools.gnu-tools-for-stm32.12.3.rel1.win32_1.0.200.202406191623/tools/bin/../lib/gcc/arm-none-eabi/12.3.1/thumb/v7e-m+fp/hard\libgcc.a(_aeabi_uldivmod.o)
                0x08000a54                __aeabi_uldivmod
 .text          0x08000a84      0x2bc C:/ST/STM32CubeIDE_1.16.1/STM32CubeIDE/plugins/com.st.stm32cube.ide.mcu.externaltools.gnu-tools-for-stm32.12.3.rel1.win32_1.0.200.202406191623/tools/bin/../lib/gcc/arm-none-eabi/12.3.1/thumb/v7e-m+fp/hard\libgcc.a(_udivmoddi4.o)
                0x08000a84                __udivmoddi4
 .text          0x08000d40        0x4 C:/ST/STM32CubeIDE_1.16.1/STM32CubeIDE/plugins/com.st.stm32cube.ide.mcu.externaltools.gnu-tools-for-stm32.12.3.rel1.win32_1.0.200.202406191623/tools/bin/../lib/gcc/arm-none-eabi/12.3.1/thumb/v7e-m+fp/hard\libgcc.a(_dvmd_tls.o)
                0x08000d40                __aeabi_idiv0
                0x08000d40                __aeabi_ldiv0
 *(.text*)
 .text.MX_ADC1_Init
                0x08000d44      0x108 ./Core/Src/adc.o
                0x08000d44                MX_ADC1_Init
 .text.MX_ADC2_Init
                0x08000e4c       0xe4 ./Core/Src/adc.o
                0x08000e4c                MX_ADC2_Init
 .text.MX_ADC3_Init
                0x08000f30      0x108 ./Core/Src/adc.o
                0x08000f30                MX_ADC3_Init
 .text.MX_ADC4_Init
                0x08001038       0xe4 ./Core/Src/adc.o
                0x08001038                MX_ADC4_Init
 .text.MX_ADC5_Init
                0x0800111c       0xe4 ./Core/Src/adc.o
                0x0800111c                MX_ADC5_Init
 .text.HAL_ADC_MspInit
                0x08001200      0x4f8 ./Core/Src/adc.o
                0x08001200                HAL_ADC_MspInit
 .text.MX_DMA_Init
                0x080016f8       0x64 ./Core/Src/dma.o
                0x080016f8                MX_DMA_Init
 .text.inicializarEncoders
                0x0800175c       0x2e ./Core/Src/encoder.o
                0x0800175c                inicializarEncoders
 *fill*         0x0800178a        0x2 
 .text.processarCaptura
                0x0800178c       0xd8 ./Core/Src/encoder.o
                0x0800178c                processarCaptura
 .text.processarCaptura2
                0x08001864       0xd8 ./Core/Src/encoder.o
                0x08001864                processarCaptura2
 .text.HAL_TIM_IC_CaptureCallback
                0x0800193c       0x4c ./Core/Src/encoder.o
                0x0800193c                HAL_TIM_IC_CaptureCallback
 .text.MX_GPIO_Init
                0x08001988      0x110 ./Core/Src/gpio.o
                0x08001988                MX_GPIO_Init
 .text.MX_I2C2_Init
                0x08001a98       0x80 ./Core/Src/i2c.o
                0x08001a98                MX_I2C2_Init
 .text.HAL_I2C_MspInit
                0x08001b18      0x1c4 ./Core/Src/i2c.o
                0x08001b18                HAL_I2C_MspInit
 .text.lcdInit  0x08001cdc      0x174 ./Core/Src/lcd_hd44780_i2c.o
                0x08001cdc                lcdInit
 .text.lcdCommand
                0x08001e50      0x1c8 ./Core/Src/lcd_hd44780_i2c.o
                0x08001e50                lcdCommand
 .text.lcdWriteByte
                0x08002018       0xf8 ./Core/Src/lcd_hd44780_i2c.o
 .text.main     0x08002110      0x100 ./Core/Src/main.o
                0x08002110                main
 .text.SystemClock_Config
                0x08002210       0x96 ./Core/Src/main.o
                0x08002210                SystemClock_Config
 *fill*         0x080022a6        0x2 
 .text.HAL_TIM_PeriodElapsedCallback
                0x080022a8       0x8c ./Core/Src/main.o
                0x080022a8                HAL_TIM_PeriodElapsedCallback
 .text.Error_Handler
                0x08002334        0xc ./Core/Src/main.o
                0x08002334                Error_Handler
 .text.vMotorInit
                0x08002340       0x68 ./Core/Src/motor.o
                0x08002340                vMotorInit
 .text.vSetRodasDC
                0x080023a8       0xb4 ./Core/Src/motor.o
                0x080023a8                vSetRodasDC
 .text.vPidInit
                0x0800245c       0x78 ./Core/Src/pid.o
                0x0800245c                vPidInit
 *fill*         0x080024d4        0x4 
 .text.fPidUpdateData
                0x080024d8      0x16c ./Core/Src/pid.o
                0x080024d8                fPidUpdateData
 .text.vPidInit2
                0x08002644       0x78 ./Core/Src/pid.o
                0x08002644                vPidInit2
 *fill*         0x080026bc        0x4 
 .text.fPidUpdateData2
                0x080026c0      0x16c ./Core/Src/pid.o
                0x080026c0                fPidUpdateData2
 .text.ajustaVelocidadeRodas
                0x0800282c       0x90 ./Core/Src/pid.o
                0x0800282c                ajustaVelocidadeRodas
 .text.vLineSensor1Init
                0x080028bc       0x38 ./Core/Src/sensorLinha.o
                0x080028bc                vLineSensor1Init
 .text.vLineSensor2Init
                0x080028f4       0x38 ./Core/Src/sensorLinha.o
                0x080028f4                vLineSensor2Init
 .text.vLineSensor3Init
                0x0800292c       0x38 ./Core/Src/sensorLinha.o
                0x0800292c                vLineSensor3Init
 .text.vLineSensor4Init
                0x08002964       0x38 ./Core/Src/sensorLinha.o
                0x08002964                vLineSensor4Init
 .text.vLineSensor5Init
                0x0800299c       0x38 ./Core/Src/sensorLinha.o
                0x0800299c                vLineSensor5Init
 .text.fLineSensorCalculatePosition
                0x080029d4      0x148 ./Core/Src/sensorLinha.o
                0x080029d4                fLineSensorCalculatePosition
 .text.vLineSensorPIDControl
                0x08002b1c      0x1f0 ./Core/Src/sensorLinha.o
                0x08002b1c                vLineSensorPIDControl
 .text.HAL_MspInit
                0x08002d0c       0x48 ./Core/Src/stm32g4xx_hal_msp.o
                0x08002d0c                HAL_MspInit
 .text.NMI_Handler
                0x08002d54        0x8 ./Core/Src/stm32g4xx_it.o
                0x08002d54                NMI_Handler
 .text.HardFault_Handler
                0x08002d5c        0x8 ./Core/Src/stm32g4xx_it.o
                0x08002d5c                HardFault_Handler
 .text.MemManage_Handler
                0x08002d64        0x8 ./Core/Src/stm32g4xx_it.o
                0x08002d64                MemManage_Handler
 .text.BusFault_Handler
                0x08002d6c        0x8 ./Core/Src/stm32g4xx_it.o
                0x08002d6c                BusFault_Handler
 .text.UsageFault_Handler
                0x08002d74        0x8 ./Core/Src/stm32g4xx_it.o
                0x08002d74                UsageFault_Handler
 .text.SVC_Handler
                0x08002d7c        0xe ./Core/Src/stm32g4xx_it.o
                0x08002d7c                SVC_Handler
 .text.DebugMon_Handler
                0x08002d8a        0xe ./Core/Src/stm32g4xx_it.o
                0x08002d8a                DebugMon_Handler
 .text.PendSV_Handler
                0x08002d98        0xe ./Core/Src/stm32g4xx_it.o
                0x08002d98                PendSV_Handler
 .text.SysTick_Handler
                0x08002da6        0xc ./Core/Src/stm32g4xx_it.o
                0x08002da6                SysTick_Handler
 *fill*         0x08002db2        0x2 
 .text.DMA1_Channel6_IRQHandler
                0x08002db4       0x14 ./Core/Src/stm32g4xx_it.o
                0x08002db4                DMA1_Channel6_IRQHandler
 .text.DMA1_Channel7_IRQHandler
                0x08002dc8       0x14 ./Core/Src/stm32g4xx_it.o
                0x08002dc8                DMA1_Channel7_IRQHandler
 .text.TIM1_BRK_TIM15_IRQHandler
                0x08002ddc       0x1c ./Core/Src/stm32g4xx_it.o
                0x08002ddc                TIM1_BRK_TIM15_IRQHandler
 .text.TIM1_UP_TIM16_IRQHandler
                0x08002df8       0x1c ./Core/Src/stm32g4xx_it.o
                0x08002df8                TIM1_UP_TIM16_IRQHandler
 .text.TIM1_TRG_COM_TIM17_IRQHandler
                0x08002e14       0x1c ./Core/Src/stm32g4xx_it.o
                0x08002e14                TIM1_TRG_COM_TIM17_IRQHandler
 .text.TIM2_IRQHandler
                0x08002e30       0x14 ./Core/Src/stm32g4xx_it.o
                0x08002e30                TIM2_IRQHandler
 .text.TIM3_IRQHandler
                0x08002e44       0x14 ./Core/Src/stm32g4xx_it.o
                0x08002e44                TIM3_IRQHandler
 .text.I2C2_EV_IRQHandler
                0x08002e58       0x14 ./Core/Src/stm32g4xx_it.o
                0x08002e58                I2C2_EV_IRQHandler
 .text.I2C2_ER_IRQHandler
                0x08002e6c       0x14 ./Core/Src/stm32g4xx_it.o
                0x08002e6c                I2C2_ER_IRQHandler
 .text.EXTI15_10_IRQHandler
                0x08002e80       0x10 ./Core/Src/stm32g4xx_it.o
                0x08002e80                EXTI15_10_IRQHandler
 .text.SystemInit
                0x08002e90       0x24 ./Core/Src/system_stm32g4xx.o
                0x08002e90                SystemInit
 .text.MX_TIM1_Init
                0x08002eb4      0x178 ./Core/Src/tim.o
                0x08002eb4                MX_TIM1_Init
 .text.MX_TIM2_Init
                0x0800302c       0x9c ./Core/Src/tim.o
                0x0800302c                MX_TIM2_Init
 .text.MX_TIM3_Init
                0x080030c8       0x9c ./Core/Src/tim.o
                0x080030c8                MX_TIM3_Init
 .text.MX_TIM6_Init
                0x08003164       0x6c ./Core/Src/tim.o
                0x08003164                MX_TIM6_Init
 .text.MX_TIM15_Init
                0x080031d0       0xa4 ./Core/Src/tim.o
                0x080031d0                MX_TIM15_Init
 .text.MX_TIM16_Init
                0x08003274       0x98 ./Core/Src/tim.o
                0x08003274                MX_TIM16_Init
 .text.MX_TIM17_Init
                0x0800330c       0x98 ./Core/Src/tim.o
                0x0800330c                MX_TIM17_Init
 .text.HAL_TIM_Base_MspInit
                0x080033a4      0x22c ./Core/Src/tim.o
                0x080033a4                HAL_TIM_Base_MspInit
 .text.HAL_TIM_MspPostInit
                0x080035d0       0x70 ./Core/Src/tim.o
                0x080035d0                HAL_TIM_MspPostInit
 .text.MX_LPUART1_UART_Init
                0x08003640       0x94 ./Core/Src/usart.o
                0x08003640                MX_LPUART1_UART_Init
 .text.HAL_UART_MspInit
                0x080036d4       0xb0 ./Core/Src/usart.o
                0x080036d4                HAL_UART_MspInit
 .text.Reset_Handler
                0x08003784       0x50 ./Core/Startup/startup_stm32g474retx.o
                0x08003784                Reset_Handler
 .text.Default_Handler
                0x080037d4        0x2 ./Core/Startup/startup_stm32g474retx.o
                0x080037d4                RTC_Alarm_IRQHandler
                0x080037d4                EXTI2_IRQHandler
                0x080037d4                TIM8_TRG_COM_IRQHandler
                0x080037d4                TIM8_CC_IRQHandler
                0x080037d4                HRTIM1_Master_IRQHandler
                0x080037d4                SPI4_IRQHandler
                0x080037d4                FDCAN3_IT0_IRQHandler
                0x080037d4                TIM1_CC_IRQHandler
                0x080037d4                HRTIM1_FLT_IRQHandler
                0x080037d4                HRTIM1_TIMF_IRQHandler
                0x080037d4                USB_HP_IRQHandler
                0x080037d4                CORDIC_IRQHandler
                0x080037d4                HRTIM1_TIMD_IRQHandler
                0x080037d4                DMA2_Channel8_IRQHandler
                0x080037d4                EXTI3_IRQHandler
                0x080037d4                I2C3_ER_IRQHandler
                0x080037d4                EXTI0_IRQHandler
                0x080037d4                FPU_IRQHandler
                0x080037d4                FDCAN1_IT1_IRQHandler
                0x080037d4                ADC1_2_IRQHandler
                0x080037d4                HRTIM1_TIME_IRQHandler
                0x080037d4                SPI1_IRQHandler
                0x080037d4                TIM6_DAC_IRQHandler
                0x080037d4                HRTIM1_TIMC_IRQHandler
                0x080037d4                TIM8_UP_IRQHandler
                0x080037d4                DMA2_Channel2_IRQHandler
                0x080037d4                DMA1_Channel4_IRQHandler
                0x080037d4                TIM20_TRG_COM_IRQHandler
                0x080037d4                USART3_IRQHandler
                0x080037d4                UART5_IRQHandler
                0x080037d4                ADC3_IRQHandler
                0x080037d4                TIM4_IRQHandler
                0x080037d4                DMA2_Channel1_IRQHandler
                0x080037d4                QUADSPI_IRQHandler
                0x080037d4                I2C1_EV_IRQHandler
                0x080037d4                UART4_IRQHandler
                0x080037d4                DMA2_Channel4_IRQHandler
                0x080037d4                RCC_IRQHandler
                0x080037d4                TIM20_UP_IRQHandler
                0x080037d4                DMA1_Channel1_IRQHandler
                0x080037d4                Default_Handler
                0x080037d4                DMA2_Channel7_IRQHandler
                0x080037d4                RTC_TAMP_LSECSS_IRQHandler
                0x080037d4                FMAC_IRQHandler
                0x080037d4                DMA1_Channel8_IRQHandler
                0x080037d4                HRTIM1_TIMA_IRQHandler
                0x080037d4                TIM7_DAC_IRQHandler
                0x080037d4                FDCAN3_IT1_IRQHandler
                0x080037d4                TIM5_IRQHandler
                0x080037d4                UCPD1_IRQHandler
                0x080037d4                I2C3_EV_IRQHandler
                0x080037d4                EXTI9_5_IRQHandler
                0x080037d4                RTC_WKUP_IRQHandler
                0x080037d4                PVD_PVM_IRQHandler
                0x080037d4                SPI2_IRQHandler
                0x080037d4                ADC5_IRQHandler
                0x080037d4                DMA2_Channel5_IRQHandler
                0x080037d4                CRS_IRQHandler
                0x080037d4                DMA1_Channel5_IRQHandler
                0x080037d4                USB_LP_IRQHandler
                0x080037d4                EXTI4_IRQHandler
                0x080037d4                RNG_IRQHandler
                0x080037d4                HRTIM1_TIMB_IRQHandler
                0x080037d4                FDCAN2_IT1_IRQHandler
                0x080037d4                DMA1_Channel3_IRQHandler
                0x080037d4                ADC4_IRQHandler
                0x080037d4                WWDG_IRQHandler
                0x080037d4                I2C4_EV_IRQHandler
                0x080037d4                FDCAN2_IT0_IRQHandler
                0x080037d4                LPUART1_IRQHandler
                0x080037d4                DMA2_Channel6_IRQHandler
                0x080037d4                FDCAN1_IT0_IRQHandler
                0x080037d4                COMP7_IRQHandler
                0x080037d4                COMP1_2_3_IRQHandler
                0x080037d4                EXTI1_IRQHandler
                0x080037d4                USART2_IRQHandler
                0x080037d4                COMP4_5_6_IRQHandler
                0x080037d4                TIM20_BRK_IRQHandler
                0x080037d4                DMA1_Channel2_IRQHandler
                0x080037d4                TIM8_BRK_IRQHandler
                0x080037d4                FLASH_IRQHandler
                0x080037d4                TIM20_CC_IRQHandler
                0x080037d4                USART1_IRQHandler
                0x080037d4                SPI3_IRQHandler
                0x080037d4                I2C1_ER_IRQHandler
                0x080037d4                FMC_IRQHandler
                0x080037d4                LPTIM1_IRQHandler
                0x080037d4                DMAMUX_OVR_IRQHandler
                0x080037d4                I2C4_ER_IRQHandler
                0x080037d4                USBWakeUp_IRQHandler
                0x080037d4                SAI1_IRQHandler
                0x080037d4                DMA2_Channel3_IRQHandler
 .text.HAL_Init
                0x080037d6       0x30 ./Drivers/STM32G4xx_HAL_Driver/Src/stm32g4xx_hal.o
                0x080037d6                HAL_Init
 *fill*         0x08003806        0x2 
 .text.HAL_InitTick
                0x08003808       0x74 ./Drivers/STM32G4xx_HAL_Driver/Src/stm32g4xx_hal.o
                0x08003808                HAL_InitTick
 .text.HAL_IncTick
                0x0800387c       0x24 ./Drivers/STM32G4xx_HAL_Driver/Src/stm32g4xx_hal.o
                0x0800387c                HAL_IncTick
 .text.HAL_GetTick
                0x080038a0       0x18 ./Drivers/STM32G4xx_HAL_Driver/Src/stm32g4xx_hal.o
                0x080038a0                HAL_GetTick
 .text.HAL_Delay
                0x080038b8       0x44 ./Drivers/STM32G4xx_HAL_Driver/Src/stm32g4xx_hal.o
                0x080038b8                HAL_Delay
 .text.LL_ADC_SetCommonClock
                0x080038fc       0x26 ./Drivers/STM32G4xx_HAL_Driver/Src/stm32g4xx_hal_adc.o
 .text.LL_ADC_SetCommonPathInternalCh
                0x08003922       0x26 ./Drivers/STM32G4xx_HAL_Driver/Src/stm32g4xx_hal_adc.o
 .text.LL_ADC_GetCommonPathInternalCh
                0x08003948       0x1c ./Drivers/STM32G4xx_HAL_Driver/Src/stm32g4xx_hal_adc.o
 .text.LL_ADC_SetOffset
                0x08003964       0x48 ./Drivers/STM32G4xx_HAL_Driver/Src/stm32g4xx_hal_adc.o
 .text.LL_ADC_GetOffsetChannel
                0x080039ac       0x2c ./Drivers/STM32G4xx_HAL_Driver/Src/stm32g4xx_hal_adc.o
 .text.LL_ADC_SetOffsetState
                0x080039d8       0x36 ./Drivers/STM32G4xx_HAL_Driver/Src/stm32g4xx_hal_adc.o
 .text.LL_ADC_SetOffsetSign
                0x08003a0e       0x36 ./Drivers/STM32G4xx_HAL_Driver/Src/stm32g4xx_hal_adc.o
 .text.LL_ADC_SetOffsetSaturation
                0x08003a44       0x36 ./Drivers/STM32G4xx_HAL_Driver/Src/stm32g4xx_hal_adc.o
 .text.LL_ADC_SetSamplingTimeCommonConfig
                0x08003a7a       0x26 ./Drivers/STM32G4xx_HAL_Driver/Src/stm32g4xx_hal_adc.o
 .text.LL_ADC_REG_IsTriggerSourceSWStart
                0x08003aa0       0x26 ./Drivers/STM32G4xx_HAL_Driver/Src/stm32g4xx_hal_adc.o
 .text.LL_ADC_REG_SetSequencerRanks
                0x08003ac6       0x58 ./Drivers/STM32G4xx_HAL_Driver/Src/stm32g4xx_hal_adc.o
 .text.LL_ADC_SetChannelSamplingTime
                0x08003b1e       0x56 ./Drivers/STM32G4xx_HAL_Driver/Src/stm32g4xx_hal_adc.o
 .text.LL_ADC_SetChannelSingleDiff
                0x08003b74       0x48 ./Drivers/STM32G4xx_HAL_Driver/Src/stm32g4xx_hal_adc.o
 .text.LL_ADC_GetMultimode
                0x08003bbc       0x1c ./Drivers/STM32G4xx_HAL_Driver/Src/stm32g4xx_hal_adc.o
 .text.LL_ADC_DisableDeepPowerDown
                0x08003bd8       0x24 ./Drivers/STM32G4xx_HAL_Driver/Src/stm32g4xx_hal_adc.o
 .text.LL_ADC_IsDeepPowerDownEnabled
                0x08003bfc       0x28 ./Drivers/STM32G4xx_HAL_Driver/Src/stm32g4xx_hal_adc.o
 .text.LL_ADC_EnableInternalRegulator
                0x08003c24       0x28 ./Drivers/STM32G4xx_HAL_Driver/Src/stm32g4xx_hal_adc.o
 .text.LL_ADC_IsInternalRegulatorEnabled
                0x08003c4c       0x28 ./Drivers/STM32G4xx_HAL_Driver/Src/stm32g4xx_hal_adc.o
 .text.LL_ADC_Enable
                0x08003c74       0x28 ./Drivers/STM32G4xx_HAL_Driver/Src/stm32g4xx_hal_adc.o
 .text.LL_ADC_Disable
                0x08003c9c       0x28 ./Drivers/STM32G4xx_HAL_Driver/Src/stm32g4xx_hal_adc.o
 .text.LL_ADC_IsEnabled
                0x08003cc4       0x26 ./Drivers/STM32G4xx_HAL_Driver/Src/stm32g4xx_hal_adc.o
 .text.LL_ADC_IsDisableOngoing
                0x08003cea       0x26 ./Drivers/STM32G4xx_HAL_Driver/Src/stm32g4xx_hal_adc.o
 .text.LL_ADC_REG_StartConversion
                0x08003d10       0x28 ./Drivers/STM32G4xx_HAL_Driver/Src/stm32g4xx_hal_adc.o
 .text.LL_ADC_REG_IsConversionOngoing
                0x08003d38       0x26 ./Drivers/STM32G4xx_HAL_Driver/Src/stm32g4xx_hal_adc.o
 .text.LL_ADC_INJ_IsConversionOngoing
                0x08003d5e       0x26 ./Drivers/STM32G4xx_HAL_Driver/Src/stm32g4xx_hal_adc.o
 .text.HAL_ADC_Init
                0x08003d84      0x378 ./Drivers/STM32G4xx_HAL_Driver/Src/stm32g4xx_hal_adc.o
                0x08003d84                HAL_ADC_Init
 .text.HAL_ADC_Start_DMA
                0x080040fc      0x1a8 ./Drivers/STM32G4xx_HAL_Driver/Src/stm32g4xx_hal_adc.o
                0x080040fc                HAL_ADC_Start_DMA
 .text.HAL_ADC_ConvCpltCallback
                0x080042a4       0x14 ./Drivers/STM32G4xx_HAL_Driver/Src/stm32g4xx_hal_adc.o
                0x080042a4                HAL_ADC_ConvCpltCallback
 .text.HAL_ADC_ConvHalfCpltCallback
                0x080042b8       0x14 ./Drivers/STM32G4xx_HAL_Driver/Src/stm32g4xx_hal_adc.o
                0x080042b8                HAL_ADC_ConvHalfCpltCallback
 .text.HAL_ADC_ErrorCallback
                0x080042cc       0x14 ./Drivers/STM32G4xx_HAL_Driver/Src/stm32g4xx_hal_adc.o
                0x080042cc                HAL_ADC_ErrorCallback
 .text.HAL_ADC_ConfigChannel
                0x080042e0      0x880 ./Drivers/STM32G4xx_HAL_Driver/Src/stm32g4xx_hal_adc.o
                0x080042e0                HAL_ADC_ConfigChannel
 .text.ADC_Enable
                0x08004b60      0x12c ./Drivers/STM32G4xx_HAL_Driver/Src/stm32g4xx_hal_adc.o
                0x08004b60                ADC_Enable
 .text.ADC_Disable
                0x08004c8c       0xbe ./Drivers/STM32G4xx_HAL_Driver/Src/stm32g4xx_hal_adc.o
                0x08004c8c                ADC_Disable
 .text.ADC_DMAConvCplt
                0x08004d4a       0xd8 ./Drivers/STM32G4xx_HAL_Driver/Src/stm32g4xx_hal_adc.o
                0x08004d4a                ADC_DMAConvCplt
 .text.ADC_DMAHalfConvCplt
                0x08004e22       0x1c ./Drivers/STM32G4xx_HAL_Driver/Src/stm32g4xx_hal_adc.o
                0x08004e22                ADC_DMAHalfConvCplt
 .text.ADC_DMAError
                0x08004e3e       0x34 ./Drivers/STM32G4xx_HAL_Driver/Src/stm32g4xx_hal_adc.o
                0x08004e3e                ADC_DMAError
 .text.LL_ADC_IsEnabled
                0x08004e72       0x26 ./Drivers/STM32G4xx_HAL_Driver/Src/stm32g4xx_hal_adc_ex.o
 .text.LL_ADC_StartCalibration
                0x08004e98       0x32 ./Drivers/STM32G4xx_HAL_Driver/Src/stm32g4xx_hal_adc_ex.o
 .text.LL_ADC_IsCalibrationOnGoing
                0x08004eca       0x28 ./Drivers/STM32G4xx_HAL_Driver/Src/stm32g4xx_hal_adc_ex.o
 .text.LL_ADC_REG_IsConversionOngoing
                0x08004ef2       0x26 ./Drivers/STM32G4xx_HAL_Driver/Src/stm32g4xx_hal_adc_ex.o
 .text.HAL_ADCEx_Calibration_Start
                0x08004f18       0xc4 ./Drivers/STM32G4xx_HAL_Driver/Src/stm32g4xx_hal_adc_ex.o
                0x08004f18                HAL_ADCEx_Calibration_Start
 .text.HAL_ADCEx_MultiModeConfigChannel
                0x08004fdc      0x210 ./Drivers/STM32G4xx_HAL_Driver/Src/stm32g4xx_hal_adc_ex.o
                0x08004fdc                HAL_ADCEx_MultiModeConfigChannel
 .text.__NVIC_SetPriorityGrouping
                0x080051ec       0x48 ./Drivers/STM32G4xx_HAL_Driver/Src/stm32g4xx_hal_cortex.o
 .text.__NVIC_GetPriorityGrouping
                0x08005234       0x1c ./Drivers/STM32G4xx_HAL_Driver/Src/stm32g4xx_hal_cortex.o
 .text.__NVIC_EnableIRQ
                0x08005250       0x3c ./Drivers/STM32G4xx_HAL_Driver/Src/stm32g4xx_hal_cortex.o
 .text.__NVIC_SetPriority
                0x0800528c       0x54 ./Drivers/STM32G4xx_HAL_Driver/Src/stm32g4xx_hal_cortex.o
 .text.NVIC_EncodePriority
                0x080052e0       0x66 ./Drivers/STM32G4xx_HAL_Driver/Src/stm32g4xx_hal_cortex.o
 *fill*         0x08005346        0x2 
 .text.SysTick_Config
                0x08005348       0x44 ./Drivers/STM32G4xx_HAL_Driver/Src/stm32g4xx_hal_cortex.o
 .text.HAL_NVIC_SetPriorityGrouping
                0x0800538c       0x16 ./Drivers/STM32G4xx_HAL_Driver/Src/stm32g4xx_hal_cortex.o
                0x0800538c                HAL_NVIC_SetPriorityGrouping
 .text.HAL_NVIC_SetPriority
                0x080053a2       0x34 ./Drivers/STM32G4xx_HAL_Driver/Src/stm32g4xx_hal_cortex.o
                0x080053a2                HAL_NVIC_SetPriority
 .text.HAL_NVIC_EnableIRQ
                0x080053d6       0x1c ./Drivers/STM32G4xx_HAL_Driver/Src/stm32g4xx_hal_cortex.o
                0x080053d6                HAL_NVIC_EnableIRQ
 .text.HAL_SYSTICK_Config
                0x080053f2       0x18 ./Drivers/STM32G4xx_HAL_Driver/Src/stm32g4xx_hal_cortex.o
                0x080053f2                HAL_SYSTICK_Config
 *fill*         0x0800540a        0x2 
 .text.HAL_DMA_Init
                0x0800540c      0x150 ./Drivers/STM32G4xx_HAL_Driver/Src/stm32g4xx_hal_dma.o
                0x0800540c                HAL_DMA_Init
 .text.HAL_DMA_Start_IT
                0x0800555c       0xf6 ./Drivers/STM32G4xx_HAL_Driver/Src/stm32g4xx_hal_dma.o
                0x0800555c                HAL_DMA_Start_IT
 .text.HAL_DMA_Abort_IT
                0x08005652       0xce ./Drivers/STM32G4xx_HAL_Driver/Src/stm32g4xx_hal_dma.o
                0x08005652                HAL_DMA_Abort_IT
 .text.HAL_DMA_IRQHandler
                0x08005720      0x15e ./Drivers/STM32G4xx_HAL_Driver/Src/stm32g4xx_hal_dma.o
                0x08005720                HAL_DMA_IRQHandler
 .text.HAL_DMA_GetState
                0x0800587e       0x1c ./Drivers/STM32G4xx_HAL_Driver/Src/stm32g4xx_hal_dma.o
                0x0800587e                HAL_DMA_GetState
 .text.DMA_SetConfig
                0x0800589a       0x7c ./Drivers/STM32G4xx_HAL_Driver/Src/stm32g4xx_hal_dma.o
 *fill*         0x08005916        0x2 
 .text.DMA_CalcDMAMUXChannelBaseAndMask
                0x08005918       0x7c ./Drivers/STM32G4xx_HAL_Driver/Src/stm32g4xx_hal_dma.o
 .text.DMA_CalcDMAMUXRequestGenBaseAndMask
                0x08005994       0x48 ./Drivers/STM32G4xx_HAL_Driver/Src/stm32g4xx_hal_dma.o
 .text.HAL_GPIO_Init
                0x080059dc      0x304 ./Drivers/STM32G4xx_HAL_Driver/Src/stm32g4xx_hal_gpio.o
                0x080059dc                HAL_GPIO_Init
 .text.HAL_GPIO_WritePin
                0x08005ce0       0x30 ./Drivers/STM32G4xx_HAL_Driver/Src/stm32g4xx_hal_gpio.o
                0x08005ce0                HAL_GPIO_WritePin
 .text.HAL_GPIO_EXTI_IRQHandler
                0x08005d10       0x30 ./Drivers/STM32G4xx_HAL_Driver/Src/stm32g4xx_hal_gpio.o
                0x08005d10                HAL_GPIO_EXTI_IRQHandler
 .text.HAL_GPIO_EXTI_Callback
                0x08005d40       0x16 ./Drivers/STM32G4xx_HAL_Driver/Src/stm32g4xx_hal_gpio.o
                0x08005d40                HAL_GPIO_EXTI_Callback
 .text.HAL_I2C_Init
                0x08005d56      0x136 ./Drivers/STM32G4xx_HAL_Driver/Src/stm32g4xx_hal_i2c.o
                0x08005d56                HAL_I2C_Init
 .text.HAL_I2C_Master_Transmit_DMA
                0x08005e8c      0x228 ./Drivers/STM32G4xx_HAL_Driver/Src/stm32g4xx_hal_i2c.o
                0x08005e8c                HAL_I2C_Master_Transmit_DMA
 .text.HAL_I2C_EV_IRQHandler
                0x080060b4       0x34 ./Drivers/STM32G4xx_HAL_Driver/Src/stm32g4xx_hal_i2c.o
                0x080060b4                HAL_I2C_EV_IRQHandler
 .text.HAL_I2C_ER_IRQHandler
                0x080060e8       0xb6 ./Drivers/STM32G4xx_HAL_Driver/Src/stm32g4xx_hal_i2c.o
                0x080060e8                HAL_I2C_ER_IRQHandler
 .text.HAL_I2C_MasterTxCpltCallback
                0x0800619e       0x14 ./Drivers/STM32G4xx_HAL_Driver/Src/stm32g4xx_hal_i2c.o
                0x0800619e                HAL_I2C_MasterTxCpltCallback
 .text.HAL_I2C_MasterRxCpltCallback
                0x080061b2       0x14 ./Drivers/STM32G4xx_HAL_Driver/Src/stm32g4xx_hal_i2c.o
                0x080061b2                HAL_I2C_MasterRxCpltCallback
 .text.HAL_I2C_SlaveTxCpltCallback
                0x080061c6       0x14 ./Drivers/STM32G4xx_HAL_Driver/Src/stm32g4xx_hal_i2c.o
                0x080061c6                HAL_I2C_SlaveTxCpltCallback
 .text.HAL_I2C_SlaveRxCpltCallback
                0x080061da       0x14 ./Drivers/STM32G4xx_HAL_Driver/Src/stm32g4xx_hal_i2c.o
                0x080061da                HAL_I2C_SlaveRxCpltCallback
 .text.HAL_I2C_AddrCallback
                0x080061ee       0x1c ./Drivers/STM32G4xx_HAL_Driver/Src/stm32g4xx_hal_i2c.o
                0x080061ee                HAL_I2C_AddrCallback
 .text.HAL_I2C_ListenCpltCallback
                0x0800620a       0x14 ./Drivers/STM32G4xx_HAL_Driver/Src/stm32g4xx_hal_i2c.o
                0x0800620a                HAL_I2C_ListenCpltCallback
 .text.HAL_I2C_MemTxCpltCallback
                0x0800621e       0x14 ./Drivers/STM32G4xx_HAL_Driver/Src/stm32g4xx_hal_i2c.o
                0x0800621e                HAL_I2C_MemTxCpltCallback
 .text.HAL_I2C_MemRxCpltCallback
                0x08006232       0x14 ./Drivers/STM32G4xx_HAL_Driver/Src/stm32g4xx_hal_i2c.o
                0x08006232                HAL_I2C_MemRxCpltCallback
 .text.HAL_I2C_ErrorCallback
                0x08006246       0x14 ./Drivers/STM32G4xx_HAL_Driver/Src/stm32g4xx_hal_i2c.o
                0x08006246                HAL_I2C_ErrorCallback
 .text.HAL_I2C_AbortCpltCallback
                0x0800625a       0x14 ./Drivers/STM32G4xx_HAL_Driver/Src/stm32g4xx_hal_i2c.o
                0x0800625a                HAL_I2C_AbortCpltCallback
 .text.HAL_I2C_GetState
                0x0800626e       0x1c ./Drivers/STM32G4xx_HAL_Driver/Src/stm32g4xx_hal_i2c.o
                0x0800626e                HAL_I2C_GetState
 .text.I2C_Master_ISR_IT
                0x0800628a      0x24e ./Drivers/STM32G4xx_HAL_Driver/Src/stm32g4xx_hal_i2c.o
 .text.I2C_Slave_ISR_IT
                0x080064d8      0x1f2 ./Drivers/STM32G4xx_HAL_Driver/Src/stm32g4xx_hal_i2c.o
 .text.I2C_Master_ISR_DMA
                0x080066ca      0x1d6 ./Drivers/STM32G4xx_HAL_Driver/Src/stm32g4xx_hal_i2c.o
 .text.I2C_Mem_ISR_DMA
                0x080068a0      0x24c ./Drivers/STM32G4xx_HAL_Driver/Src/stm32g4xx_hal_i2c.o
 .text.I2C_Slave_ISR_DMA
                0x08006aec      0x1ae ./Drivers/STM32G4xx_HAL_Driver/Src/stm32g4xx_hal_i2c.o
 .text.I2C_ITAddrCplt
                0x08006c9a      0x108 ./Drivers/STM32G4xx_HAL_Driver/Src/stm32g4xx_hal_i2c.o
 .text.I2C_ITMasterSeqCplt
                0x08006da2       0x7a ./Drivers/STM32G4xx_HAL_Driver/Src/stm32g4xx_hal_i2c.o
 .text.I2C_ITSlaveSeqCplt
                0x08006e1c       0xb8 ./Drivers/STM32G4xx_HAL_Driver/Src/stm32g4xx_hal_i2c.o
 .text.I2C_ITMasterCplt
                0x08006ed4      0x190 ./Drivers/STM32G4xx_HAL_Driver/Src/stm32g4xx_hal_i2c.o
 .text.I2C_ITSlaveCplt
                0x08007064      0x2c8 ./Drivers/STM32G4xx_HAL_Driver/Src/stm32g4xx_hal_i2c.o
 .text.I2C_ITListenCplt
                0x0800732c       0xa8 ./Drivers/STM32G4xx_HAL_Driver/Src/stm32g4xx_hal_i2c.o
 .text.I2C_ITError
                0x080073d4      0x1e0 ./Drivers/STM32G4xx_HAL_Driver/Src/stm32g4xx_hal_i2c.o
 .text.I2C_TreatErrorCallback
                0x080075b4       0x4e ./Drivers/STM32G4xx_HAL_Driver/Src/stm32g4xx_hal_i2c.o
 .text.I2C_Flush_TXDR
                0x08007602       0x48 ./Drivers/STM32G4xx_HAL_Driver/Src/stm32g4xx_hal_i2c.o
 .text.I2C_DMAMasterTransmitCplt
                0x0800764a       0x96 ./Drivers/STM32G4xx_HAL_Driver/Src/stm32g4xx_hal_i2c.o
 .text.I2C_DMAError
                0x080076e0       0x2e ./Drivers/STM32G4xx_HAL_Driver/Src/stm32g4xx_hal_i2c.o
 .text.I2C_DMAAbort
                0x0800770e       0x3c ./Drivers/STM32G4xx_HAL_Driver/Src/stm32g4xx_hal_i2c.o
 *fill*         0x0800774a        0x2 
 .text.I2C_TransferConfig
                0x0800774c       0x64 ./Drivers/STM32G4xx_HAL_Driver/Src/stm32g4xx_hal_i2c.o
 .text.I2C_Enable_IRQ
                0x080077b0      0x108 ./Drivers/STM32G4xx_HAL_Driver/Src/stm32g4xx_hal_i2c.o
 .text.I2C_Disable_IRQ
                0x080078b8       0xbc ./Drivers/STM32G4xx_HAL_Driver/Src/stm32g4xx_hal_i2c.o
 .text.HAL_I2CEx_ConfigAnalogFilter
                0x08007974       0x96 ./Drivers/STM32G4xx_HAL_Driver/Src/stm32g4xx_hal_i2c_ex.o
                0x08007974                HAL_I2CEx_ConfigAnalogFilter
 .text.HAL_I2CEx_ConfigDigitalFilter
                0x08007a0a       0x98 ./Drivers/STM32G4xx_HAL_Driver/Src/stm32g4xx_hal_i2c_ex.o
                0x08007a0a                HAL_I2CEx_ConfigDigitalFilter
 *fill*         0x08007aa2        0x2 
 .text.HAL_PWREx_ControlVoltageScaling
                0x08007aa4      0x148 ./Drivers/STM32G4xx_HAL_Driver/Src/stm32g4xx_hal_pwr_ex.o
                0x08007aa4                HAL_PWREx_ControlVoltageScaling
 .text.HAL_PWREx_DisableUCPDDeadBattery
                0x08007bec       0x20 ./Drivers/STM32G4xx_HAL_Driver/Src/stm32g4xx_hal_pwr_ex.o
                0x08007bec                HAL_PWREx_DisableUCPDDeadBattery
 .text.HAL_RCC_OscConfig
                0x08007c0c      0x624 ./Drivers/STM32G4xx_HAL_Driver/Src/stm32g4xx_hal_rcc.o
                0x08007c0c                HAL_RCC_OscConfig
 .text.HAL_RCC_ClockConfig
                0x08008230      0x278 ./Drivers/STM32G4xx_HAL_Driver/Src/stm32g4xx_hal_rcc.o
                0x08008230                HAL_RCC_ClockConfig
 .text.HAL_RCC_GetSysClockFreq
                0x080084a8       0xc4 ./Drivers/STM32G4xx_HAL_Driver/Src/stm32g4xx_hal_rcc.o
                0x080084a8                HAL_RCC_GetSysClockFreq
 .text.HAL_RCC_GetHCLKFreq
                0x0800856c       0x18 ./Drivers/STM32G4xx_HAL_Driver/Src/stm32g4xx_hal_rcc.o
                0x0800856c                HAL_RCC_GetHCLKFreq
 .text.HAL_RCC_GetPCLK1Freq
                0x08008584       0x2c ./Drivers/STM32G4xx_HAL_Driver/Src/stm32g4xx_hal_rcc.o
                0x08008584                HAL_RCC_GetPCLK1Freq
 .text.HAL_RCC_GetPCLK2Freq
                0x080085b0       0x2c ./Drivers/STM32G4xx_HAL_Driver/Src/stm32g4xx_hal_rcc.o
                0x080085b0                HAL_RCC_GetPCLK2Freq
 .text.RCC_GetSysClockFreqFromPLLSource
                0x080085dc       0x8c ./Drivers/STM32G4xx_HAL_Driver/Src/stm32g4xx_hal_rcc.o
 .text.HAL_RCCEx_PeriphCLKConfig
                0x08008668      0x49c ./Drivers/STM32G4xx_HAL_Driver/Src/stm32g4xx_hal_rcc_ex.o
                0x08008668                HAL_RCCEx_PeriphCLKConfig
 .text.HAL_TIM_Base_Init
                0x08008b04       0xae ./Drivers/STM32G4xx_HAL_Driver/Src/stm32g4xx_hal_tim.o
                0x08008b04                HAL_TIM_Base_Init
 *fill*         0x08008bb2        0x2 
 .text.HAL_TIM_Base_Start_IT
                0x08008bb4       0xf0 ./Drivers/STM32G4xx_HAL_Driver/Src/stm32g4xx_hal_tim.o
                0x08008bb4                HAL_TIM_Base_Start_IT
 .text.HAL_TIM_PWM_Init
                0x08008ca4       0xae ./Drivers/STM32G4xx_HAL_Driver/Src/stm32g4xx_hal_tim.o
                0x08008ca4                HAL_TIM_PWM_Init
 .text.HAL_TIM_PWM_MspInit
                0x08008d52       0x14 ./Drivers/STM32G4xx_HAL_Driver/Src/stm32g4xx_hal_tim.o
                0x08008d52                HAL_TIM_PWM_MspInit
 *fill*         0x08008d66        0x2 
 .text.HAL_TIM_PWM_Start
                0x08008d68      0x224 ./Drivers/STM32G4xx_HAL_Driver/Src/stm32g4xx_hal_tim.o
                0x08008d68                HAL_TIM_PWM_Start
 .text.HAL_TIM_IC_Init
                0x08008f8c       0xae ./Drivers/STM32G4xx_HAL_Driver/Src/stm32g4xx_hal_tim.o
                0x08008f8c                HAL_TIM_IC_Init
 .text.HAL_TIM_IC_MspInit
                0x0800903a       0x14 ./Drivers/STM32G4xx_HAL_Driver/Src/stm32g4xx_hal_tim.o
                0x0800903a                HAL_TIM_IC_MspInit
 *fill*         0x0800904e        0x2 
 .text.HAL_TIM_IC_Start_IT
                0x08009050      0x2a0 ./Drivers/STM32G4xx_HAL_Driver/Src/stm32g4xx_hal_tim.o
                0x08009050                HAL_TIM_IC_Start_IT
 .text.HAL_TIM_IRQHandler
                0x080092f0      0x29e ./Drivers/STM32G4xx_HAL_Driver/Src/stm32g4xx_hal_tim.o
                0x080092f0                HAL_TIM_IRQHandler
 .text.HAL_TIM_IC_ConfigChannel
                0x0800958e      0x138 ./Drivers/STM32G4xx_HAL_Driver/Src/stm32g4xx_hal_tim.o
                0x0800958e                HAL_TIM_IC_ConfigChannel
 *fill*         0x080096c6        0x2 
 .text.HAL_TIM_PWM_ConfigChannel
                0x080096c8      0x228 ./Drivers/STM32G4xx_HAL_Driver/Src/stm32g4xx_hal_tim.o
                0x080096c8                HAL_TIM_PWM_ConfigChannel
 .text.HAL_TIM_ConfigClockSource
                0x080098f0      0x22c ./Drivers/STM32G4xx_HAL_Driver/Src/stm32g4xx_hal_tim.o
                0x080098f0                HAL_TIM_ConfigClockSource
 .text.HAL_TIM_OC_DelayElapsedCallback
                0x08009b1c       0x14 ./Drivers/STM32G4xx_HAL_Driver/Src/stm32g4xx_hal_tim.o
                0x08009b1c                HAL_TIM_OC_DelayElapsedCallback
 .text.HAL_TIM_PWM_PulseFinishedCallback
                0x08009b30       0x14 ./Drivers/STM32G4xx_HAL_Driver/Src/stm32g4xx_hal_tim.o
                0x08009b30                HAL_TIM_PWM_PulseFinishedCallback
 .text.HAL_TIM_TriggerCallback
                0x08009b44       0x14 ./Drivers/STM32G4xx_HAL_Driver/Src/stm32g4xx_hal_tim.o
                0x08009b44                HAL_TIM_TriggerCallback
 .text.TIM_Base_SetConfig
                0x08009b58      0x168 ./Drivers/STM32G4xx_HAL_Driver/Src/stm32g4xx_hal_tim.o
                0x08009b58                TIM_Base_SetConfig
 .text.TIM_OC1_SetConfig
                0x08009cc0      0x134 ./Drivers/STM32G4xx_HAL_Driver/Src/stm32g4xx_hal_tim.o
 .text.TIM_OC2_SetConfig
                0x08009df4      0x128 ./Drivers/STM32G4xx_HAL_Driver/Src/stm32g4xx_hal_tim.o
                0x08009df4                TIM_OC2_SetConfig
 .text.TIM_OC3_SetConfig
                0x08009f1c      0x124 ./Drivers/STM32G4xx_HAL_Driver/Src/stm32g4xx_hal_tim.o
 .text.TIM_OC4_SetConfig
                0x0800a040      0x128 ./Drivers/STM32G4xx_HAL_Driver/Src/stm32g4xx_hal_tim.o
 .text.TIM_OC5_SetConfig
                0x0800a168       0xd4 ./Drivers/STM32G4xx_HAL_Driver/Src/stm32g4xx_hal_tim.o
 .text.TIM_OC6_SetConfig
                0x0800a23c       0xd8 ./Drivers/STM32G4xx_HAL_Driver/Src/stm32g4xx_hal_tim.o
 .text.TIM_TI1_SetConfig
                0x0800a314       0xe8 ./Drivers/STM32G4xx_HAL_Driver/Src/stm32g4xx_hal_tim.o
                0x0800a314                TIM_TI1_SetConfig
 .text.TIM_TI1_ConfigInputStage
                0x0800a3fc       0x5e ./Drivers/STM32G4xx_HAL_Driver/Src/stm32g4xx_hal_tim.o
 .text.TIM_TI2_SetConfig
                0x0800a45a       0x7a ./Drivers/STM32G4xx_HAL_Driver/Src/stm32g4xx_hal_tim.o
 .text.TIM_TI2_ConfigInputStage
                0x0800a4d4       0x60 ./Drivers/STM32G4xx_HAL_Driver/Src/stm32g4xx_hal_tim.o
 .text.TIM_TI3_SetConfig
                0x0800a534       0x78 ./Drivers/STM32G4xx_HAL_Driver/Src/stm32g4xx_hal_tim.o
 .text.TIM_TI4_SetConfig
                0x0800a5ac       0x7a ./Drivers/STM32G4xx_HAL_Driver/Src/stm32g4xx_hal_tim.o
 .text.TIM_ITRx_SetConfig
                0x0800a626       0x3a ./Drivers/STM32G4xx_HAL_Driver/Src/stm32g4xx_hal_tim.o
 .text.TIM_ETR_SetConfig
                0x0800a660       0x40 ./Drivers/STM32G4xx_HAL_Driver/Src/stm32g4xx_hal_tim.o
                0x0800a660                TIM_ETR_SetConfig
 .text.TIM_CCxChannelCmd
                0x0800a6a0       0x4a ./Drivers/STM32G4xx_HAL_Driver/Src/stm32g4xx_hal_tim.o
                0x0800a6a0                TIM_CCxChannelCmd
 *fill*         0x0800a6ea        0x2 
 .text.HAL_TIMEx_MasterConfigSynchronization
                0x0800a6ec      0x12c ./Drivers/STM32G4xx_HAL_Driver/Src/stm32g4xx_hal_tim_ex.o
                0x0800a6ec                HAL_TIMEx_MasterConfigSynchronization
 .text.HAL_TIMEx_ConfigBreakDeadTime
                0x0800a818      0x128 ./Drivers/STM32G4xx_HAL_Driver/Src/stm32g4xx_hal_tim_ex.o
                0x0800a818                HAL_TIMEx_ConfigBreakDeadTime
 .text.HAL_TIMEx_CommutCallback
                0x0800a940       0x14 ./Drivers/STM32G4xx_HAL_Driver/Src/stm32g4xx_hal_tim_ex.o
                0x0800a940                HAL_TIMEx_CommutCallback
 .text.HAL_TIMEx_BreakCallback
                0x0800a954       0x14 ./Drivers/STM32G4xx_HAL_Driver/Src/stm32g4xx_hal_tim_ex.o
                0x0800a954                HAL_TIMEx_BreakCallback
 .text.HAL_TIMEx_Break2Callback
                0x0800a968       0x14 ./Drivers/STM32G4xx_HAL_Driver/Src/stm32g4xx_hal_tim_ex.o
                0x0800a968                HAL_TIMEx_Break2Callback
 .text.HAL_TIMEx_EncoderIndexCallback
                0x0800a97c       0x14 ./Drivers/STM32G4xx_HAL_Driver/Src/stm32g4xx_hal_tim_ex.o
                0x0800a97c                HAL_TIMEx_EncoderIndexCallback
 .text.HAL_TIMEx_DirectionChangeCallback
                0x0800a990       0x14 ./Drivers/STM32G4xx_HAL_Driver/Src/stm32g4xx_hal_tim_ex.o
                0x0800a990                HAL_TIMEx_DirectionChangeCallback
 .text.HAL_TIMEx_IndexErrorCallback
                0x0800a9a4       0x14 ./Drivers/STM32G4xx_HAL_Driver/Src/stm32g4xx_hal_tim_ex.o
                0x0800a9a4                HAL_TIMEx_IndexErrorCallback
 .text.HAL_TIMEx_TransitionErrorCallback
                0x0800a9b8       0x14 ./Drivers/STM32G4xx_HAL_Driver/Src/stm32g4xx_hal_tim_ex.o
                0x0800a9b8                HAL_TIMEx_TransitionErrorCallback
 .text.HAL_UART_Init
                0x0800a9cc       0xa0 ./Drivers/STM32G4xx_HAL_Driver/Src/stm32g4xx_hal_uart.o
                0x0800a9cc                HAL_UART_Init
 .text.UART_SetConfig
                0x0800aa6c      0x5f8 ./Drivers/STM32G4xx_HAL_Driver/Src/stm32g4xx_hal_uart.o
                0x0800aa6c                UART_SetConfig
 .text.UART_AdvFeatureConfig
                0x0800b064      0x144 ./Drivers/STM32G4xx_HAL_Driver/Src/stm32g4xx_hal_uart.o
                0x0800b064                UART_AdvFeatureConfig
 .text.UART_CheckIdleState
                0x0800b1a8      0x154 ./Drivers/STM32G4xx_HAL_Driver/Src/stm32g4xx_hal_uart.o
                0x0800b1a8                UART_CheckIdleState
 .text.UART_WaitOnFlagUntilTimeout
                0x0800b2fc       0xda ./Drivers/STM32G4xx_HAL_Driver/Src/stm32g4xx_hal_uart.o
                0x0800b2fc                UART_WaitOnFlagUntilTimeout
 .text.UART_EndRxTransfer
                0x0800b3d6       0xcc ./Drivers/STM32G4xx_HAL_Driver/Src/stm32g4xx_hal_uart.o
 .text.HAL_UARTEx_DisableFifoMode
                0x0800b4a2       0x72 ./Drivers/STM32G4xx_HAL_Driver/Src/stm32g4xx_hal_uart_ex.o
                0x0800b4a2                HAL_UARTEx_DisableFifoMode
 .text.HAL_UARTEx_SetTxFifoThreshold
                0x0800b514       0x7c ./Drivers/STM32G4xx_HAL_Driver/Src/stm32g4xx_hal_uart_ex.o
                0x0800b514                HAL_UARTEx_SetTxFifoThreshold
 .text.HAL_UARTEx_SetRxFifoThreshold
                0x0800b590       0x7c ./Drivers/STM32G4xx_HAL_Driver/Src/stm32g4xx_hal_uart_ex.o
                0x0800b590                HAL_UARTEx_SetRxFifoThreshold
 .text.UARTEx_SetNbDataToProcess
                0x0800b60c       0x9c ./Drivers/STM32G4xx_HAL_Driver/Src/stm32g4xx_hal_uart_ex.o
 .text.memset   0x0800b6a8       0x10 C:/ST/STM32CubeIDE_1.16.1/STM32CubeIDE/plugins/com.st.stm32cube.ide.mcu.externaltools.gnu-tools-for-stm32.12.3.rel1.win32_1.0.200.202406191623/tools/bin/../lib/gcc/arm-none-eabi/12.3.1/../../../../arm-none-eabi/lib/thumb/v7e-m+fp/hard\libc_nano.a(libc_a-memset.o)
                0x0800b6a8                memset
 .text.__libc_init_array
                0x0800b6b8       0x48 C:/ST/STM32CubeIDE_1.16.1/STM32CubeIDE/plugins/com.st.stm32cube.ide.mcu.externaltools.gnu-tools-for-stm32.12.3.rel1.win32_1.0.200.202406191623/tools/bin/../lib/gcc/arm-none-eabi/12.3.1/../../../../arm-none-eabi/lib/thumb/v7e-m+fp/hard\libc_nano.a(libc_a-init.o)
                0x0800b6b8                __libc_init_array
 *(.glue_7)
 .glue_7        0x0800b700        0x0 linker stubs
 *(.glue_7t)
 .glue_7t       0x0800b700        0x0 linker stubs
 *(.eh_frame)
 .eh_frame      0x0800b700        0x0 C:/ST/STM32CubeIDE_1.16.1/STM32CubeIDE/plugins/com.st.stm32cube.ide.mcu.externaltools.gnu-tools-for-stm32.12.3.rel1.win32_1.0.200.202406191623/tools/bin/../lib/gcc/arm-none-eabi/12.3.1/thumb/v7e-m+fp/hard/crtbegin.o
 *(.init)
 .init          0x0800b700        0x4 C:/ST/STM32CubeIDE_1.16.1/STM32CubeIDE/plugins/com.st.stm32cube.ide.mcu.externaltools.gnu-tools-for-stm32.12.3.rel1.win32_1.0.200.202406191623/tools/bin/../lib/gcc/arm-none-eabi/12.3.1/thumb/v7e-m+fp/hard/crti.o
                0x0800b700                _init
 .init          0x0800b704        0x8 C:/ST/STM32CubeIDE_1.16.1/STM32CubeIDE/plugins/com.st.stm32cube.ide.mcu.externaltools.gnu-tools-for-stm32.12.3.rel1.win32_1.0.200.202406191623/tools/bin/../lib/gcc/arm-none-eabi/12.3.1/thumb/v7e-m+fp/hard/crtn.o
 *(.fini)
 .fini          0x0800b70c        0x4 C:/ST/STM32CubeIDE_1.16.1/STM32CubeIDE/plugins/com.st.stm32cube.ide.mcu.externaltools.gnu-tools-for-stm32.12.3.rel1.win32_1.0.200.202406191623/tools/bin/../lib/gcc/arm-none-eabi/12.3.1/thumb/v7e-m+fp/hard/crti.o
                0x0800b70c                _fini
 .fini          0x0800b710        0x8 C:/ST/STM32CubeIDE_1.16.1/STM32CubeIDE/plugins/com.st.stm32cube.ide.mcu.externaltools.gnu-tools-for-stm32.12.3.rel1.win32_1.0.200.202406191623/tools/bin/../lib/gcc/arm-none-eabi/12.3.1/thumb/v7e-m+fp/hard/crtn.o
                0x0800b718                        . = ALIGN (0x4)
                0x0800b718                        _etext = .

.vfp11_veneer   0x0800b718        0x0
 .vfp11_veneer  0x0800b718        0x0 linker stubs

.v4_bx          0x0800b718        0x0
 .v4_bx         0x0800b718        0x0 linker stubs

.iplt           0x0800b718        0x0
 .iplt          0x0800b718        0x0 C:/ST/STM32CubeIDE_1.16.1/STM32CubeIDE/plugins/com.st.stm32cube.ide.mcu.externaltools.gnu-tools-for-stm32.12.3.rel1.win32_1.0.200.202406191623/tools/bin/../lib/gcc/arm-none-eabi/12.3.1/thumb/v7e-m+fp/hard/crtbegin.o

.rodata         0x0800b718       0x54
                0x0800b718                        . = ALIGN (0x4)
 *(.rodata)
 .rodata        0x0800b718       0x14 ./Core/Src/sensorLinha.o
 *(.rodata*)
 .rodata.AHBPrescTable
                0x0800b72c       0x10 ./Core/Src/system_stm32g4xx.o
                0x0800b72c                AHBPrescTable
 .rodata.APBPrescTable
                0x0800b73c        0x8 ./Core/Src/system_stm32g4xx.o
                0x0800b73c                APBPrescTable
 .rodata.UARTPrescTable
                0x0800b744       0x18 ./Drivers/STM32G4xx_HAL_Driver/Src/stm32g4xx_hal_uart.o
                0x0800b744                UARTPrescTable
 .rodata.numerator.1
                0x0800b75c        0x8 ./Drivers/STM32G4xx_HAL_Driver/Src/stm32g4xx_hal_uart_ex.o
 .rodata.denominator.0
                0x0800b764        0x8 ./Drivers/STM32G4xx_HAL_Driver/Src/stm32g4xx_hal_uart_ex.o
                0x0800b76c                        . = ALIGN (0x4)

.ARM.extab      0x0800b76c        0x0
                0x0800b76c                        . = ALIGN (0x4)
 *(.ARM.extab* .gnu.linkonce.armextab.*)
                0x0800b76c                        . = ALIGN (0x4)

.ARM            0x0800b76c        0x8
                0x0800b76c                        . = ALIGN (0x4)
                0x0800b76c                        __exidx_start = .
 *(.ARM.exidx*)
 .ARM.exidx     0x0800b76c        0x8 C:/ST/STM32CubeIDE_1.16.1/STM32CubeIDE/plugins/com.st.stm32cube.ide.mcu.externaltools.gnu-tools-for-stm32.12.3.rel1.win32_1.0.200.202406191623/tools/bin/../lib/gcc/arm-none-eabi/12.3.1/thumb/v7e-m+fp/hard\libgcc.a(_udivmoddi4.o)
                0x0800b774                        __exidx_end = .
                0x0800b774                        . = ALIGN (0x4)

.rel.dyn        0x0800b774        0x0
 .rel.iplt      0x0800b774        0x0 C:/ST/STM32CubeIDE_1.16.1/STM32CubeIDE/plugins/com.st.stm32cube.ide.mcu.externaltools.gnu-tools-for-stm32.12.3.rel1.win32_1.0.200.202406191623/tools/bin/../lib/gcc/arm-none-eabi/12.3.1/thumb/v7e-m+fp/hard/crtbegin.o

.preinit_array  0x0800b774        0x0
                0x0800b774                        . = ALIGN (0x4)
                0x0800b774                        PROVIDE (__preinit_array_start = .)
 *(.preinit_array*)
                0x0800b774                        PROVIDE (__preinit_array_end = .)
                0x0800b774                        . = ALIGN (0x4)

.init_array     0x0800b774        0x4
                0x0800b774                        . = ALIGN (0x4)
                0x0800b774                        PROVIDE (__init_array_start = .)
 *(SORT_BY_NAME(.init_array.*))
 *(.init_array*)
 .init_array    0x0800b774        0x4 C:/ST/STM32CubeIDE_1.16.1/STM32CubeIDE/plugins/com.st.stm32cube.ide.mcu.externaltools.gnu-tools-for-stm32.12.3.rel1.win32_1.0.200.202406191623/tools/bin/../lib/gcc/arm-none-eabi/12.3.1/thumb/v7e-m+fp/hard/crtbegin.o
                0x0800b778                        PROVIDE (__init_array_end = .)
                0x0800b778                        . = ALIGN (0x4)

.fini_array     0x0800b778        0x4
                0x0800b778                        . = ALIGN (0x4)
                [!provide]                        PROVIDE (__fini_array_start = .)
 *(SORT_BY_NAME(.fini_array.*))
 *(.fini_array*)
 .fini_array    0x0800b778        0x4 C:/ST/STM32CubeIDE_1.16.1/STM32CubeIDE/plugins/com.st.stm32cube.ide.mcu.externaltools.gnu-tools-for-stm32.12.3.rel1.win32_1.0.200.202406191623/tools/bin/../lib/gcc/arm-none-eabi/12.3.1/thumb/v7e-m+fp/hard/crtbegin.o
                [!provide]                        PROVIDE (__fini_array_end = .)
                0x0800b77c                        . = ALIGN (0x4)
                0x0800b77c                        _sidata = LOADADDR (.data)

.data           0x20000000       0x48 load address 0x0800b77c
                0x20000000                        . = ALIGN (0x4)
                0x20000000                        _sdata = .
 *(.data)
 *(.data*)
 .data.contadorMaximo
                0x20000000        0x4 ./Core/Src/encoder.o
                0x20000000                contadorMaximo
 .data.minThresholds
                0x20000004       0x14 ./Core/Src/sensorLinha.o
                0x20000004                minThresholds
 .data.maxThresholds
                0x20000018       0x14 ./Core/Src/sensorLinha.o
                0x20000018                maxThresholds
 .data.kp       0x2000002c        0x4 ./Core/Src/sensorLinha.o
                0x2000002c                kp
 .data.kd       0x20000030        0x4 ./Core/Src/sensorLinha.o
                0x20000030                kd
 .data.velocidadeBase
                0x20000034        0x4 ./Core/Src/sensorLinha.o
                0x20000034                velocidadeBase
 .data.delta_time
                0x20000038        0x4 ./Core/Src/sensorLinha.o
                0x20000038                delta_time
 .data.SystemCoreClock
                0x2000003c        0x4 ./Core/Src/system_stm32g4xx.o
                0x2000003c                SystemCoreClock
 .data.uwTickPrio
                0x20000040        0x4 ./Drivers/STM32G4xx_HAL_Driver/Src/stm32g4xx_hal.o
                0x20000040                uwTickPrio
 .data.uwTickFreq
                0x20000044        0x4 ./Drivers/STM32G4xx_HAL_Driver/Src/stm32g4xx_hal.o
                0x20000044                uwTickFreq
 *(.RamFunc)
 *(.RamFunc*)
                0x20000048                        . = ALIGN (0x4)
                0x20000048                        _edata = .

.igot.plt       0x20000048        0x0 load address 0x0800b7c4
 .igot.plt      0x20000048        0x0 C:/ST/STM32CubeIDE_1.16.1/STM32CubeIDE/plugins/com.st.stm32cube.ide.mcu.externaltools.gnu-tools-for-stm32.12.3.rel1.win32_1.0.200.202406191623/tools/bin/../lib/gcc/arm-none-eabi/12.3.1/thumb/v7e-m+fp/hard/crtbegin.o
                0x20000048                        . = ALIGN (0x4)

.bss            0x20000048      0xa58 load address 0x0800b7c4
                0x20000048                        _sbss = .
                0x20000048                        __bss_start__ = _sbss
 *(.bss)
 .bss           0x20000048       0x1c C:/ST/STM32CubeIDE_1.16.1/STM32CubeIDE/plugins/com.st.stm32cube.ide.mcu.externaltools.gnu-tools-for-stm32.12.3.rel1.win32_1.0.200.202406191623/tools/bin/../lib/gcc/arm-none-eabi/12.3.1/thumb/v7e-m+fp/hard/crtbegin.o
 *(.bss*)
 .bss.hadc1     0x20000064       0x6c ./Core/Src/adc.o
                0x20000064                hadc1
 .bss.hadc2     0x200000d0       0x6c ./Core/Src/adc.o
                0x200000d0                hadc2
 .bss.hadc3     0x2000013c       0x6c ./Core/Src/adc.o
                0x2000013c                hadc3
 .bss.hadc4     0x200001a8       0x6c ./Core/Src/adc.o
                0x200001a8                hadc4
 .bss.hadc5     0x20000214       0x6c ./Core/Src/adc.o
                0x20000214                hadc5
 .bss.hdma_adc1
                0x20000280       0x60 ./Core/Src/adc.o
                0x20000280                hdma_adc1
 .bss.hdma_adc2
                0x200002e0       0x60 ./Core/Src/adc.o
                0x200002e0                hdma_adc2
 .bss.hdma_adc3
                0x20000340       0x60 ./Core/Src/adc.o
                0x20000340                hdma_adc3
 .bss.hdma_adc4
                0x200003a0       0x60 ./Core/Src/adc.o
                0x200003a0                hdma_adc4
 .bss.hdma_adc5
                0x20000400       0x60 ./Core/Src/adc.o
                0x20000400                hdma_adc5
 .bss.HAL_RCC_ADC12_CLK_ENABLED
                0x20000460        0x4 ./Core/Src/adc.o
 .bss.HAL_RCC_ADC345_CLK_ENABLED
                0x20000464        0x4 ./Core/Src/adc.o
 .bss.valorCaptura1
                0x20000468        0x4 ./Core/Src/encoder.o
 .bss.valorCaptura2
                0x2000046c        0x4 ./Core/Src/encoder.o
 .bss.valorCaptura3
                0x20000470        0x4 ./Core/Src/encoder.o
 .bss.valorCaptura4
                0x20000474        0x4 ./Core/Src/encoder.o
 .bss.diferencaTempo
                0x20000478        0x4 ./Core/Src/encoder.o
 .bss.flagPrimeiraCaptura
                0x2000047c        0x4 ./Core/Src/encoder.o
 .bss.diferencaTempo2
                0x20000480        0x4 ./Core/Src/encoder.o
 .bss.flagPrimeiraCaptura2
                0x20000484        0x4 ./Core/Src/encoder.o
 .bss.overflow1
                0x20000488        0x4 ./Core/Src/encoder.o
                0x20000488                overflow1
 .bss.overflow2
                0x2000048c        0x4 ./Core/Src/encoder.o
                0x2000048c                overflow2
 .bss.frequenciaRodaEsquerda
                0x20000490        0x4 ./Core/Src/encoder.o
 .bss.frequenciaRodaDireita
                0x20000494        0x4 ./Core/Src/encoder.o
 .bss.velocidadeRodaEsquerda
                0x20000498        0x4 ./Core/Src/encoder.o
                0x20000498                velocidadeRodaEsquerda
 .bss.velocidadeRodaDireita
                0x2000049c        0x4 ./Core/Src/encoder.o
                0x2000049c                velocidadeRodaDireita
 .bss.hi2c2     0x200004a0       0x54 ./Core/Src/i2c.o
                0x200004a0                hi2c2
 .bss.hdma_i2c2_rx
                0x200004f4       0x60 ./Core/Src/i2c.o
                0x200004f4                hdma_i2c2_rx
 .bss.hdma_i2c2_tx
                0x20000554       0x60 ./Core/Src/i2c.o
                0x20000554                hdma_i2c2_tx
 .bss.lcdCommandBuffer
                0x200005b4        0x6 ./Core/Src/lcd_hd44780_i2c.o
                0x200005b4                lcdCommandBuffer
 *fill*         0x200005ba        0x2 
 .bss.lcdParams
                0x200005bc        0xc ./Core/Src/lcd_hd44780_i2c.o
 .bss.htimRodaMotores
                0x200005c8        0x4 ./Core/Src/motor.o
                0x200005c8                htimRodaMotores
 .bss.xPidConfig
                0x200005cc       0x1c ./Core/Src/pid.o
                0x200005cc                xPidConfig
 .bss.xPidConfig1
                0x200005e8       0x1c ./Core/Src/pid.o
                0x200005e8                xPidConfig1
 .bss.usIntegratorCount
                0x20000604        0x2 ./Core/Src/pid.o
                0x20000604                usIntegratorCount
 *fill*         0x20000606        0x2 
 .bss.fIntegratorBuffer
                0x20000608      0x190 ./Core/Src/pid.o
                0x20000608                fIntegratorBuffer
 .bss.EsforcoE  0x20000798        0x4 ./Core/Src/pid.o
                0x20000798                EsforcoE
 .bss.EsforcoD  0x2000079c        0x4 ./Core/Src/pid.o
                0x2000079c                EsforcoD
 .bss.sensor1ADC
                0x200007a0        0x4 ./Core/Src/sensorLinha.o
                0x200007a0                sensor1ADC
 .bss.sensor2ADC
                0x200007a4        0x4 ./Core/Src/sensorLinha.o
                0x200007a4                sensor2ADC
 .bss.sensor3ADC
                0x200007a8        0x4 ./Core/Src/sensorLinha.o
                0x200007a8                sensor3ADC
 .bss.sensor4ADC
                0x200007ac        0x4 ./Core/Src/sensorLinha.o
                0x200007ac                sensor4ADC
 .bss.sensor5ADC
                0x200007b0        0x4 ./Core/Src/sensorLinha.o
                0x200007b0                sensor5ADC
 .bss.lineSensor1Value
                0x200007b4        0x4 ./Core/Src/sensorLinha.o
                0x200007b4                lineSensor1Value
 .bss.lineSensor2Value
                0x200007b8        0x4 ./Core/Src/sensorLinha.o
                0x200007b8                lineSensor2Value
 .bss.lineSensor3Value
                0x200007bc        0x4 ./Core/Src/sensorLinha.o
                0x200007bc                lineSensor3Value
 .bss.lineSensor4Value
                0x200007c0        0x4 ./Core/Src/sensorLinha.o
                0x200007c0                lineSensor4Value
 .bss.lineSensor5Value
                0x200007c4        0x4 ./Core/Src/sensorLinha.o
                0x200007c4                lineSensor5Value
 .bss.fsaidaControladorLinha
                0x200007c8        0x4 ./Core/Src/sensorLinha.o
                0x200007c8                fsaidaControladorLinha
 .bss.posicao3  0x200007cc        0x4 ./Core/Src/sensorLinha.o
                0x200007cc                posicao3
 .bss.velocidadeEsquerda
                0x200007d0        0x4 ./Core/Src/sensorLinha.o
                0x200007d0                velocidadeEsquerda
 .bss.velocidadeDireita
                0x200007d4        0x4 ./Core/Src/sensorLinha.o
                0x200007d4                velocidadeDireita
 .bss.ki        0x200007d8        0x4 ./Core/Src/sensorLinha.o
                0x200007d8                ki
 .bss.error     0x200007dc        0x4 ./Core/Src/sensorLinha.o
                0x200007dc                error
 .bss.previous_error
                0x200007e0        0x4 ./Core/Src/sensorLinha.o
                0x200007e0                previous_error
 .bss.integral_error
                0x200007e4        0x4 ./Core/Src/sensorLinha.o
                0x200007e4                integral_error
 .bss.derivative_error
                0x200007e8        0x4 ./Core/Src/sensorLinha.o
                0x200007e8                derivative_error
 .bss.control_output
                0x200007ec        0x4 ./Core/Src/sensorLinha.o
                0x200007ec                control_output
 .bss.previous_time
                0x200007f0        0x4 ./Core/Src/sensorLinha.o
                0x200007f0                previous_time
 .bss.htim1     0x200007f4       0x4c ./Core/Src/tim.o
                0x200007f4                htim1
 .bss.htim2     0x20000840       0x4c ./Core/Src/tim.o
                0x20000840                htim2
 .bss.htim3     0x2000088c       0x4c ./Core/Src/tim.o
                0x2000088c                htim3
 .bss.htim6     0x200008d8       0x4c ./Core/Src/tim.o
                0x200008d8                htim6
 .bss.htim15    0x20000924       0x4c ./Core/Src/tim.o
                0x20000924                htim15
 .bss.htim16    0x20000970       0x4c ./Core/Src/tim.o
                0x20000970                htim16
 .bss.htim17    0x200009bc       0x4c ./Core/Src/tim.o
                0x200009bc                htim17
 .bss.hlpuart1  0x20000a08       0x94 ./Core/Src/usart.o
                0x20000a08                hlpuart1
 .bss.uwTick    0x20000a9c        0x4 ./Drivers/STM32G4xx_HAL_Driver/Src/stm32g4xx_hal.o
                0x20000a9c                uwTick
 *(COMMON)
                0x20000aa0                        . = ALIGN (0x4)
                0x20000aa0                        _ebss = .
                0x20000aa0                        __bss_end__ = _ebss

._user_heap_stack
                0x20000aa0      0x600 load address 0x0800b7c4
                0x20000aa0                        . = ALIGN (0x8)
                [!provide]                        PROVIDE (end = .)
                0x20000aa0                        PROVIDE (_end = .)
                0x20000ca0                        . = (. + _Min_Heap_Size)
 *fill*         0x20000aa0      0x200 
                0x200010a0                        . = (. + _Min_Stack_Size)
 *fill*         0x20000ca0      0x400 
                0x200010a0                        . = ALIGN (0x8)

/DISCARD/
 libc.a(*)
 libm.a(*)
 libgcc.a(*)

.ARM.attributes
                0x00000000       0x30
 *(.ARM.attributes)
 .ARM.attributes
                0x00000000       0x22 C:/ST/STM32CubeIDE_1.16.1/STM32CubeIDE/plugins/com.st.stm32cube.ide.mcu.externaltools.gnu-tools-for-stm32.12.3.rel1.win32_1.0.200.202406191623/tools/bin/../lib/gcc/arm-none-eabi/12.3.1/thumb/v7e-m+fp/hard/crti.o
 .ARM.attributes
                0x00000022       0x34 C:/ST/STM32CubeIDE_1.16.1/STM32CubeIDE/plugins/com.st.stm32cube.ide.mcu.externaltools.gnu-tools-for-stm32.12.3.rel1.win32_1.0.200.202406191623/tools/bin/../lib/gcc/arm-none-eabi/12.3.1/thumb/v7e-m+fp/hard/crtbegin.o
 .ARM.attributes
                0x00000056       0x34 ./Core/Src/adc.o
 .ARM.attributes
                0x0000008a       0x34 ./Core/Src/dma.o
 .ARM.attributes
                0x000000be       0x34 ./Core/Src/encoder.o
 .ARM.attributes
                0x000000f2       0x34 ./Core/Src/gpio.o
 .ARM.attributes
                0x00000126       0x34 ./Core/Src/i2c.o
 .ARM.attributes
                0x0000015a       0x34 ./Core/Src/lcd_hd44780_i2c.o
 .ARM.attributes
                0x0000018e       0x34 ./Core/Src/main.o
 .ARM.attributes
                0x000001c2       0x34 ./Core/Src/motor.o
 .ARM.attributes
                0x000001f6       0x34 ./Core/Src/pid.o
 .ARM.attributes
                0x0000022a       0x34 ./Core/Src/sensorLinha.o
 .ARM.attributes
                0x0000025e       0x34 ./Core/Src/stm32g4xx_hal_msp.o
 .ARM.attributes
                0x00000292       0x34 ./Core/Src/stm32g4xx_it.o
 .ARM.attributes
                0x000002c6       0x34 ./Core/Src/system_stm32g4xx.o
 .ARM.attributes
                0x000002fa       0x34 ./Core/Src/tim.o
 .ARM.attributes
                0x0000032e       0x34 ./Core/Src/usart.o
 .ARM.attributes
                0x00000362       0x21 ./Core/Startup/startup_stm32g474retx.o
 .ARM.attributes
                0x00000383       0x34 ./Drivers/STM32G4xx_HAL_Driver/Src/stm32g4xx_hal.o
 .ARM.attributes
                0x000003b7       0x34 ./Drivers/STM32G4xx_HAL_Driver/Src/stm32g4xx_hal_adc.o
 .ARM.attributes
                0x000003eb       0x34 ./Drivers/STM32G4xx_HAL_Driver/Src/stm32g4xx_hal_adc_ex.o
 .ARM.attributes
                0x0000041f       0x34 ./Drivers/STM32G4xx_HAL_Driver/Src/stm32g4xx_hal_cortex.o
 .ARM.attributes
                0x00000453       0x34 ./Drivers/STM32G4xx_HAL_Driver/Src/stm32g4xx_hal_dma.o
 .ARM.attributes
                0x00000487       0x34 ./Drivers/STM32G4xx_HAL_Driver/Src/stm32g4xx_hal_gpio.o
 .ARM.attributes
                0x000004bb       0x34 ./Drivers/STM32G4xx_HAL_Driver/Src/stm32g4xx_hal_i2c.o
 .ARM.attributes
                0x000004ef       0x34 ./Drivers/STM32G4xx_HAL_Driver/Src/stm32g4xx_hal_i2c_ex.o
 .ARM.attributes
                0x00000523       0x34 ./Drivers/STM32G4xx_HAL_Driver/Src/stm32g4xx_hal_pwr_ex.o
 .ARM.attributes
                0x00000557       0x34 ./Drivers/STM32G4xx_HAL_Driver/Src/stm32g4xx_hal_rcc.o
 .ARM.attributes
                0x0000058b       0x34 ./Drivers/STM32G4xx_HAL_Driver/Src/stm32g4xx_hal_rcc_ex.o
 .ARM.attributes
                0x000005bf       0x34 ./Drivers/STM32G4xx_HAL_Driver/Src/stm32g4xx_hal_tim.o
 .ARM.attributes
                0x000005f3       0x34 ./Drivers/STM32G4xx_HAL_Driver/Src/stm32g4xx_hal_tim_ex.o
 .ARM.attributes
                0x00000627       0x34 ./Drivers/STM32G4xx_HAL_Driver/Src/stm32g4xx_hal_uart.o
 .ARM.attributes
                0x0000065b       0x34 ./Drivers/STM32G4xx_HAL_Driver/Src/stm32g4xx_hal_uart_ex.o
 .ARM.attributes
                0x0000068f       0x34 C:/ST/STM32CubeIDE_1.16.1/STM32CubeIDE/plugins/com.st.stm32cube.ide.mcu.externaltools.gnu-tools-for-stm32.12.3.rel1.win32_1.0.200.202406191623/tools/bin/../lib/gcc/arm-none-eabi/12.3.1/../../../../arm-none-eabi/lib/thumb/v7e-m+fp/hard\libc_nano.a(libc_a-memset.o)
 .ARM.attributes
                0x000006c3       0x34 C:/ST/STM32CubeIDE_1.16.1/STM32CubeIDE/plugins/com.st.stm32cube.ide.mcu.externaltools.gnu-tools-for-stm32.12.3.rel1.win32_1.0.200.202406191623/tools/bin/../lib/gcc/arm-none-eabi/12.3.1/../../../../arm-none-eabi/lib/thumb/v7e-m+fp/hard\libc_nano.a(libc_a-init.o)
 .ARM.attributes
                0x000006f7       0x22 C:/ST/STM32CubeIDE_1.16.1/STM32CubeIDE/plugins/com.st.stm32cube.ide.mcu.externaltools.gnu-tools-for-stm32.12.3.rel1.win32_1.0.200.202406191623/tools/bin/../lib/gcc/arm-none-eabi/12.3.1/thumb/v7e-m+fp/hard\libgcc.a(_arm_addsubdf3.o)
 .ARM.attributes
                0x00000719       0x22 C:/ST/STM32CubeIDE_1.16.1/STM32CubeIDE/plugins/com.st.stm32cube.ide.mcu.externaltools.gnu-tools-for-stm32.12.3.rel1.win32_1.0.200.202406191623/tools/bin/../lib/gcc/arm-none-eabi/12.3.1/thumb/v7e-m+fp/hard\libgcc.a(_arm_muldivdf3.o)
 .ARM.attributes
                0x0000073b       0x22 C:/ST/STM32CubeIDE_1.16.1/STM32CubeIDE/plugins/com.st.stm32cube.ide.mcu.externaltools.gnu-tools-for-stm32.12.3.rel1.win32_1.0.200.202406191623/tools/bin/../lib/gcc/arm-none-eabi/12.3.1/thumb/v7e-m+fp/hard\libgcc.a(_arm_truncdfsf2.o)
 .ARM.attributes
                0x0000075d       0x22 C:/ST/STM32CubeIDE_1.16.1/STM32CubeIDE/plugins/com.st.stm32cube.ide.mcu.externaltools.gnu-tools-for-stm32.12.3.rel1.win32_1.0.200.202406191623/tools/bin/../lib/gcc/arm-none-eabi/12.3.1/thumb/v7e-m+fp/hard\libgcc.a(_aeabi_uldivmod.o)
 .ARM.attributes
                0x0000077f       0x34 C:/ST/STM32CubeIDE_1.16.1/STM32CubeIDE/plugins/com.st.stm32cube.ide.mcu.externaltools.gnu-tools-for-stm32.12.3.rel1.win32_1.0.200.202406191623/tools/bin/../lib/gcc/arm-none-eabi/12.3.1/thumb/v7e-m+fp/hard\libgcc.a(_udivmoddi4.o)
 .ARM.attributes
                0x000007b3       0x22 C:/ST/STM32CubeIDE_1.16.1/STM32CubeIDE/plugins/com.st.stm32cube.ide.mcu.externaltools.gnu-tools-for-stm32.12.3.rel1.win32_1.0.200.202406191623/tools/bin/../lib/gcc/arm-none-eabi/12.3.1/thumb/v7e-m+fp/hard\libgcc.a(_dvmd_tls.o)
 .ARM.attributes
                0x000007d5       0x22 C:/ST/STM32CubeIDE_1.16.1/STM32CubeIDE/plugins/com.st.stm32cube.ide.mcu.externaltools.gnu-tools-for-stm32.12.3.rel1.win32_1.0.200.202406191623/tools/bin/../lib/gcc/arm-none-eabi/12.3.1/thumb/v7e-m+fp/hard/crtn.o
OUTPUT(ES070_RoboSeguidor.elf elf32-littlearm)
LOAD linker stubs
LOAD C:/ST/STM32CubeIDE_1.16.1/STM32CubeIDE/plugins/com.st.stm32cube.ide.mcu.externaltools.gnu-tools-for-stm32.12.3.rel1.win32_1.0.200.202406191623/tools/bin/../lib/gcc/arm-none-eabi/12.3.1/../../../../arm-none-eabi/lib/thumb/v7e-m+fp/hard\libc.a
LOAD C:/ST/STM32CubeIDE_1.16.1/STM32CubeIDE/plugins/com.st.stm32cube.ide.mcu.externaltools.gnu-tools-for-stm32.12.3.rel1.win32_1.0.200.202406191623/tools/bin/../lib/gcc/arm-none-eabi/12.3.1/../../../../arm-none-eabi/lib/thumb/v7e-m+fp/hard\libm.a
LOAD C:/ST/STM32CubeIDE_1.16.1/STM32CubeIDE/plugins/com.st.stm32cube.ide.mcu.externaltools.gnu-tools-for-stm32.12.3.rel1.win32_1.0.200.202406191623/tools/bin/../lib/gcc/arm-none-eabi/12.3.1/thumb/v7e-m+fp/hard\libgcc.a

.debug_info     0x00000000    0x20424
 .debug_info    0x00000000     0x11d4 ./Core/Src/adc.o
 .debug_info    0x000011d4      0x5ac ./Core/Src/dma.o
 .debug_info    0x00001780      0xa58 ./Core/Src/encoder.o
 .debug_info    0x000021d8      0x75e ./Core/Src/gpio.o
 .debug_info    0x00002936     0x1005 ./Core/Src/i2c.o
 .debug_info    0x0000393b      0xc58 ./Core/Src/lcd_hd44780_i2c.o
 .debug_info    0x00004593     0x143f ./Core/Src/main.o
 .debug_info    0x000059d2      0x97b ./Core/Src/motor.o
 .debug_info    0x0000634d      0x536 ./Core/Src/pid.o
 .debug_info    0x00006883      0xc6c ./Core/Src/sensorLinha.o
 .debug_info    0x000074ef      0x2da ./Core/Src/stm32g4xx_hal_msp.o
 .debug_info    0x000077c9      0xce8 ./Core/Src/stm32g4xx_it.o
 .debug_info    0x000084b1      0x58e ./Core/Src/system_stm32g4xx.o
 .debug_info    0x00008a3f     0x1534 ./Core/Src/tim.o
 .debug_info    0x00009f73      0xda3 ./Core/Src/usart.o
 .debug_info    0x0000ad16       0x30 ./Core/Startup/startup_stm32g474retx.o
 .debug_info    0x0000ad46      0xb95 ./Drivers/STM32G4xx_HAL_Driver/Src/stm32g4xx_hal.o
 .debug_info    0x0000b8db     0x2063 ./Drivers/STM32G4xx_HAL_Driver/Src/stm32g4xx_hal_adc.o
 .debug_info    0x0000d93e     0x1d80 ./Drivers/STM32G4xx_HAL_Driver/Src/stm32g4xx_hal_adc_ex.o
 .debug_info    0x0000f6be      0xdad ./Drivers/STM32G4xx_HAL_Driver/Src/stm32g4xx_hal_cortex.o
 .debug_info    0x0001046b      0x85f ./Drivers/STM32G4xx_HAL_Driver/Src/stm32g4xx_hal_dma.o
 .debug_info    0x00010cca      0x763 ./Drivers/STM32G4xx_HAL_Driver/Src/stm32g4xx_hal_gpio.o
 .debug_info    0x0001142d     0x21db ./Drivers/STM32G4xx_HAL_Driver/Src/stm32g4xx_hal_i2c.o
 .debug_info    0x00013608      0xad6 ./Drivers/STM32G4xx_HAL_Driver/Src/stm32g4xx_hal_i2c_ex.o
 .debug_info    0x000140de      0x93f ./Drivers/STM32G4xx_HAL_Driver/Src/stm32g4xx_hal_pwr_ex.o
 .debug_info    0x00014a1d      0xbe0 ./Drivers/STM32G4xx_HAL_Driver/Src/stm32g4xx_hal_rcc.o
 .debug_info    0x000155fd      0xc45 ./Drivers/STM32G4xx_HAL_Driver/Src/stm32g4xx_hal_rcc_ex.o
 .debug_info    0x00016242     0x2c52 ./Drivers/STM32G4xx_HAL_Driver/Src/stm32g4xx_hal_tim.o
 .debug_info    0x00018e94     0x1d95 ./Drivers/STM32G4xx_HAL_Driver/Src/stm32g4xx_hal_tim_ex.o
 .debug_info    0x0001ac29     0x481e ./Drivers/STM32G4xx_HAL_Driver/Src/stm32g4xx_hal_uart.o
 .debug_info    0x0001f447      0xfdd ./Drivers/STM32G4xx_HAL_Driver/Src/stm32g4xx_hal_uart_ex.o

.debug_abbrev   0x00000000     0x42b3
 .debug_abbrev  0x00000000      0x239 ./Core/Src/adc.o
 .debug_abbrev  0x00000239      0x109 ./Core/Src/dma.o
 .debug_abbrev  0x00000342      0x22e ./Core/Src/encoder.o
 .debug_abbrev  0x00000570      0x15b ./Core/Src/gpio.o
 .debug_abbrev  0x000006cb      0x22e ./Core/Src/i2c.o
 .debug_abbrev  0x000008f9      0x2a9 ./Core/Src/lcd_hd44780_i2c.o
 .debug_abbrev  0x00000ba2      0x2b4 ./Core/Src/main.o
 .debug_abbrev  0x00000e56      0x1d6 ./Core/Src/motor.o
 .debug_abbrev  0x0000102c      0x222 ./Core/Src/pid.o
 .debug_abbrev  0x0000124e      0x23c ./Core/Src/sensorLinha.o
 .debug_abbrev  0x0000148a       0xd9 ./Core/Src/stm32g4xx_hal_msp.o
 .debug_abbrev  0x00001563      0x1ea ./Core/Src/stm32g4xx_it.o
 .debug_abbrev  0x0000174d      0x11a ./Core/Src/system_stm32g4xx.o
 .debug_abbrev  0x00001867      0x273 ./Core/Src/tim.o
 .debug_abbrev  0x00001ada      0x20d ./Core/Src/usart.o
 .debug_abbrev  0x00001ce7       0x24 ./Core/Startup/startup_stm32g474retx.o
 .debug_abbrev  0x00001d0b      0x271 ./Drivers/STM32G4xx_HAL_Driver/Src/stm32g4xx_hal.o
 .debug_abbrev  0x00001f7c      0x2d3 ./Drivers/STM32G4xx_HAL_Driver/Src/stm32g4xx_hal_adc.o
 .debug_abbrev  0x0000224f      0x2ee ./Drivers/STM32G4xx_HAL_Driver/Src/stm32g4xx_hal_adc_ex.o
 .debug_abbrev  0x0000253d      0x31c ./Drivers/STM32G4xx_HAL_Driver/Src/stm32g4xx_hal_cortex.o
 .debug_abbrev  0x00002859      0x1e2 ./Drivers/STM32G4xx_HAL_Driver/Src/stm32g4xx_hal_dma.o
 .debug_abbrev  0x00002a3b      0x1cb ./Drivers/STM32G4xx_HAL_Driver/Src/stm32g4xx_hal_gpio.o
 .debug_abbrev  0x00002c06      0x25e ./Drivers/STM32G4xx_HAL_Driver/Src/stm32g4xx_hal_i2c.o
 .debug_abbrev  0x00002e64      0x1c0 ./Drivers/STM32G4xx_HAL_Driver/Src/stm32g4xx_hal_i2c_ex.o
 .debug_abbrev  0x00003024      0x22c ./Drivers/STM32G4xx_HAL_Driver/Src/stm32g4xx_hal_pwr_ex.o
 .debug_abbrev  0x00003250      0x2c9 ./Drivers/STM32G4xx_HAL_Driver/Src/stm32g4xx_hal_rcc.o
 .debug_abbrev  0x00003519      0x258 ./Drivers/STM32G4xx_HAL_Driver/Src/stm32g4xx_hal_rcc_ex.o
 .debug_abbrev  0x00003771      0x2a7 ./Drivers/STM32G4xx_HAL_Driver/Src/stm32g4xx_hal_tim.o
 .debug_abbrev  0x00003a18      0x2c5 ./Drivers/STM32G4xx_HAL_Driver/Src/stm32g4xx_hal_tim_ex.o
 .debug_abbrev  0x00003cdd      0x304 ./Drivers/STM32G4xx_HAL_Driver/Src/stm32g4xx_hal_uart.o
 .debug_abbrev  0x00003fe1      0x2d2 ./Drivers/STM32G4xx_HAL_Driver/Src/stm32g4xx_hal_uart_ex.o

.debug_aranges  0x00000000     0x1a68
 .debug_aranges
                0x00000000       0x50 ./Core/Src/adc.o
 .debug_aranges
                0x00000050       0x20 ./Core/Src/dma.o
 .debug_aranges
                0x00000070       0x48 ./Core/Src/encoder.o
 .debug_aranges
                0x000000b8       0x20 ./Core/Src/gpio.o
 .debug_aranges
                0x000000d8       0x30 ./Core/Src/i2c.o
 .debug_aranges
                0x00000108       0x68 ./Core/Src/lcd_hd44780_i2c.o
 .debug_aranges
                0x00000170       0x38 ./Core/Src/main.o
 .debug_aranges
                0x000001a8       0x28 ./Core/Src/motor.o
 .debug_aranges
                0x000001d0       0xc0 ./Core/Src/pid.o
 .debug_aranges
                0x00000290       0x50 ./Core/Src/sensorLinha.o
 .debug_aranges
                0x000002e0       0x20 ./Core/Src/stm32g4xx_hal_msp.o
 .debug_aranges
                0x00000300       0xb0 ./Core/Src/stm32g4xx_it.o
 .debug_aranges
                0x000003b0       0x28 ./Core/Src/system_stm32g4xx.o
 .debug_aranges
                0x000003d8       0x68 ./Core/Src/tim.o
 .debug_aranges
                0x00000440       0x30 ./Core/Src/usart.o
 .debug_aranges
                0x00000470       0x28 ./Core/Startup/startup_stm32g474retx.o
 .debug_aranges
                0x00000498      0x148 ./Drivers/STM32G4xx_HAL_Driver/Src/stm32g4xx_hal.o
 .debug_aranges
                0x000005e0      0x248 ./Drivers/STM32G4xx_HAL_Driver/Src/stm32g4xx_hal_adc.o
 .debug_aranges
                0x00000828      0x1c0 ./Drivers/STM32G4xx_HAL_Driver/Src/stm32g4xx_hal_adc_ex.o
 .debug_aranges
                0x000009e8      0x118 ./Drivers/STM32G4xx_HAL_Driver/Src/stm32g4xx_hal_cortex.o
 .debug_aranges
                0x00000b00       0x90 ./Drivers/STM32G4xx_HAL_Driver/Src/stm32g4xx_hal_dma.o
 .debug_aranges
                0x00000b90       0x58 ./Drivers/STM32G4xx_HAL_Driver/Src/stm32g4xx_hal_gpio.o
 .debug_aranges
                0x00000be8      0x2a0 ./Drivers/STM32G4xx_HAL_Driver/Src/stm32g4xx_hal_i2c.o
 .debug_aranges
                0x00000e88       0x48 ./Drivers/STM32G4xx_HAL_Driver/Src/stm32g4xx_hal_i2c_ex.o
 .debug_aranges
                0x00000ed0      0x140 ./Drivers/STM32G4xx_HAL_Driver/Src/stm32g4xx_hal_pwr_ex.o
 .debug_aranges
                0x00001010       0x98 ./Drivers/STM32G4xx_HAL_Driver/Src/stm32g4xx_hal_rcc.o
 .debug_aranges
                0x000010a8       0xb0 ./Drivers/STM32G4xx_HAL_Driver/Src/stm32g4xx_hal_rcc_ex.o
 .debug_aranges
                0x00001158      0x3e0 ./Drivers/STM32G4xx_HAL_Driver/Src/stm32g4xx_hal_tim.o
 .debug_aranges
                0x00001538      0x240 ./Drivers/STM32G4xx_HAL_Driver/Src/stm32g4xx_hal_tim_ex.o
 .debug_aranges
                0x00001778      0x248 ./Drivers/STM32G4xx_HAL_Driver/Src/stm32g4xx_hal_uart.o
 .debug_aranges
                0x000019c0       0xa8 ./Drivers/STM32G4xx_HAL_Driver/Src/stm32g4xx_hal_uart_ex.o

.debug_rnglists
                0x00000000     0x1485
 .debug_rnglists
                0x00000000       0x3e ./Core/Src/adc.o
 .debug_rnglists
                0x0000003e       0x13 ./Core/Src/dma.o
 .debug_rnglists
                0x00000051       0x33 ./Core/Src/encoder.o
 .debug_rnglists
                0x00000084       0x14 ./Core/Src/gpio.o
 .debug_rnglists
                0x00000098       0x21 ./Core/Src/i2c.o
 .debug_rnglists
                0x000000b9       0x4d ./Core/Src/lcd_hd44780_i2c.o
 .debug_rnglists
                0x00000106       0x28 ./Core/Src/main.o
 .debug_rnglists
                0x0000012e       0x1a ./Core/Src/motor.o
 .debug_rnglists
                0x00000148       0x8e ./Core/Src/pid.o
 .debug_rnglists
                0x000001d6       0x39 ./Core/Src/sensorLinha.o
 .debug_rnglists
                0x0000020f       0x13 ./Core/Src/stm32g4xx_hal_msp.o
 .debug_rnglists
                0x00000222       0x7f ./Core/Src/stm32g4xx_it.o
 .debug_rnglists
                0x000002a1       0x1a ./Core/Src/system_stm32g4xx.o
 .debug_rnglists
                0x000002bb       0x51 ./Core/Src/tim.o
 .debug_rnglists
                0x0000030c       0x21 ./Core/Src/usart.o
 .debug_rnglists
                0x0000032d       0x19 ./Core/Startup/startup_stm32g474retx.o
 .debug_rnglists
                0x00000346       0xf1 ./Drivers/STM32G4xx_HAL_Driver/Src/stm32g4xx_hal.o
 .debug_rnglists
                0x00000437      0x1c0 ./Drivers/STM32G4xx_HAL_Driver/Src/stm32g4xx_hal_adc.o
 .debug_rnglists
                0x000005f7      0x15a ./Drivers/STM32G4xx_HAL_Driver/Src/stm32g4xx_hal_adc_ex.o
 .debug_rnglists
                0x00000751       0xce ./Drivers/STM32G4xx_HAL_Driver/Src/stm32g4xx_hal_cortex.o
 .debug_rnglists
                0x0000081f       0x71 ./Drivers/STM32G4xx_HAL_Driver/Src/stm32g4xx_hal_dma.o
 .debug_rnglists
                0x00000890       0x3f ./Drivers/STM32G4xx_HAL_Driver/Src/stm32g4xx_hal_gpio.o
 .debug_rnglists
                0x000008cf      0x228 ./Drivers/STM32G4xx_HAL_Driver/Src/stm32g4xx_hal_i2c.o
 .debug_rnglists
                0x00000af7       0x35 ./Drivers/STM32G4xx_HAL_Driver/Src/stm32g4xx_hal_i2c_ex.o
 .debug_rnglists
                0x00000b2c       0xf1 ./Drivers/STM32G4xx_HAL_Driver/Src/stm32g4xx_hal_pwr_ex.o
 .debug_rnglists
                0x00000c1d       0x74 ./Drivers/STM32G4xx_HAL_Driver/Src/stm32g4xx_hal_rcc.o
 .debug_rnglists
                0x00000c91       0x87 ./Drivers/STM32G4xx_HAL_Driver/Src/stm32g4xx_hal_rcc_ex.o
 .debug_rnglists
                0x00000d18      0x328 ./Drivers/STM32G4xx_HAL_Driver/Src/stm32g4xx_hal_tim.o
 .debug_rnglists
                0x00001040      0x1cc ./Drivers/STM32G4xx_HAL_Driver/Src/stm32g4xx_hal_tim_ex.o
 .debug_rnglists
                0x0000120c      0x1fa ./Drivers/STM32G4xx_HAL_Driver/Src/stm32g4xx_hal_uart.o
 .debug_rnglists
                0x00001406       0x7f ./Drivers/STM32G4xx_HAL_Driver/Src/stm32g4xx_hal_uart_ex.o

.debug_macro    0x00000000    0x2abfb
 .debug_macro   0x00000000      0x223 ./Core/Src/adc.o
 .debug_macro   0x00000223      0xab4 ./Core/Src/adc.o
 .debug_macro   0x00000cd7      0x167 ./Core/Src/adc.o
 .debug_macro   0x00000e3e       0x2e ./Core/Src/adc.o
 .debug_macro   0x00000e6c       0x28 ./Core/Src/adc.o
 .debug_macro   0x00000e94       0x22 ./Core/Src/adc.o
 .debug_macro   0x00000eb6       0x8e ./Core/Src/adc.o
 .debug_macro   0x00000f44       0x51 ./Core/Src/adc.o
 .debug_macro   0x00000f95      0x103 ./Core/Src/adc.o
 .debug_macro   0x00001098       0x6a ./Core/Src/adc.o
 .debug_macro   0x00001102      0x1df ./Core/Src/adc.o
 .debug_macro   0x000012e1       0x1c ./Core/Src/adc.o
 .debug_macro   0x000012fd       0x22 ./Core/Src/adc.o
 .debug_macro   0x0000131f       0xfb ./Core/Src/adc.o
 .debug_macro   0x0000141a     0x1011 ./Core/Src/adc.o
 .debug_macro   0x0000242b      0x11f ./Core/Src/adc.o
 .debug_macro   0x0000254a    0x18b45 ./Core/Src/adc.o
 .debug_macro   0x0001b08f       0x6d ./Core/Src/adc.o
 .debug_macro   0x0001b0fc     0x354d ./Core/Src/adc.o
 .debug_macro   0x0001e649      0x189 ./Core/Src/adc.o
 .debug_macro   0x0001e7d2       0x5c ./Core/Src/adc.o
 .debug_macro   0x0001e82e     0x171f ./Core/Src/adc.o
 .debug_macro   0x0001ff4d      0x600 ./Core/Src/adc.o
 .debug_macro   0x0002054d      0x1b6 ./Core/Src/adc.o
 .debug_macro   0x00020703      0x34a ./Core/Src/adc.o
 .debug_macro   0x00020a4d      0x53c ./Core/Src/adc.o
 .debug_macro   0x00020f89      0x18b ./Core/Src/adc.o
 .debug_macro   0x00021114       0x43 ./Core/Src/adc.o
 .debug_macro   0x00021157      0x23d ./Core/Src/adc.o
 .debug_macro   0x00021394     0x1112 ./Core/Src/adc.o
 .debug_macro   0x000224a6      0x72e ./Core/Src/adc.o
 .debug_macro   0x00022bd4      0x391 ./Core/Src/adc.o
 .debug_macro   0x00022f65      0x211 ./Core/Src/adc.o
 .debug_macro   0x00023176      0x45c ./Core/Src/adc.o
 .debug_macro   0x000235d2      0x11c ./Core/Src/adc.o
 .debug_macro   0x000236ee      0x22c ./Core/Src/adc.o
 .debug_macro   0x0002391a       0x61 ./Core/Src/adc.o
 .debug_macro   0x0002397b       0xa5 ./Core/Src/adc.o
 .debug_macro   0x00023a20      0x122 ./Core/Src/adc.o
 .debug_macro   0x00023b42      0x3d1 ./Core/Src/adc.o
 .debug_macro   0x00023f13      0xc0b ./Core/Src/adc.o
 .debug_macro   0x00024b1e      0x718 ./Core/Src/adc.o
 .debug_macro   0x00025236      0x693 ./Core/Src/adc.o
 .debug_macro   0x000258c9       0xa6 ./Core/Src/adc.o
 .debug_macro   0x0002596f      0x358 ./Core/Src/adc.o
 .debug_macro   0x00025cc7      0x118 ./Core/Src/adc.o
 .debug_macro   0x00025ddf      0x223 ./Core/Src/dma.o
 .debug_macro   0x00026002      0x23f ./Core/Src/encoder.o
 .debug_macro   0x00026241      0x223 ./Core/Src/gpio.o
 .debug_macro   0x00026464      0x223 ./Core/Src/i2c.o
 .debug_macro   0x00026687      0x30f ./Core/Src/lcd_hd44780_i2c.o
 .debug_macro   0x00026996       0x2a ./Core/Src/lcd_hd44780_i2c.o
 .debug_macro   0x000269c0       0x5b ./Core/Src/lcd_hd44780_i2c.o
 .debug_macro   0x00026a1b       0x94 ./Core/Src/lcd_hd44780_i2c.o
 .debug_macro   0x00026aaf       0x43 ./Core/Src/lcd_hd44780_i2c.o
 .debug_macro   0x00026af2       0x34 ./Core/Src/lcd_hd44780_i2c.o
 .debug_macro   0x00026b26       0x16 ./Core/Src/lcd_hd44780_i2c.o
 .debug_macro   0x00026b3c      0x11c ./Core/Src/lcd_hd44780_i2c.o
 .debug_macro   0x00026c58       0x94 ./Core/Src/lcd_hd44780_i2c.o
 .debug_macro   0x00026cec       0x16 ./Core/Src/lcd_hd44780_i2c.o
 .debug_macro   0x00026d02       0x43 ./Core/Src/lcd_hd44780_i2c.o
 .debug_macro   0x00026d45       0x57 ./Core/Src/lcd_hd44780_i2c.o
 .debug_macro   0x00026d9c       0x34 ./Core/Src/lcd_hd44780_i2c.o
 .debug_macro   0x00026dd0       0x10 ./Core/Src/lcd_hd44780_i2c.o
 .debug_macro   0x00026de0       0x58 ./Core/Src/lcd_hd44780_i2c.o
 .debug_macro   0x00026e38       0x8e ./Core/Src/lcd_hd44780_i2c.o
 .debug_macro   0x00026ec6       0x1c ./Core/Src/lcd_hd44780_i2c.o
 .debug_macro   0x00026ee2      0x177 ./Core/Src/lcd_hd44780_i2c.o
 .debug_macro   0x00027059      0x369 ./Core/Src/lcd_hd44780_i2c.o
 .debug_macro   0x000273c2       0x16 ./Core/Src/lcd_hd44780_i2c.o
 .debug_macro   0x000273d8       0x29 ./Core/Src/lcd_hd44780_i2c.o
 .debug_macro   0x00027401       0x16 ./Core/Src/lcd_hd44780_i2c.o
 .debug_macro   0x00027417       0x35 ./Core/Src/lcd_hd44780_i2c.o
 .debug_macro   0x0002744c       0x20 ./Core/Src/lcd_hd44780_i2c.o
 .debug_macro   0x0002746c       0x56 ./Core/Src/lcd_hd44780_i2c.o
 .debug_macro   0x000274c2      0x112 ./Core/Src/lcd_hd44780_i2c.o
 .debug_macro   0x000275d4      0x295 ./Core/Src/main.o
 .debug_macro   0x00027869       0x22 ./Core/Src/main.o
 .debug_macro   0x0002788b       0x22 ./Core/Src/main.o
 .debug_macro   0x000278ad       0x1c ./Core/Src/main.o
 .debug_macro   0x000278c9      0x118 ./Core/Src/main.o
 .debug_macro   0x000279e1      0x235 ./Core/Src/motor.o
 .debug_macro   0x00027c16      0x256 ./Core/Src/pid.o
 .debug_macro   0x00027e6c      0x248 ./Core/Src/sensorLinha.o
 .debug_macro   0x000280b4      0x219 ./Core/Src/stm32g4xx_hal_msp.o
 .debug_macro   0x000282cd      0x223 ./Core/Src/stm32g4xx_it.o
 .debug_macro   0x000284f0      0x20a ./Core/Src/system_stm32g4xx.o
 .debug_macro   0x000286fa      0x223 ./Core/Src/tim.o
 .debug_macro   0x0002891d      0x223 ./Core/Src/usart.o
 .debug_macro   0x00028b40      0x258 ./Drivers/STM32G4xx_HAL_Driver/Src/stm32g4xx_hal.o
 .debug_macro   0x00028d98      0x227 ./Drivers/STM32G4xx_HAL_Driver/Src/stm32g4xx_hal_adc.o
 .debug_macro   0x00028fbf      0x216 ./Drivers/STM32G4xx_HAL_Driver/Src/stm32g4xx_hal_adc_ex.o
 .debug_macro   0x000291d5      0x20a ./Drivers/STM32G4xx_HAL_Driver/Src/stm32g4xx_hal_cortex.o
 .debug_macro   0x000293df      0x20a ./Drivers/STM32G4xx_HAL_Driver/Src/stm32g4xx_hal_dma.o
 .debug_macro   0x000295e9      0x211 ./Drivers/STM32G4xx_HAL_Driver/Src/stm32g4xx_hal_gpio.o
 .debug_macro   0x000297fa      0x2d6 ./Drivers/STM32G4xx_HAL_Driver/Src/stm32g4xx_hal_i2c.o
 .debug_macro   0x00029ad0      0x20a ./Drivers/STM32G4xx_HAL_Driver/Src/stm32g4xx_hal_i2c_ex.o
 .debug_macro   0x00029cda      0x234 ./Drivers/STM32G4xx_HAL_Driver/Src/stm32g4xx_hal_pwr_ex.o
 .debug_macro   0x00029f0e      0x24c ./Drivers/STM32G4xx_HAL_Driver/Src/stm32g4xx_hal_rcc.o
 .debug_macro   0x0002a15a      0x234 ./Drivers/STM32G4xx_HAL_Driver/Src/stm32g4xx_hal_rcc_ex.o
 .debug_macro   0x0002a38e      0x212 ./Drivers/STM32G4xx_HAL_Driver/Src/stm32g4xx_hal_tim.o
 .debug_macro   0x0002a5a0      0x210 ./Drivers/STM32G4xx_HAL_Driver/Src/stm32g4xx_hal_tim_ex.o
 .debug_macro   0x0002a7b0      0x235 ./Drivers/STM32G4xx_HAL_Driver/Src/stm32g4xx_hal_uart.o
 .debug_macro   0x0002a9e5      0x216 ./Drivers/STM32G4xx_HAL_Driver/Src/stm32g4xx_hal_uart_ex.o

.debug_line     0x00000000    0x226d1
 .debug_line    0x00000000      0xc8b ./Core/Src/adc.o
 .debug_line    0x00000c8b      0x7e0 ./Core/Src/dma.o
 .debug_line    0x0000146b      0x8f9 ./Core/Src/encoder.o
 .debug_line    0x00001d64      0x80b ./Core/Src/gpio.o
 .debug_line    0x0000256f      0x8d5 ./Core/Src/i2c.o