Archive member included to satisfy reference by file (symbol)

C:/ST/STM32CubeIDE_1.16.1/STM32CubeIDE/plugins/com.st.stm32cube.ide.mcu.externaltools.gnu-tools-for-stm32.12.3.rel1.win32_1.0.200.202406191623/tools/bin/../lib/gcc/arm-none-eabi/12.3.1/../../../../arm-none-eabi/lib/thumb/v7e-m+fp/hard\libc_nano.a(libc_a-exit.o)
                              C:/ST/STM32CubeIDE_1.16.1/STM32CubeIDE/plugins/com.st.stm32cube.ide.mcu.externaltools.gnu-tools-for-stm32.12.3.rel1.win32_1.0.200.202406191623/tools/bin/../lib/gcc/arm-none-eabi/12.3.1/../../../../arm-none-eabi/lib/thumb/v7e-m+fp/hard/crt0.o (exit)
C:/ST/STM32CubeIDE_1.16.1/STM32CubeIDE/plugins/com.st.stm32cube.ide.mcu.externaltools.gnu-tools-for-stm32.12.3.rel1.win32_1.0.200.202406191623/tools/bin/../lib/gcc/arm-none-eabi/12.3.1/../../../../arm-none-eabi/lib/thumb/v7e-m+fp/hard\libc_nano.a(libc_a-findfp.o)
                              C:/ST/STM32CubeIDE_1.16.1/STM32CubeIDE/plugins/com.st.stm32cube.ide.mcu.externaltools.gnu-tools-for-stm32.12.3.rel1.win32_1.0.200.202406191623/tools/bin/../lib/gcc/arm-none-eabi/12.3.1/../../../../arm-none-eabi/lib/thumb/v7e-m+fp/hard\libc_nano.a(libc_a-exit.o) (__stdio_exit_handler)
C:/ST/STM32CubeIDE_1.16.1/STM32CubeIDE/plugins/com.st.stm32cube.ide.mcu.externaltools.gnu-tools-for-stm32.12.3.rel1.win32_1.0.200.202406191623/tools/bin/../lib/gcc/arm-none-eabi/12.3.1/../../../../arm-none-eabi/lib/thumb/v7e-m+fp/hard\libc_nano.a(libc_a-fwalk.o)
                              C:/ST/STM32CubeIDE_1.16.1/STM32CubeIDE/plugins/com.st.stm32cube.ide.mcu.externaltools.gnu-tools-for-stm32.12.3.rel1.win32_1.0.200.202406191623/tools/bin/../lib/gcc/arm-none-eabi/12.3.1/../../../../arm-none-eabi/lib/thumb/v7e-m+fp/hard\libc_nano.a(libc_a-findfp.o) (_fwalk_sglue)
C:/ST/STM32CubeIDE_1.16.1/STM32CubeIDE/plugins/com.st.stm32cube.ide.mcu.externaltools.gnu-tools-for-stm32.12.3.rel1.win32_1.0.200.202406191623/tools/bin/../lib/gcc/arm-none-eabi/12.3.1/../../../../arm-none-eabi/lib/thumb/v7e-m+fp/hard\libc_nano.a(libc_a-sprintf.o)
                              ./Core/Src/lcd_hd44780_i2c.o (sprintf)
C:/ST/STM32CubeIDE_1.16.1/STM32CubeIDE/plugins/com.st.stm32cube.ide.mcu.externaltools.gnu-tools-for-stm32.12.3.rel1.win32_1.0.200.202406191623/tools/bin/../lib/gcc/arm-none-eabi/12.3.1/../../../../arm-none-eabi/lib/thumb/v7e-m+fp/hard\libc_nano.a(libc_a-stdio.o)
                              C:/ST/STM32CubeIDE_1.16.1/STM32CubeIDE/plugins/com.st.stm32cube.ide.mcu.externaltools.gnu-tools-for-stm32.12.3.rel1.win32_1.0.200.202406191623/tools/bin/../lib/gcc/arm-none-eabi/12.3.1/../../../../arm-none-eabi/lib/thumb/v7e-m+fp/hard\libc_nano.a(libc_a-findfp.o) (__sread)
C:/ST/STM32CubeIDE_1.16.1/STM32CubeIDE/plugins/com.st.stm32cube.ide.mcu.externaltools.gnu-tools-for-stm32.12.3.rel1.win32_1.0.200.202406191623/tools/bin/../lib/gcc/arm-none-eabi/12.3.1/../../../../arm-none-eabi/lib/thumb/v7e-m+fp/hard\libc_nano.a(libc_a-memset.o)
                              C:/ST/STM32CubeIDE_1.16.1/STM32CubeIDE/plugins/com.st.stm32cube.ide.mcu.externaltools.gnu-tools-for-stm32.12.3.rel1.win32_1.0.200.202406191623/tools/bin/../lib/gcc/arm-none-eabi/12.3.1/../../../../arm-none-eabi/lib/thumb/v7e-m+fp/hard/crt0.o (memset)
C:/ST/STM32CubeIDE_1.16.1/STM32CubeIDE/plugins/com.st.stm32cube.ide.mcu.externaltools.gnu-tools-for-stm32.12.3.rel1.win32_1.0.200.202406191623/tools/bin/../lib/gcc/arm-none-eabi/12.3.1/../../../../arm-none-eabi/lib/thumb/v7e-m+fp/hard\libc_nano.a(libc_a-closer.o)
                              C:/ST/STM32CubeIDE_1.16.1/STM32CubeIDE/plugins/com.st.stm32cube.ide.mcu.externaltools.gnu-tools-for-stm32.12.3.rel1.win32_1.0.200.202406191623/tools/bin/../lib/gcc/arm-none-eabi/12.3.1/../../../../arm-none-eabi/lib/thumb/v7e-m+fp/hard\libc_nano.a(libc_a-stdio.o) (_close_r)
C:/ST/STM32CubeIDE_1.16.1/STM32CubeIDE/plugins/com.st.stm32cube.ide.mcu.externaltools.gnu-tools-for-stm32.12.3.rel1.win32_1.0.200.202406191623/tools/bin/../lib/gcc/arm-none-eabi/12.3.1/../../../../arm-none-eabi/lib/thumb/v7e-m+fp/hard\libc_nano.a(libc_a-reent.o)
                              C:/ST/STM32CubeIDE_1.16.1/STM32CubeIDE/plugins/com.st.stm32cube.ide.mcu.externaltools.gnu-tools-for-stm32.12.3.rel1.win32_1.0.200.202406191623/tools/bin/../lib/gcc/arm-none-eabi/12.3.1/../../../../arm-none-eabi/lib/thumb/v7e-m+fp/hard\libc_nano.a(libc_a-closer.o) (errno)
C:/ST/STM32CubeIDE_1.16.1/STM32CubeIDE/plugins/com.st.stm32cube.ide.mcu.externaltools.gnu-tools-for-stm32.12.3.rel1.win32_1.0.200.202406191623/tools/bin/../lib/gcc/arm-none-eabi/12.3.1/../../../../arm-none-eabi/lib/thumb/v7e-m+fp/hard\libc_nano.a(libc_a-impure.o)
                              C:/ST/STM32CubeIDE_1.16.1/STM32CubeIDE/plugins/com.st.stm32cube.ide.mcu.externaltools.gnu-tools-for-stm32.12.3.rel1.win32_1.0.200.202406191623/tools/bin/../lib/gcc/arm-none-eabi/12.3.1/../../../../arm-none-eabi/lib/thumb/v7e-m+fp/hard\libc_nano.a(libc_a-sprintf.o) (_impure_ptr)
[...]
Memory Configuration

Name             Origin             Length             Attributes
RAM              0x20000000         0x00020000         xrw
FLASH            0x08000000         0x00080000         xr
*default*        0x00000000         0xffffffff

Linker script and memory map

LOAD C:/ST/STM32CubeIDE_1.16.1/STM32CubeIDE/plugins/com.st.stm32cube.ide.mcu.externaltools.gnu-tools-for-stm32.12.3.rel1.win32_1.0.200.202406191623/tools/bin/../lib/gcc/arm-none-eabi/12.3.1/thumb/v7e-m+fp/hard/crti.o
LOAD C:/ST/STM32CubeIDE_1.16.1/STM32CubeIDE/plugins/com.st.stm32cube.ide.mcu.externaltools.gnu-tools-for-stm32.12.3.rel1.win32_1.0.200.202406191623/tools/bin/../lib/gcc/arm-none-eabi/12.3.1/thumb/v7e-m+fp/hard/crtbegin.o
LOAD C:/ST/STM32CubeIDE_1.16.1/STM32CubeIDE/plugins/com.st.stm32cube.ide.mcu.externaltools.gnu-tools-for-stm32.12.3.rel1.win32_1.0.200.202406191623/tools/bin/../lib/gcc/arm-none-eabi/12.3.1/../../../../arm-none-eabi/lib/thumb/v7e-m+fp/hard/crt0.o
LOAD ./Core/Src/adc.o
LOAD ./Core/Src/dma.o
LOAD ./Core/Src/encoder.o
LOAD ./Core/Src/gpio.o
LOAD ./Core/Src/i2c.o
LOAD ./Core/Src/lcd.o
LOAD ./Core/Src/lcd_hd44780_i2c.o
LOAD ./Core/Src/led.o
LOAD ./Core/Src/light_printf.o
LOAD ./Core/Src/main.o
LOAD ./Core/Src/motor.o
LOAD ./Core/Src/sensorLinha.o
LOAD ./Core/Src/stm32g4xx_hal_msp.o
LOAD ./Core/Src/stm32g4xx_it.o
LOAD ./Core/Src/syscalls.o
LOAD ./Core/Src/sysmem.o
LOAD ./Core/Src/system_stm32g4xx.o
LOAD ./Core/Src/tim.o
LOAD ./Core/Src/usart.o
LOAD ./Core/Startup/startup_stm32g474retx.o
LOAD ./Drivers/STM32G4xx_HAL_Driver/Src/stm32g4xx_hal.o
LOAD ./Drivers/STM32G4xx_HAL_Driver/Src/stm32g4xx_hal_adc.o
LOAD ./Drivers/STM32G4xx_HAL_Driver/Src/stm32g4xx_hal_adc_ex.o
LOAD ./Drivers/STM32G4xx_HAL_Driver/Src/stm32g4xx_hal_cortex.o
LOAD ./Drivers/STM32G4xx_HAL_Driver/Src/stm32g4xx_hal_dma.o
LOAD ./Drivers/STM32G4xx_HAL_Driver/Src/stm32g4xx_hal_dma_ex.o
LOAD ./Drivers/STM32G4xx_HAL_Driver/Src/stm32g4xx_hal_exti.o
LOAD ./Drivers/STM32G4xx_HAL_Driver/Src/stm32g4xx_hal_flash.o
LOAD ./Drivers/STM32G4xx_HAL_Driver/Src/stm32g4xx_hal_flash_ex.o
LOAD ./Drivers/STM32G4xx_HAL_Driver/Src/stm32g4xx_hal_flash_ramfunc.o
LOAD ./Drivers/STM32G4xx_HAL_Driver/Src/stm32g4xx_hal_gpio.o
LOAD ./Drivers/STM32G4xx_HAL_Driver/Src/stm32g4xx_hal_i2c.o
LOAD ./Drivers/STM32G4xx_HAL_Driver/Src/stm32g4xx_hal_i2c_ex.o
LOAD ./Drivers/STM32G4xx_HAL_Driver/Src/stm32g4xx_hal_pwr.o
LOAD ./Drivers/STM32G4xx_HAL_Driver/Src/stm32g4xx_hal_pwr_ex.o
LOAD ./Drivers/STM32G4xx_HAL_Driver/Src/stm32g4xx_hal_rcc.o
LOAD ./Drivers/STM32G4xx_HAL_Driver/Src/stm32g4xx_hal_rcc_ex.o
LOAD ./Drivers/STM32G4xx_HAL_Driver/Src/stm32g4xx_hal_tim.o
LOAD ./Drivers/STM32G4xx_HAL_Driver/Src/stm32g4xx_hal_tim_ex.o
LOAD ./Drivers/STM32G4xx_HAL_Driver/Src/stm32g4xx_hal_uart.o
LOAD ./Drivers/STM32G4xx_HAL_Driver/Src/stm32g4xx_hal_uart_ex.o
LOAD ./Drivers/STM32G4xx_HAL_Driver/Src/stm32g4xx_ll_adc.o
START GROUP
LOAD C:/ST/STM32CubeIDE_1.16.1/STM32CubeIDE/plugins/com.st.stm32cube.ide.mcu.externaltools.gnu-tools-for-stm32.12.3.rel1.win32_1.0.200.202406191623/tools/bin/../lib/gcc/arm-none-eabi/12.3.1/../../../../arm-none-eabi/lib/thumb/v7e-m+fp/hard\libc_nano.a
LOAD C:/ST/STM32CubeIDE_1.16.1/STM32CubeIDE/plugins/com.st.stm32cube.ide.mcu.externaltools.gnu-tools-for-stm32.12.3.rel1.win32_1.0.200.202406191623/tools/bin/../lib/gcc/arm-none-eabi/12.3.1/../../../../arm-none-eabi/lib/thumb/v7e-m+fp/hard\libm.a
END GROUP
START GROUP
LOAD C:/ST/STM32CubeIDE_1.16.1/STM32CubeIDE/plugins/com.st.stm32cube.ide.mcu.externaltools.gnu-tools-for-stm32.12.3.rel1.win32_1.0.200.202406191623/tools/bin/../lib/gcc/arm-none-eabi/12.3.1/thumb/v7e-m+fp/hard\libgcc.a
LOAD C:/ST/STM32CubeIDE_1.16.1/STM32CubeIDE/plugins/com.st.stm32cube.ide.mcu.externaltools.gnu-tools-for-stm32.12.3.rel1.win32_1.0.200.202406191623/tools/bin/../lib/gcc/arm-none-eabi/12.3.1/../../../../arm-none-eabi/lib/thumb/v7e-m+fp/hard\libc_nano.a
END GROUP
START GROUP
LOAD C:/ST/STM32CubeIDE_1.16.1/STM32CubeIDE/plugins/com.st.stm32cube.ide.mcu.externaltools.gnu-tools-for-stm32.12.3.rel1.win32_1.0.200.202406191623/tools/bin/../lib/gcc/arm-none-eabi/12.3.1/thumb/v7e-m+fp/hard\libgcc.a
LOAD C:/ST/STM32CubeIDE_1.16.1/STM32CubeIDE/plugins/com.st.stm32cube.ide.mcu.externaltools.gnu-tools-for-stm32.12.3.rel1.win32_1.0.200.202406191623/tools/bin/../lib/gcc/arm-none-eabi/12.3.1/../../../../arm-none-eabi/lib/thumb/v7e-m+fp/hard\libc_nano.a
LOAD C:/ST/STM32CubeIDE_1.16.1/STM32CubeIDE/plugins/com.st.stm32cube.ide.mcu.externaltools.gnu-tools-for-stm32.12.3.rel1.win32_1.0.200.202406191623/tools/bin/../lib/gcc/arm-none-eabi/12.3.1/../../../../arm-none-eabi/lib/thumb/v7e-m+fp/hard\libnosys.a
END GROUP
START GROUP
LOAD C:/ST/STM32CubeIDE_1.16.1/STM32CubeIDE/plugins/com.st.stm32cube.ide.mcu.externaltools.gnu-tools-for-stm32.12.3.rel1.win32_1.0.200.202406191623/tools/bin/../lib/gcc/arm-none-eabi/12.3.1/thumb/v7e-m+fp/hard\libgcc.a
LOAD C:/ST/STM32CubeIDE_1.16.1/STM32CubeIDE/plugins/com.st.stm32cube.ide.mcu.externaltools.gnu-tools-for-stm32.12.3.rel1.win32_1.0.200.202406191623/tools/bin/../lib/gcc/arm-none-eabi/12.3.1/../../../../arm-none-eabi/lib/thumb/v7e-m+fp/hard\libc_nano.a
LOAD C:/ST/STM32CubeIDE_1.16.1/STM32CubeIDE/plugins/com.st.stm32cube.ide.mcu.externaltools.gnu-tools-for-stm32.12.3.rel1.win32_1.0.200.202406191623/tools/bin/../lib/gcc/arm-none-eabi/12.3.1/../../../../arm-none-eabi/lib/thumb/v7e-m+fp/hard\libnosys.a
END GROUP
LOAD C:/ST/STM32CubeIDE_1.16.1/STM32CubeIDE/plugins/com.st.stm32cube.ide.mcu.externaltools.gnu-tools-for-stm32.12.3.rel1.win32_1.0.200.202406191623/tools/bin/../lib/gcc/arm-none-eabi/12.3.1/thumb/v7e-m+fp/hard/crtend.o
LOAD C:/ST/STM32CubeIDE_1.16.1/STM32CubeIDE/plugins/com.st.stm32cube.ide.mcu.externaltools.gnu-tools-for-stm32.12.3.rel1.win32_1.0.200.202406191623/tools/bin/../lib/gcc/arm-none-eabi/12.3.1/thumb/v7e-m+fp/hard/crtn.o
                0x20020000                        _estack = (ORIGIN (RAM) + LENGTH (RAM))
                0x00000200                        _Min_Heap_Size = 0x200
                0x00000400                        _Min_Stack_Size = 0x400

.isr_vector     0x08000000      0x1d8
                0x08000000                        . = ALIGN (0x4)
 *(.isr_vector)
 .isr_vector    0x08000000      0x1d8 ./Core/Startup/startup_stm32g474retx.o
                0x08000000                g_pfnVectors
                0x080001d8                        . = ALIGN (0x4)

.text           0x080001e0     0xbb70
                0x080001e0                        . = ALIGN (0x4)
 *(.text)
 .text          0x080001e0       0x40 C:/ST/STM32CubeIDE_1.16.1/STM32CubeIDE/plugins/com.st.stm32cube.ide.mcu.externaltools.gnu-tools-for-stm32.12.3.rel1.win32_1.0.200.202406191623/tools/bin/../lib/gcc/arm-none-eabi/12.3.1/thumb/v7e-m+fp/hard/crtbegin.o
 .text          0x08000220       0x10 C:/ST/STM32CubeIDE_1.16.1/STM32CubeIDE/plugins/com.st.stm32cube.ide.mcu.externaltools.gnu-tools-for-stm32.12.3.rel1.win32_1.0.200.202406191623/tools/bin/../lib/gcc/arm-none-eabi/12.3.1/../../../../arm-none-eabi/lib/thumb/v7e-m+fp/hard\libc_nano.a(libc_a-strlen.o)
                0x08000220                strlen
 .text          0x08000230       0xa0 C:/ST/STM32CubeIDE_1.16.1/STM32CubeIDE/plugins/com.st.stm32cube.ide.mcu.externaltools.gnu-tools-for-stm32.12.3.rel1.win32_1.0.200.202406191623/tools/bin/../lib/gcc/arm-none-eabi/12.3.1/../../../../arm-none-eabi/lib/thumb/v7e-m+fp/hard\libc_nano.a(libc_a-memchr.o)
                0x08000230                memchr
 .text          0x080002d0      0x254 C:/ST/STM32CubeIDE_1.16.1/STM32CubeIDE/plugins/com.st.stm32cube.ide.mcu.externaltools.gnu-tools-for-stm32.12.3.rel1.win32_1.0.200.202406191623/tools/bin/../lib/gcc/arm-none-eabi/12.3.1/thumb/v7e-m+fp/hard\libgcc.a(_arm_muldf3.o)
                0x080002d0                __muldf3
                0x080002d0                __aeabi_dmul
 .text          0x08000524      0x378 C:/ST/STM32CubeIDE_1.16.1/STM32CubeIDE/plugins/com.st.stm32cube.ide.mcu.externaltools.gnu-tools-for-stm32.12.3.rel1.win32_1.0.200.202406191623/tools/bin/../lib/gcc/arm-none-eabi/12.3.1/thumb/v7e-m+fp/hard\libgcc.a(_arm_addsubdf3.o)
                0x08000524                __aeabi_drsub
                0x0800052c                __aeabi_dsub
                0x0800052c                __subdf3
                0x08000530                __aeabi_dadd
                0x08000530                __adddf3
                0x080007a8                __floatunsidf
                0x080007a8                __aeabi_ui2d
                0x080007c8                __floatsidf
                0x080007c8                __aeabi_i2d
                0x080007ec                __aeabi_f2d
                0x080007ec                __extendsfdf2
                0x08000830                __floatundidf
                0x08000830                __aeabi_ul2d
                0x08000840                __floatdidf
                0x08000840                __aeabi_l2d
 .text          0x0800089c       0xa0 C:/ST/STM32CubeIDE_1.16.1/STM32CubeIDE/plugins/com.st.stm32cube.ide.mcu.externaltools.gnu-tools-for-stm32.12.3.rel1.win32_1.0.200.202406191623/tools/bin/../lib/gcc/arm-none-eabi/12.3.1/thumb/v7e-m+fp/hard\libgcc.a(_arm_truncdfsf2.o)
                0x0800089c                __truncdfsf2
                0x0800089c                __aeabi_d2f
 .text          0x0800093c       0x30 C:/ST/STM32CubeIDE_1.16.1/STM32CubeIDE/plugins/com.st.stm32cube.ide.mcu.externaltools.gnu-tools-for-stm32.12.3.rel1.win32_1.0.200.202406191623/tools/bin/../lib/gcc/arm-none-eabi/12.3.1/thumb/v7e-m+fp/hard\libgcc.a(_aeabi_uldivmod.o)
                0x0800093c                __aeabi_uldivmod
 .text          0x0800096c      0x2bc C:/ST/STM32CubeIDE_1.16.1/STM32CubeIDE/plugins/com.st.stm32cube.ide.mcu.externaltools.gnu-tools-for-stm32.12.3.rel1.win32_1.0.200.202406191623/tools/bin/../lib/gcc/arm-none-eabi/12.3.1/thumb/v7e-m+fp/hard\libgcc.a(_udivmoddi4.o)
                0x0800096c                __udivmoddi4
 .text          0x08000c28        0x4 C:/ST/STM32CubeIDE_1.16.1/STM32CubeIDE/plugins/com.st.stm32cube.ide.mcu.externaltools.gnu-tools-for-stm32.12.3.rel1.win32_1.0.200.202406191623/tools/bin/../lib/gcc/arm-none-eabi/12.3.1/thumb/v7e-m+fp/hard\libgcc.a(_dvmd_tls.o)
                0x08000c28                __aeabi_idiv0
                0x08000c28                __aeabi_ldiv0
 *(.text*)
 .text.MX_ADC1_Init
                0x08000c2c      0x108 ./Core/Src/adc.o
                0x08000c2c                MX_ADC1_Init
 .text.MX_ADC2_Init
                0x08000d34       0xe4 ./Core/Src/adc.o
                0x08000d34                MX_ADC2_Init
 .text.MX_ADC3_Init
                0x08000e18      0x108 ./Core/Src/adc.o
                0x08000e18                MX_ADC3_Init
 .text.MX_ADC4_Init
                0x08000f20       0xe4 ./Core/Src/adc.o
                0x08000f20                MX_ADC4_Init
 .text.MX_ADC5_Init
                0x08001004       0xe4 ./Core/Src/adc.o
                0x08001004                MX_ADC5_Init
 .text.HAL_ADC_MspInit
                0x080010e8      0x4f8 ./Core/Src/adc.o
                0x080010e8                HAL_ADC_MspInit
 .text.MX_DMA_Init
                0x080015e0       0x64 ./Core/Src/dma.o
                0x080015e0                MX_DMA_Init
 .text.inicializarEncoders
                0x08001644       0x22 ./Core/Src/encoder.o
                0x08001644                inicializarEncoders
 *fill*         0x08001666        0x2 
 .text.processarCaptura
                0x08001668       0xac ./Core/Src/encoder.o
                0x08001668                processarCaptura
 .text.processarCaptura2
                0x08001714       0xac ./Core/Src/encoder.o
                0x08001714                processarCaptura2
 .text.HAL_TIM_IC_CaptureCallback
                0x080017c0       0x50 ./Core/Src/encoder.o
                0x080017c0                HAL_TIM_IC_CaptureCallback
 .text.MX_GPIO_Init
                0x08001810      0x110 ./Core/Src/gpio.o
                0x08001810                MX_GPIO_Init
 .text.MX_I2C2_Init
                0x08001920       0x80 ./Core/Src/i2c.o
                0x08001920                MX_I2C2_Init
 .text.HAL_I2C_MspInit
                0x080019a0      0x1c4 ./Core/Src/i2c.o
                0x080019a0                HAL_I2C_MspInit
 .text.lcdInit  0x08001b64      0x174 ./Core/Src/lcd_hd44780_i2c.o
                0x08001b64                lcdInit
 .text.lcdCommand
                0x08001cd8      0x1c8 ./Core/Src/lcd_hd44780_i2c.o
                0x08001cd8                lcdCommand
 .text.lcdSetCursorPosition
                0x08001ea0       0x58 ./Core/Src/lcd_hd44780_i2c.o
                0x08001ea0                lcdSetCursorPosition
 .text.lcdPrintStr
                0x08001ef8       0x38 ./Core/Src/lcd_hd44780_i2c.o
                0x08001ef8                lcdPrintStr
 .text.lcdWriteByte
                0x08001f30       0xf8 ./Core/Src/lcd_hd44780_i2c.o
 .text.vPrintMotorSpeed
                0x08002028       0xe8 ./Core/Src/lcd_hd44780_i2c.o
                0x08002028                vPrintMotorSpeed
 .text.main     0x08002110       0xec ./Core/Src/main.o
                0x08002110                main
 .text.SystemClock_Config
                0x080021fc       0x96 ./Core/Src/main.o
                0x080021fc                SystemClock_Config
 *fill*         0x08002292        0x2 
 .text.HAL_TIM_PeriodElapsedCallback
                0x08002294       0x20 ./Core/Src/main.o
                0x08002294                HAL_TIM_PeriodElapsedCallback
 .text.Error_Handler
                0x080022b4        0xc ./Core/Src/main.o
                0x080022b4                Error_Handler
 .text.vMotorInit
                0x080022c0       0x68 ./Core/Src/motor.o
                0x080022c0                vMotorInit
 .text.vSetRodasDC
                0x08002328       0xb4 ./Core/Src/motor.o
                0x08002328                vSetRodasDC
 .text.vLineSensor1Init
                0x080023dc       0x38 ./Core/Src/sensorLinha.o
                0x080023dc                vLineSensor1Init
 .text.vLineSensor2Init
                0x08002414       0x38 ./Core/Src/sensorLinha.o
                0x08002414                vLineSensor2Init
 .text.vLineSensor3Init
                0x0800244c       0x38 ./Core/Src/sensorLinha.o
                0x0800244c                vLineSensor3Init
 .text.vLineSensor4Init
                0x08002484       0x38 ./Core/Src/sensorLinha.o
                0x08002484                vLineSensor4Init
 .text.vLineSensor5Init
                0x080024bc       0x38 ./Core/Src/sensorLinha.o
                0x080024bc                vLineSensor5Init
 .text.fLineSensorCalculatePosition
                0x080024f4      0x148 ./Core/Src/sensorLinha.o
                0x080024f4                fLineSensorCalculatePosition
 .text.isSensor3DetectingLine
                0x0800263c       0x44 ./Core/Src/sensorLinha.o
                0x0800263c                isSensor3DetectingLine
 .text.isSensor4DetectingLine
                0x08002680       0x44 ./Core/Src/sensorLinha.o
                0x08002680                isSensor4DetectingLine
 .text.isSensor2DetectingLine
                0x080026c4       0x44 ./Core/Src/sensorLinha.o
                0x080026c4                isSensor2DetectingLine
 .text.ajustarVelocidadeMotores
                0x08002708      0x1a8 ./Core/Src/sensorLinha.o
                0x08002708                ajustarVelocidadeMotores
 .text.vLineSensorPIDControl
                0x080028b0      0x230 ./Core/Src/sensorLinha.o
                0x080028b0                vLineSensorPIDControl
 .text.HAL_MspInit
                0x08002ae0       0x48 ./Core/Src/stm32g4xx_hal_msp.o
                0x08002ae0                HAL_MspInit
 .text.NMI_Handler
                0x08002b28        0x8 ./Core/Src/stm32g4xx_it.o
                0x08002b28                NMI_Handler
 .text.HardFault_Handler
                0x08002b30        0x8 ./Core/Src/stm32g4xx_it.o
                0x08002b30                HardFault_Handler
 .text.MemManage_Handler
                0x08002b38        0x8 ./Core/Src/stm32g4xx_it.o
                0x08002b38                MemManage_Handler
 .text.BusFault_Handler
                0x08002b40        0x8 ./Core/Src/stm32g4xx_it.o
                0x08002b40                BusFault_Handler
 .text.UsageFault_Handler
                0x08002b48        0x8 ./Core/Src/stm32g4xx_it.o
                0x08002b48                UsageFault_Handler
 .text.SVC_Handler
                0x08002b50        0xe ./Core/Src/stm32g4xx_it.o
                0x08002b50                SVC_Handler
 .text.DebugMon_Handler
                0x08002b5e        0xe ./Core/Src/stm32g4xx_it.o
                0x08002b5e                DebugMon_Handler
 .text.PendSV_Handler
                0x08002b6c        0xe ./Core/Src/stm32g4xx_it.o
                0x08002b6c                PendSV_Handler
 .text.SysTick_Handler
                0x08002b7a        0xc ./Core/Src/stm32g4xx_it.o
                0x08002b7a                SysTick_Handler
 *fill*         0x08002b86        0x2 
 .text.DMA1_Channel6_IRQHandler
                0x08002b88       0x14 ./Core/Src/stm32g4xx_it.o
                0x08002b88                DMA1_Channel6_IRQHandler
 .text.DMA1_Channel7_IRQHandler
                0x08002b9c       0x14 ./Core/Src/stm32g4xx_it.o
                0x08002b9c                DMA1_Channel7_IRQHandler
 .text.TIM1_BRK_TIM15_IRQHandler
                0x08002bb0       0x1c ./Core/Src/stm32g4xx_it.o
                0x08002bb0                TIM1_BRK_TIM15_IRQHandler
 .text.TIM1_UP_TIM16_IRQHandler
                0x08002bcc       0x1c ./Core/Src/stm32g4xx_it.o
                0x08002bcc                TIM1_UP_TIM16_IRQHandler
 .text.TIM1_TRG_COM_TIM17_IRQHandler
                0x08002be8       0x1c ./Core/Src/stm32g4xx_it.o
                0x08002be8                TIM1_TRG_COM_TIM17_IRQHandler
 .text.TIM2_IRQHandler
                0x08002c04       0x14 ./Core/Src/stm32g4xx_it.o
                0x08002c04                TIM2_IRQHandler
 .text.I2C2_EV_IRQHandler
                0x08002c18       0x14 ./Core/Src/stm32g4xx_it.o
                0x08002c18                I2C2_EV_IRQHandler
 .text.I2C2_ER_IRQHandler
                0x08002c2c       0x14 ./Core/Src/stm32g4xx_it.o
                0x08002c2c                I2C2_ER_IRQHandler
 .text.EXTI15_10_IRQHandler
                0x08002c40       0x10 ./Core/Src/stm32g4xx_it.o
                0x08002c40                EXTI15_10_IRQHandler
 .text._sbrk    0x08002c50       0x6c ./Core/Src/sysmem.o
                0x08002c50                _sbrk
 .text.SystemInit
                0x08002cbc       0x24 ./Core/Src/system_stm32g4xx.o
                0x08002cbc                SystemInit
 .text.MX_TIM1_Init
                0x08002ce0      0x178 ./Core/Src/tim.o
                0x08002ce0                MX_TIM1_Init
 .text.MX_TIM2_Init
                0x08002e58       0x9c ./Core/Src/tim.o
                0x08002e58                MX_TIM2_Init
 .text.MX_TIM6_Init
                0x08002ef4       0x6c ./Core/Src/tim.o
                0x08002ef4                MX_TIM6_Init
 .text.MX_TIM15_Init
                0x08002f60       0xa4 ./Core/Src/tim.o
                0x08002f60                MX_TIM15_Init
 .text.MX_TIM16_Init
                0x08003004       0x94 ./Core/Src/tim.o
                0x08003004                MX_TIM16_Init
 .text.MX_TIM17_Init
                0x08003098       0x94 ./Core/Src/tim.o
                0x08003098                MX_TIM17_Init
 .text.HAL_TIM_Base_MspInit
                0x0800312c      0x1f4 ./Core/Src/tim.o
                0x0800312c                HAL_TIM_Base_MspInit
 .text.HAL_TIM_MspPostInit
                0x08003320       0x70 ./Core/Src/tim.o
                0x08003320                HAL_TIM_MspPostInit
 .text.MX_LPUART1_UART_Init
                0x08003390       0x94 ./Core/Src/usart.o
                0x08003390                MX_LPUART1_UART_Init
 .text.HAL_UART_MspInit
                0x08003424       0xb0 ./Core/Src/usart.o
                0x08003424                HAL_UART_MspInit
 .text.Reset_Handler
                0x080034d4       0x50 ./Core/Startup/startup_stm32g474retx.o
                0x080034d4                Reset_Handler
 .text.Default_Handler
                0x08003524        0x2 ./Core/Startup/startup_stm32g474retx.o
                0x08003524                RTC_Alarm_IRQHandler
                0x08003524                EXTI2_IRQHandler
                0x08003524                TIM8_TRG_COM_IRQHandler
                0x08003524                TIM8_CC_IRQHandler
                0x08003524                HRTIM1_Master_IRQHandler
                0x08003524                SPI4_IRQHandler
                0x08003524                FDCAN3_IT0_IRQHandler
                0x08003524                TIM1_CC_IRQHandler
                0x08003524                HRTIM1_FLT_IRQHandler
                0x08003524                HRTIM1_TIMF_IRQHandler
                0x08003524                USB_HP_IRQHandler
                0x08003524                CORDIC_IRQHandler
                0x08003524                HRTIM1_TIMD_IRQHandler
                0x08003524                DMA2_Channel8_IRQHandler
                0x08003524                EXTI3_IRQHandler
                0x08003524                I2C3_ER_IRQHandler
                0x08003524                EXTI0_IRQHandler
                0x08003524                FPU_IRQHandler
                0x08003524                FDCAN1_IT1_IRQHandler
                0x08003524                ADC1_2_IRQHandler
                0x08003524                HRTIM1_TIME_IRQHandler
                0x08003524                SPI1_IRQHandler
                0x08003524                TIM6_DAC_IRQHandler
                0x08003524                HRTIM1_TIMC_IRQHandler
                0x08003524                TIM8_UP_IRQHandler
                0x08003524                DMA2_Channel2_IRQHandler
                0x08003524                DMA1_Channel4_IRQHandler
                0x08003524                TIM20_TRG_COM_IRQHandler
                0x08003524                USART3_IRQHandler
                0x08003524                UART5_IRQHandler
                0x08003524                ADC3_IRQHandler
                0x08003524                TIM4_IRQHandler
                0x08003524                DMA2_Channel1_IRQHandler
                0x08003524                QUADSPI_IRQHandler
                0x08003524                I2C1_EV_IRQHandler
                0x08003524                UART4_IRQHandler
                0x08003524                DMA2_Channel4_IRQHandler
                0x08003524                TIM3_IRQHandler
                0x08003524                RCC_IRQHandler
                0x08003524                TIM20_UP_IRQHandler
                0x08003524                DMA1_Channel1_IRQHandler
                0x08003524                Default_Handler
                0x08003524                DMA2_Channel7_IRQHandler
                0x08003524                RTC_TAMP_LSECSS_IRQHandler
                0x08003524                FMAC_IRQHandler
                0x08003524                DMA1_Channel8_IRQHandler
                0x08003524                HRTIM1_TIMA_IRQHandler
                0x08003524                TIM7_DAC_IRQHandler
                0x08003524                FDCAN3_IT1_IRQHandler
                0x08003524                TIM5_IRQHandler
                0x08003524                UCPD1_IRQHandler
                0x08003524                I2C3_EV_IRQHandler
                0x08003524                EXTI9_5_IRQHandler
                0x08003524                RTC_WKUP_IRQHandler
                0x08003524                PVD_PVM_IRQHandler
                0x08003524                SPI2_IRQHandler
                0x08003524                ADC5_IRQHandler
                0x08003524                DMA2_Channel5_IRQHandler
                0x08003524                CRS_IRQHandler
                0x08003524                DMA1_Channel5_IRQHandler
                0x08003524                USB_LP_IRQHandler
                0x08003524                EXTI4_IRQHandler
                0x08003524                RNG_IRQHandler
                0x08003524                HRTIM1_TIMB_IRQHandler
                0x08003524                FDCAN2_IT1_IRQHandler
                0x08003524                DMA1_Channel3_IRQHandler
                0x08003524                ADC4_IRQHandler
                0x08003524                WWDG_IRQHandler
                0x08003524                I2C4_EV_IRQHandler
                0x08003524                FDCAN2_IT0_IRQHandler
                0x08003524                LPUART1_IRQHandler
                0x08003524                DMA2_Channel6_IRQHandler
                0x08003524                FDCAN1_IT0_IRQHandler
                0x08003524                COMP7_IRQHandler
                0x08003524                COMP1_2_3_IRQHandler
                0x08003524                EXTI1_IRQHandler
                0x08003524                USART2_IRQHandler
                0x08003524                COMP4_5_6_IRQHandler
                0x08003524                TIM20_BRK_IRQHandler
                0x08003524                DMA1_Channel2_IRQHandler
                0x08003524                TIM8_BRK_IRQHandler
                0x08003524                FLASH_IRQHandler
                0x08003524                TIM20_CC_IRQHandler
                0x08003524                USART1_IRQHandler
                0x08003524                SPI3_IRQHandler
                0x08003524                I2C1_ER_IRQHandler
                0x08003524                FMC_IRQHandler
                0x08003524                LPTIM1_IRQHandler
                0x08003524                DMAMUX_OVR_IRQHandler
                0x08003524                I2C4_ER_IRQHandler
                0x08003524                USBWakeUp_IRQHandler
                0x08003524                SAI1_IRQHandler
                0x08003524                DMA2_Channel3_IRQHandler
 .text.HAL_Init
                0x08003526       0x30 ./Drivers/STM32G4xx_HAL_Driver/Src/stm32g4xx_hal.o
                0x08003526                HAL_Init
 *fill*         0x08003556        0x2 
 .text.HAL_InitTick
                0x08003558       0x74 ./Drivers/STM32G4xx_HAL_Driver/Src/stm32g4xx_hal.o
                0x08003558                HAL_InitTick
 .text.HAL_IncTick
                0x080035cc       0x24 ./Drivers/STM32G4xx_HAL_Driver/Src/stm32g4xx_hal.o
                0x080035cc                HAL_IncTick
 .text.HAL_GetTick
                0x080035f0       0x18 ./Drivers/STM32G4xx_HAL_Driver/Src/stm32g4xx_hal.o
                0x080035f0                HAL_GetTick
 .text.HAL_Delay
                0x08003608       0x44 ./Drivers/STM32G4xx_HAL_Driver/Src/stm32g4xx_hal.o
                0x08003608                HAL_Delay
 .text.LL_ADC_SetCommonClock
                0x0800364c       0x26 ./Drivers/STM32G4xx_HAL_Driver/Src/stm32g4xx_hal_adc.o
 .text.LL_ADC_SetCommonPathInternalCh
                0x08003672       0x26 ./Drivers/STM32G4xx_HAL_Driver/Src/stm32g4xx_hal_adc.o
 .text.LL_ADC_GetCommonPathInternalCh
                0x08003698       0x1c ./Drivers/STM32G4xx_HAL_Driver/Src/stm32g4xx_hal_adc.o
 .text.LL_ADC_SetOffset
                0x080036b4       0x48 ./Drivers/STM32G4xx_HAL_Driver/Src/stm32g4xx_hal_adc.o
 .text.LL_ADC_GetOffsetChannel
                0x080036fc       0x2c ./Drivers/STM32G4xx_HAL_Driver/Src/stm32g4xx_hal_adc.o
 .text.LL_ADC_SetOffsetState
                0x08003728       0x36 ./Drivers/STM32G4xx_HAL_Driver/Src/stm32g4xx_hal_adc.o
 .text.LL_ADC_SetOffsetSign
                0x0800375e       0x36 ./Drivers/STM32G4xx_HAL_Driver/Src/stm32g4xx_hal_adc.o
 .text.LL_ADC_SetOffsetSaturation
                0x08003794       0x36 ./Drivers/STM32G4xx_HAL_Driver/Src/stm32g4xx_hal_adc.o
 .text.LL_ADC_SetSamplingTimeCommonConfig
                0x080037ca       0x26 ./Drivers/STM32G4xx_HAL_Driver/Src/stm32g4xx_hal_adc.o
 .text.LL_ADC_REG_IsTriggerSourceSWStart
                0x080037f0       0x26 ./Drivers/STM32G4xx_HAL_Driver/Src/stm32g4xx_hal_adc.o
 .text.LL_ADC_REG_SetSequencerRanks
                0x08003816       0x58 ./Drivers/STM32G4xx_HAL_Driver/Src/stm32g4xx_hal_adc.o
 .text.LL_ADC_SetChannelSamplingTime
                0x0800386e       0x56 ./Drivers/STM32G4xx_HAL_Driver/Src/stm32g4xx_hal_adc.o
 .text.LL_ADC_SetChannelSingleDiff
                0x080038c4       0x48 ./Drivers/STM32G4xx_HAL_Driver/Src/stm32g4xx_hal_adc.o
 .text.LL_ADC_GetMultimode
                0x0800390c       0x1c ./Drivers/STM32G4xx_HAL_Driver/Src/stm32g4xx_hal_adc.o
 .text.LL_ADC_DisableDeepPowerDown
                0x08003928       0x24 ./Drivers/STM32G4xx_HAL_Driver/Src/stm32g4xx_hal_adc.o
 .text.LL_ADC_IsDeepPowerDownEnabled
                0x0800394c       0x28 ./Drivers/STM32G4xx_HAL_Driver/Src/stm32g4xx_hal_adc.o
 .text.LL_ADC_EnableInternalRegulator
                0x08003974       0x28 ./Drivers/STM32G4xx_HAL_Driver/Src/stm32g4xx_hal_adc.o
 .text.LL_ADC_IsInternalRegulatorEnabled
                0x0800399c       0x28 ./Drivers/STM32G4xx_HAL_Driver/Src/stm32g4xx_hal_adc.o
 .text.LL_ADC_Enable
                0x080039c4       0x28 ./Drivers/STM32G4xx_HAL_Driver/Src/stm32g4xx_hal_adc.o
 .text.LL_ADC_Disable
                0x080039ec       0x28 ./Drivers/STM32G4xx_HAL_Driver/Src/stm32g4xx_hal_adc.o
 .text.LL_ADC_IsEnabled
                0x08003a14       0x26 ./Drivers/STM32G4xx_HAL_Driver/Src/stm32g4xx_hal_adc.o
 .text.LL_ADC_IsDisableOngoing
                0x08003a3a       0x26 ./Drivers/STM32G4xx_HAL_Driver/Src/stm32g4xx_hal_adc.o
 .text.LL_ADC_REG_StartConversion
                0x08003a60       0x28 ./Drivers/STM32G4xx_HAL_Driver/Src/stm32g4xx_hal_adc.o
 .text.LL_ADC_REG_IsConversionOngoing
                0x08003a88       0x26 ./Drivers/STM32G4xx_HAL_Driver/Src/stm32g4xx_hal_adc.o
 .text.LL_ADC_INJ_IsConversionOngoing
                0x08003aae       0x26 ./Drivers/STM32G4xx_HAL_Driver/Src/stm32g4xx_hal_adc.o
 .text.HAL_ADC_Init
                0x08003ad4      0x378 ./Drivers/STM32G4xx_HAL_Driver/Src/stm32g4xx_hal_adc.o
                0x08003ad4                HAL_ADC_Init
 .text.HAL_ADC_Start_DMA
                0x08003e4c      0x1a8 ./Drivers/STM32G4xx_HAL_Driver/Src/stm32g4xx_hal_adc.o
                0x08003e4c                HAL_ADC_Start_DMA
 .text.HAL_ADC_ConvCpltCallback
                0x08003ff4       0x14 ./Drivers/STM32G4xx_HAL_Driver/Src/stm32g4xx_hal_adc.o
                0x08003ff4                HAL_ADC_ConvCpltCallback
 .text.HAL_ADC_ConvHalfCpltCallback
                0x08004008       0x14 ./Drivers/STM32G4xx_HAL_Driver/Src/stm32g4xx_hal_adc.o
                0x08004008                HAL_ADC_ConvHalfCpltCallback
 .text.HAL_ADC_ErrorCallback
                0x0800401c       0x14 ./Drivers/STM32G4xx_HAL_Driver/Src/stm32g4xx_hal_adc.o
                0x0800401c                HAL_ADC_ErrorCallback
 .text.HAL_ADC_ConfigChannel
                0x08004030      0x880 ./Drivers/STM32G4xx_HAL_Driver/Src/stm32g4xx_hal_adc.o
                0x08004030                HAL_ADC_ConfigChannel
 .text.ADC_Enable
                0x080048b0      0x12c ./Drivers/STM32G4xx_HAL_Driver/Src/stm32g4xx_hal_adc.o
                0x080048b0                ADC_Enable
 .text.ADC_Disable
                0x080049dc       0xbe ./Drivers/STM32G4xx_HAL_Driver/Src/stm32g4xx_hal_adc.o
                0x080049dc                ADC_Disable
 .text.ADC_DMAConvCplt
                0x08004a9a       0xd8 ./Drivers/STM32G4xx_HAL_Driver/Src/stm32g4xx_hal_adc.o
                0x08004a9a                ADC_DMAConvCplt
 .text.ADC_DMAHalfConvCplt
                0x08004b72       0x1c ./Drivers/STM32G4xx_HAL_Driver/Src/stm32g4xx_hal_adc.o
                0x08004b72                ADC_DMAHalfConvCplt
 .text.ADC_DMAError
                0x08004b8e       0x34 ./Drivers/STM32G4xx_HAL_Driver/Src/stm32g4xx_hal_adc.o
                0x08004b8e                ADC_DMAError
 .text.LL_ADC_IsEnabled
                0x08004bc2       0x26 ./Drivers/STM32G4xx_HAL_Driver/Src/stm32g4xx_hal_adc_ex.o
 .text.LL_ADC_StartCalibration
                0x08004be8       0x32 ./Drivers/STM32G4xx_HAL_Driver/Src/stm32g4xx_hal_adc_ex.o
 .text.LL_ADC_IsCalibrationOnGoing
                0x08004c1a       0x28 ./Drivers/STM32G4xx_HAL_Driver/Src/stm32g4xx_hal_adc_ex.o
 .text.LL_ADC_REG_IsConversionOngoing
                0x08004c42       0x26 ./Drivers/STM32G4xx_HAL_Driver/Src/stm32g4xx_hal_adc_ex.o
 .text.HAL_ADCEx_Calibration_Start
                0x08004c68       0xc4 ./Drivers/STM32G4xx_HAL_Driver/Src/stm32g4xx_hal_adc_ex.o
                0x08004c68                HAL_ADCEx_Calibration_Start
 .text.HAL_ADCEx_MultiModeConfigChannel
                0x08004d2c      0x210 ./Drivers/STM32G4xx_HAL_Driver/Src/stm32g4xx_hal_adc_ex.o
                0x08004d2c                HAL_ADCEx_MultiModeConfigChannel
 .text.__NVIC_SetPriorityGrouping
                0x08004f3c       0x48 ./Drivers/STM32G4xx_HAL_Driver/Src/stm32g4xx_hal_cortex.o
 .text.__NVIC_GetPriorityGrouping
                0x08004f84       0x1c ./Drivers/STM32G4xx_HAL_Driver/Src/stm32g4xx_hal_cortex.o
 .text.__NVIC_EnableIRQ
                0x08004fa0       0x3c ./Drivers/STM32G4xx_HAL_Driver/Src/stm32g4xx_hal_cortex.o
 .text.__NVIC_SetPriority
                0x08004fdc       0x54 ./Drivers/STM32G4xx_HAL_Driver/Src/stm32g4xx_hal_cortex.o
 .text.NVIC_EncodePriority
                0x08005030       0x66 ./Drivers/STM32G4xx_HAL_Driver/Src/stm32g4xx_hal_cortex.o
 *fill*         0x08005096        0x2 
 .text.SysTick_Config
                0x08005098       0x44 ./Drivers/STM32G4xx_HAL_Driver/Src/stm32g4xx_hal_cortex.o
 .text.HAL_NVIC_SetPriorityGrouping
                0x080050dc       0x16 ./Drivers/STM32G4xx_HAL_Driver/Src/stm32g4xx_hal_cortex.o
                0x080050dc                HAL_NVIC_SetPriorityGrouping
 .text.HAL_NVIC_SetPriority
                0x080050f2       0x34 ./Drivers/STM32G4xx_HAL_Driver/Src/stm32g4xx_hal_cortex.o
                0x080050f2                HAL_NVIC_SetPriority
 .text.HAL_NVIC_EnableIRQ
                0x08005126       0x1c ./Drivers/STM32G4xx_HAL_Driver/Src/stm32g4xx_hal_cortex.o
                0x08005126                HAL_NVIC_EnableIRQ
 .text.HAL_SYSTICK_Config
                0x08005142       0x18 ./Drivers/STM32G4xx_HAL_Driver/Src/stm32g4xx_hal_cortex.o
                0x08005142                HAL_SYSTICK_Config
 *fill*         0x0800515a        0x2 
 .text.HAL_DMA_Init
                0x0800515c      0x150 ./Drivers/STM32G4xx_HAL_Driver/Src/stm32g4xx_hal_dma.o
                0x0800515c                HAL_DMA_Init
 .text.HAL_DMA_Start_IT
                0x080052ac       0xf6 ./Drivers/STM32G4xx_HAL_Driver/Src/stm32g4xx_hal_dma.o
                0x080052ac                HAL_DMA_Start_IT
 .text.HAL_DMA_Abort_IT
                0x080053a2       0xce ./Drivers/STM32G4xx_HAL_Driver/Src/stm32g4xx_hal_dma.o
                0x080053a2                HAL_DMA_Abort_IT
 .text.HAL_DMA_IRQHandler
                0x08005470      0x15e ./Drivers/STM32G4xx_HAL_Driver/Src/stm32g4xx_hal_dma.o
                0x08005470                HAL_DMA_IRQHandler
 .text.HAL_DMA_GetState
                0x080055ce       0x1c ./Drivers/STM32G4xx_HAL_Driver/Src/stm32g4xx_hal_dma.o
                0x080055ce                HAL_DMA_GetState
 .text.DMA_SetConfig
                0x080055ea       0x7c ./Drivers/STM32G4xx_HAL_Driver/Src/stm32g4xx_hal_dma.o
 *fill*         0x08005666        0x2 
 .text.DMA_CalcDMAMUXChannelBaseAndMask
                0x08005668       0x7c ./Drivers/STM32G4xx_HAL_Driver/Src/stm32g4xx_hal_dma.o
 .text.DMA_CalcDMAMUXRequestGenBaseAndMask
                0x080056e4       0x48 ./Drivers/STM32G4xx_HAL_Driver/Src/stm32g4xx_hal_dma.o
 .text.HAL_GPIO_Init
                0x0800572c      0x304 ./Drivers/STM32G4xx_HAL_Driver/Src/stm32g4xx_hal_gpio.o
                0x0800572c                HAL_GPIO_Init
 .text.HAL_GPIO_WritePin
                0x08005a30       0x30 ./Drivers/STM32G4xx_HAL_Driver/Src/stm32g4xx_hal_gpio.o
                0x08005a30                HAL_GPIO_WritePin
 .text.HAL_GPIO_EXTI_IRQHandler
                0x08005a60       0x30 ./Drivers/STM32G4xx_HAL_Driver/Src/stm32g4xx_hal_gpio.o
                0x08005a60                HAL_GPIO_EXTI_IRQHandler
 .text.HAL_GPIO_EXTI_Callback
                0x08005a90       0x16 ./Drivers/STM32G4xx_HAL_Driver/Src/stm32g4xx_hal_gpio.o
                0x08005a90                HAL_GPIO_EXTI_Callback
 .text.HAL_I2C_Init
                0x08005aa6      0x136 ./Drivers/STM32G4xx_HAL_Driver/Src/stm32g4xx_hal_i2c.o
                0x08005aa6                HAL_I2C_Init
 .text.HAL_I2C_Master_Transmit_DMA
                0x08005bdc      0x228 ./Drivers/STM32G4xx_HAL_Driver/Src/stm32g4xx_hal_i2c.o
                0x08005bdc                HAL_I2C_Master_Transmit_DMA
 .text.HAL_I2C_EV_IRQHandler
                0x08005e04       0x34 ./Drivers/STM32G4xx_HAL_Driver/Src/stm32g4xx_hal_i2c.o
                0x08005e04                HAL_I2C_EV_IRQHandler
 .text.HAL_I2C_ER_IRQHandler
                0x08005e38       0xb6 ./Drivers/STM32G4xx_HAL_Driver/Src/stm32g4xx_hal_i2c.o
                0x08005e38                HAL_I2C_ER_IRQHandler
 .text.HAL_I2C_MasterTxCpltCallback
                0x08005eee       0x14 ./Drivers/STM32G4xx_HAL_Driver/Src/stm32g4xx_hal_i2c.o
                0x08005eee                HAL_I2C_MasterTxCpltCallback
 .text.HAL_I2C_MasterRxCpltCallback
                0x08005f02       0x14 ./Drivers/STM32G4xx_HAL_Driver/Src/stm32g4xx_hal_i2c.o
                0x08005f02                HAL_I2C_MasterRxCpltCallback
 .text.HAL_I2C_SlaveTxCpltCallback
                0x08005f16       0x14 ./Drivers/STM32G4xx_HAL_Driver/Src/stm32g4xx_hal_i2c.o
                0x08005f16                HAL_I2C_SlaveTxCpltCallback
 .text.HAL_I2C_SlaveRxCpltCallback
                0x08005f2a       0x14 ./Drivers/STM32G4xx_HAL_Driver/Src/stm32g4xx_hal_i2c.o
                0x08005f2a                HAL_I2C_SlaveRxCpltCallback
 .text.HAL_I2C_AddrCallback
                0x08005f3e       0x1c ./Drivers/STM32G4xx_HAL_Driver/Src/stm32g4xx_hal_i2c.o
                0x08005f3e                HAL_I2C_AddrCallback
 .text.HAL_I2C_ListenCpltCallback
                0x08005f5a       0x14 ./Drivers/STM32G4xx_HAL_Driver/Src/stm32g4xx_hal_i2c.o
                0x08005f5a                HAL_I2C_ListenCpltCallback
 .text.HAL_I2C_MemTxCpltCallback
                0x08005f6e       0x14 ./Drivers/STM32G4xx_HAL_Driver/Src/stm32g4xx_hal_i2c.o
                0x08005f6e                HAL_I2C_MemTxCpltCallback
 .text.HAL_I2C_MemRxCpltCallback
                0x08005f82       0x14 ./Drivers/STM32G4xx_HAL_Driver/Src/stm32g4xx_hal_i2c.o
                0x08005f82                HAL_I2C_MemRxCpltCallback
 .text.HAL_I2C_ErrorCallback
                0x08005f96       0x14 ./Drivers/STM32G4xx_HAL_Driver/Src/stm32g4xx_hal_i2c.o
                0x08005f96                HAL_I2C_ErrorCallback
 .text.HAL_I2C_AbortCpltCallback
                0x08005faa       0x14 ./Drivers/STM32G4xx_HAL_Driver/Src/stm32g4xx_hal_i2c.o
                0x08005faa                HAL_I2C_AbortCpltCallback
 .text.HAL_I2C_GetState
                0x08005fbe       0x1c ./Drivers/STM32G4xx_HAL_Driver/Src/stm32g4xx_hal_i2c.o
                0x08005fbe                HAL_I2C_GetState
 .text.I2C_Master_ISR_IT
                0x08005fda      0x24e ./Drivers/STM32G4xx_HAL_Driver/Src/stm32g4xx_hal_i2c.o
 .text.I2C_Slave_ISR_IT
                0x08006228      0x1f2 ./Drivers/STM32G4xx_HAL_Driver/Src/stm32g4xx_hal_i2c.o
 .text.I2C_Master_ISR_DMA
                0x0800641a      0x1d6 ./Drivers/STM32G4xx_HAL_Driver/Src/stm32g4xx_hal_i2c.o
 .text.I2C_Mem_ISR_DMA
                0x080065f0      0x24c ./Drivers/STM32G4xx_HAL_Driver/Src/stm32g4xx_hal_i2c.o
 .text.I2C_Slave_ISR_DMA
                0x0800683c      0x1ae ./Drivers/STM32G4xx_HAL_Driver/Src/stm32g4xx_hal_i2c.o
 .text.I2C_ITAddrCplt
                0x080069ea      0x108 ./Drivers/STM32G4xx_HAL_Driver/Src/stm32g4xx_hal_i2c.o
 .text.I2C_ITMasterSeqCplt
                0x08006af2       0x7a ./Drivers/STM32G4xx_HAL_Driver/Src/stm32g4xx_hal_i2c.o
 .text.I2C_ITSlaveSeqCplt
                0x08006b6c       0xb8 ./Drivers/STM32G4xx_HAL_Driver/Src/stm32g4xx_hal_i2c.o
 .text.I2C_ITMasterCplt
                0x08006c24      0x190 ./Drivers/STM32G4xx_HAL_Driver/Src/stm32g4xx_hal_i2c.o
 .text.I2C_ITSlaveCplt
                0x08006db4      0x2c8 ./Drivers/STM32G4xx_HAL_Driver/Src/stm32g4xx_hal_i2c.o
 .text.I2C_ITListenCplt
                0x0800707c       0xa8 ./Drivers/STM32G4xx_HAL_Driver/Src/stm32g4xx_hal_i2c.o
 .text.I2C_ITError
                0x08007124      0x1e0 ./Drivers/STM32G4xx_HAL_Driver/Src/stm32g4xx_hal_i2c.o
 .text.I2C_TreatErrorCallback
                0x08007304       0x4e ./Drivers/STM32G4xx_HAL_Driver/Src/stm32g4xx_hal_i2c.o
 .text.I2C_Flush_TXDR
                0x08007352       0x48 ./Drivers/STM32G4xx_HAL_Driver/Src/stm32g4xx_hal_i2c.o
 .text.I2C_DMAMasterTransmitCplt
                0x0800739a       0x96 ./Drivers/STM32G4xx_HAL_Driver/Src/stm32g4xx_hal_i2c.o
 .text.I2C_DMAError
                0x08007430       0x2e ./Drivers/STM32G4xx_HAL_Driver/Src/stm32g4xx_hal_i2c.o
 .text.I2C_DMAAbort
                0x0800745e       0x3c ./Drivers/STM32G4xx_HAL_Driver/Src/stm32g4xx_hal_i2c.o
 *fill*         0x0800749a        0x2 
 .text.I2C_TransferConfig
                0x0800749c       0x64 ./Drivers/STM32G4xx_HAL_Driver/Src/stm32g4xx_hal_i2c.o
 .text.I2C_Enable_IRQ
                0x08007500      0x108 ./Drivers/STM32G4xx_HAL_Driver/Src/stm32g4xx_hal_i2c.o
 .text.I2C_Disable_IRQ
                0x08007608       0xbc ./Drivers/STM32G4xx_HAL_Driver/Src/stm32g4xx_hal_i2c.o
 .text.HAL_I2CEx_ConfigAnalogFilter
                0x080076c4       0x96 ./Drivers/STM32G4xx_HAL_Driver/Src/stm32g4xx_hal_i2c_ex.o
                0x080076c4                HAL_I2CEx_ConfigAnalogFilter
 .text.HAL_I2CEx_ConfigDigitalFilter
                0x0800775a       0x98 ./Drivers/STM32G4xx_HAL_Driver/Src/stm32g4xx_hal_i2c_ex.o
                0x0800775a                HAL_I2CEx_ConfigDigitalFilter
 *fill*         0x080077f2        0x2 
 .text.HAL_PWREx_ControlVoltageScaling
                0x080077f4      0x148 ./Drivers/STM32G4xx_HAL_Driver/Src/stm32g4xx_hal_pwr_ex.o
                0x080077f4                HAL_PWREx_ControlVoltageScaling
 .text.HAL_PWREx_DisableUCPDDeadBattery
                0x0800793c       0x20 ./Drivers/STM32G4xx_HAL_Driver/Src/stm32g4xx_hal_pwr_ex.o
                0x0800793c                HAL_PWREx_DisableUCPDDeadBattery
 .text.HAL_RCC_OscConfig
                0x0800795c      0x624 ./Drivers/STM32G4xx_HAL_Driver/Src/stm32g4xx_hal_rcc.o
                0x0800795c                HAL_RCC_OscConfig
 .text.HAL_RCC_ClockConfig
                0x08007f80      0x278 ./Drivers/STM32G4xx_HAL_Driver/Src/stm32g4xx_hal_rcc.o
                0x08007f80                HAL_RCC_ClockConfig
 .text.HAL_RCC_GetSysClockFreq
                0x080081f8       0xc4 ./Drivers/STM32G4xx_HAL_Driver/Src/stm32g4xx_hal_rcc.o
                0x080081f8                HAL_RCC_GetSysClockFreq
 .text.HAL_RCC_GetHCLKFreq
                0x080082bc       0x18 ./Drivers/STM32G4xx_HAL_Driver/Src/stm32g4xx_hal_rcc.o
                0x080082bc                HAL_RCC_GetHCLKFreq
 .text.HAL_RCC_GetPCLK1Freq
                0x080082d4       0x2c ./Drivers/STM32G4xx_HAL_Driver/Src/stm32g4xx_hal_rcc.o
                0x080082d4                HAL_RCC_GetPCLK1Freq
 .text.HAL_RCC_GetPCLK2Freq
                0x08008300       0x2c ./Drivers/STM32G4xx_HAL_Driver/Src/stm32g4xx_hal_rcc.o
                0x08008300                HAL_RCC_GetPCLK2Freq
 .text.RCC_GetSysClockFreqFromPLLSource
                0x0800832c       0x8c ./Drivers/STM32G4xx_HAL_Driver/Src/stm32g4xx_hal_rcc.o
 .text.HAL_RCCEx_PeriphCLKConfig
                0x080083b8      0x49c ./Drivers/STM32G4xx_HAL_Driver/Src/stm32g4xx_hal_rcc_ex.o
                0x080083b8                HAL_RCCEx_PeriphCLKConfig
 .text.HAL_TIM_Base_Init
                0x08008854       0xae ./Drivers/STM32G4xx_HAL_Driver/Src/stm32g4xx_hal_tim.o
                0x08008854                HAL_TIM_Base_Init
 *fill*         0x08008902        0x2 
 .text.HAL_TIM_Base_Start_IT
                0x08008904       0xf0 ./Drivers/STM32G4xx_HAL_Driver/Src/stm32g4xx_hal_tim.o
                0x08008904                HAL_TIM_Base_Start_IT
 .text.HAL_TIM_PWM_Init
                0x080089f4       0xae ./Drivers/STM32G4xx_HAL_Driver/Src/stm32g4xx_hal_tim.o
                0x080089f4                HAL_TIM_PWM_Init
 .text.HAL_TIM_PWM_MspInit
                0x08008aa2       0x14 ./Drivers/STM32G4xx_HAL_Driver/Src/stm32g4xx_hal_tim.o
                0x08008aa2                HAL_TIM_PWM_MspInit
 *fill*         0x08008ab6        0x2 
 .text.HAL_TIM_PWM_Start
                0x08008ab8      0x224 ./Drivers/STM32G4xx_HAL_Driver/Src/stm32g4xx_hal_tim.o
                0x08008ab8                HAL_TIM_PWM_Start
 .text.HAL_TIM_IC_Init
                0x08008cdc       0xae ./Drivers/STM32G4xx_HAL_Driver/Src/stm32g4xx_hal_tim.o
                0x08008cdc                HAL_TIM_IC_Init
 .text.HAL_TIM_IC_MspInit
                0x08008d8a       0x14 ./Drivers/STM32G4xx_HAL_Driver/Src/stm32g4xx_hal_tim.o
                0x08008d8a                HAL_TIM_IC_MspInit
 *fill*         0x08008d9e        0x2 
 .text.HAL_TIM_IC_Start_IT
                0x08008da0      0x2a0 ./Drivers/STM32G4xx_HAL_Driver/Src/stm32g4xx_hal_tim.o
                0x08008da0                HAL_TIM_IC_Start_IT
 .text.HAL_TIM_IRQHandler
                0x08009040      0x29e ./Drivers/STM32G4xx_HAL_Driver/Src/stm32g4xx_hal_tim.o
                0x08009040                HAL_TIM_IRQHandler
 .text.HAL_TIM_IC_ConfigChannel
                0x080092de      0x138 ./Drivers/STM32G4xx_HAL_Driver/Src/stm32g4xx_hal_tim.o
                0x080092de                HAL_TIM_IC_ConfigChannel
 *fill*         0x08009416        0x2 
 .text.HAL_TIM_PWM_ConfigChannel
                0x08009418      0x228 ./Drivers/STM32G4xx_HAL_Driver/Src/stm32g4xx_hal_tim.o
                0x08009418                HAL_TIM_PWM_ConfigChannel
 .text.HAL_TIM_ConfigClockSource
                0x08009640      0x22c ./Drivers/STM32G4xx_HAL_Driver/Src/stm32g4xx_hal_tim.o
                0x08009640                HAL_TIM_ConfigClockSource
 .text.HAL_TIM_OC_DelayElapsedCallback
                0x0800986c       0x14 ./Drivers/STM32G4xx_HAL_Driver/Src/stm32g4xx_hal_tim.o
                0x0800986c                HAL_TIM_OC_DelayElapsedCallback
 .text.HAL_TIM_PWM_PulseFinishedCallback
                0x08009880       0x14 ./Drivers/STM32G4xx_HAL_Driver/Src/stm32g4xx_hal_tim.o
                0x08009880                HAL_TIM_PWM_PulseFinishedCallback
 .text.HAL_TIM_TriggerCallback
                0x08009894       0x14 ./Drivers/STM32G4xx_HAL_Driver/Src/stm32g4xx_hal_tim.o
                0x08009894                HAL_TIM_TriggerCallback
 .text.TIM_Base_SetConfig
                0x080098a8      0x168 ./Drivers/STM32G4xx_HAL_Driver/Src/stm32g4xx_hal_tim.o
                0x080098a8                TIM_Base_SetConfig
 .text.TIM_OC1_SetConfig
                0x08009a10      0x134 ./Drivers/STM32G4xx_HAL_Driver/Src/stm32g4xx_hal_tim.o
 .text.TIM_OC2_SetConfig
                0x08009b44      0x128 ./Drivers/STM32G4xx_HAL_Driver/Src/stm32g4xx_hal_tim.o
                0x08009b44                TIM_OC2_SetConfig
 .text.TIM_OC3_SetConfig
                0x08009c6c      0x124 ./Drivers/STM32G4xx_HAL_Driver/Src/stm32g4xx_hal_tim.o
 .text.TIM_OC4_SetConfig
                0x08009d90      0x128 ./Drivers/STM32G4xx_HAL_Driver/Src/stm32g4xx_hal_tim.o
 .text.TIM_OC5_SetConfig
                0x08009eb8       0xd4 ./Drivers/STM32G4xx_HAL_Driver/Src/stm32g4xx_hal_tim.o
 .text.TIM_OC6_SetConfig
                0x08009f8c       0xd8 ./Drivers/STM32G4xx_HAL_Driver/Src/stm32g4xx_hal_tim.o
 .text.TIM_TI1_SetConfig
                0x0800a064       0xe8 ./Drivers/STM32G4xx_HAL_Driver/Src/stm32g4xx_hal_tim.o
                0x0800a064                TIM_TI1_SetConfig
 .text.TIM_TI1_ConfigInputStage
                0x0800a14c       0x5e ./Drivers/STM32G4xx_HAL_Driver/Src/stm32g4xx_hal_tim.o
 .text.TIM_TI2_SetConfig
                0x0800a1aa       0x7a ./Drivers/STM32G4xx_HAL_Driver/Src/stm32g4xx_hal_tim.o
 .text.TIM_TI2_ConfigInputStage
                0x0800a224       0x60 ./Drivers/STM32G4xx_HAL_Driver/Src/stm32g4xx_hal_tim.o
 .text.TIM_TI3_SetConfig
                0x0800a284       0x78 ./Drivers/STM32G4xx_HAL_Driver/Src/stm32g4xx_hal_tim.o
 .text.TIM_TI4_SetConfig
                0x0800a2fc       0x7a ./Drivers/STM32G4xx_HAL_Driver/Src/stm32g4xx_hal_tim.o
 .text.TIM_ITRx_SetConfig
                0x0800a376       0x3a ./Drivers/STM32G4xx_HAL_Driver/Src/stm32g4xx_hal_tim.o
 .text.TIM_ETR_SetConfig
                0x0800a3b0       0x40 ./Drivers/STM32G4xx_HAL_Driver/Src/stm32g4xx_hal_tim.o
                0x0800a3b0                TIM_ETR_SetConfig
 .text.TIM_CCxChannelCmd
                0x0800a3f0       0x4a ./Drivers/STM32G4xx_HAL_Driver/Src/stm32g4xx_hal_tim.o
                0x0800a3f0                TIM_CCxChannelCmd
 *fill*         0x0800a43a        0x2 
 .text.HAL_TIMEx_MasterConfigSynchronization
                0x0800a43c      0x12c ./Drivers/STM32G4xx_HAL_Driver/Src/stm32g4xx_hal_tim_ex.o
                0x0800a43c                HAL_TIMEx_MasterConfigSynchronization
 .text.HAL_TIMEx_ConfigBreakDeadTime
                0x0800a568      0x128 ./Drivers/STM32G4xx_HAL_Driver/Src/stm32g4xx_hal_tim_ex.o
                0x0800a568                HAL_TIMEx_ConfigBreakDeadTime
 .text.HAL_TIMEx_CommutCallback
                0x0800a690       0x14 ./Drivers/STM32G4xx_HAL_Driver/Src/stm32g4xx_hal_tim_ex.o
                0x0800a690                HAL_TIMEx_CommutCallback
 .text.HAL_TIMEx_BreakCallback
                0x0800a6a4       0x14 ./Drivers/STM32G4xx_HAL_Driver/Src/stm32g4xx_hal_tim_ex.o
                0x0800a6a4                HAL_TIMEx_BreakCallback
 .text.HAL_TIMEx_Break2Callback
                0x0800a6b8       0x14 ./Drivers/STM32G4xx_HAL_Driver/Src/stm32g4xx_hal_tim_ex.o
                0x0800a6b8                HAL_TIMEx_Break2Callback
 .text.HAL_TIMEx_EncoderIndexCallback
                0x0800a6cc       0x14 ./Drivers/STM32G4xx_HAL_Driver/Src/stm32g4xx_hal_tim_ex.o
                0x0800a6cc                HAL_TIMEx_EncoderIndexCallback
 .text.HAL_TIMEx_DirectionChangeCallback
                0x0800a6e0       0x14 ./Drivers/STM32G4xx_HAL_Driver/Src/stm32g4xx_hal_tim_ex.o
                0x0800a6e0                HAL_TIMEx_DirectionChangeCallback
 .text.HAL_TIMEx_IndexErrorCallback
                0x0800a6f4       0x14 ./Drivers/STM32G4xx_HAL_Driver/Src/stm32g4xx_hal_tim_ex.o
                0x0800a6f4                HAL_TIMEx_IndexErrorCallback
 .text.HAL_TIMEx_TransitionErrorCallback
                0x0800a708       0x14 ./Drivers/STM32G4xx_HAL_Driver/Src/stm32g4xx_hal_tim_ex.o
                0x0800a708                HAL_TIMEx_TransitionErrorCallback
 .text.HAL_UART_Init
                0x0800a71c       0xa0 ./Drivers/STM32G4xx_HAL_Driver/Src/stm32g4xx_hal_uart.o
                0x0800a71c                HAL_UART_Init
 .text.UART_SetConfig
                0x0800a7bc      0x5f8 ./Drivers/STM32G4xx_HAL_Driver/Src/stm32g4xx_hal_uart.o
                0x0800a7bc                UART_SetConfig
 .text.UART_AdvFeatureConfig
                0x0800adb4      0x144 ./Drivers/STM32G4xx_HAL_Driver/Src/stm32g4xx_hal_uart.o
                0x0800adb4                UART_AdvFeatureConfig
 .text.UART_CheckIdleState
                0x0800aef8      0x154 ./Drivers/STM32G4xx_HAL_Driver/Src/stm32g4xx_hal_uart.o
                0x0800aef8                UART_CheckIdleState
 .text.UART_WaitOnFlagUntilTimeout
                0x0800b04c       0xda ./Drivers/STM32G4xx_HAL_Driver/Src/stm32g4xx_hal_uart.o
                0x0800b04c                UART_WaitOnFlagUntilTimeout
 .text.UART_EndRxTransfer
                0x0800b126       0xcc ./Drivers/STM32G4xx_HAL_Driver/Src/stm32g4xx_hal_uart.o
 .text.HAL_UARTEx_DisableFifoMode
                0x0800b1f2       0x72 ./Drivers/STM32G4xx_HAL_Driver/Src/stm32g4xx_hal_uart_ex.o
                0x0800b1f2                HAL_UARTEx_DisableFifoMode
 .text.HAL_UARTEx_SetTxFifoThreshold
                0x0800b264       0x7c ./Drivers/STM32G4xx_HAL_Driver/Src/stm32g4xx_hal_uart_ex.o
                0x0800b264                HAL_UARTEx_SetTxFifoThreshold
 .text.HAL_UARTEx_SetRxFifoThreshold
                0x0800b2e0       0x7c ./Drivers/STM32G4xx_HAL_Driver/Src/stm32g4xx_hal_uart_ex.o
                0x0800b2e0                HAL_UARTEx_SetRxFifoThreshold
 .text.UARTEx_SetNbDataToProcess
                0x0800b35c       0x9c ./Drivers/STM32G4xx_HAL_Driver/Src/stm32g4xx_hal_uart_ex.o
 .text.sprintf  0x0800b3f8       0x40 C:/ST/STM32CubeIDE_1.16.1/STM32CubeIDE/plugins/com.st.stm32cube.ide.mcu.externaltools.gnu-tools-for-stm32.12.3.rel1.win32_1.0.200.202406191623/tools/bin/../lib/gcc/arm-none-eabi/12.3.1/../../../../arm-none-eabi/lib/thumb/v7e-m+fp/hard\libc_nano.a(libc_a-sprintf.o)
                0x0800b3f8                siprintf
                0x0800b3f8                sprintf
 .text.memset   0x0800b438       0x10 C:/ST/STM32CubeIDE_1.16.1/STM32CubeIDE/plugins/com.st.stm32cube.ide.mcu.externaltools.gnu-tools-for-stm32.12.3.rel1.win32_1.0.200.202406191623/tools/bin/../lib/gcc/arm-none-eabi/12.3.1/../../../../arm-none-eabi/lib/thumb/v7e-m+fp/hard\libc_nano.a(libc_a-memset.o)
                0x0800b438                memset
 .text.__errno  0x0800b448        0xc C:/ST/STM32CubeIDE_1.16.1/STM32CubeIDE/plugins/com.st.stm32cube.ide.mcu.externaltools.gnu-tools-for-stm32.12.3.rel1.win32_1.0.200.202406191623/tools/bin/../lib/gcc/arm-none-eabi/12.3.1/../../../../arm-none-eabi/lib/thumb/v7e-m+fp/hard\libc_nano.a(libc_a-errno.o)
                0x0800b448                __errno
 .text.__libc_init_array
                0x0800b454       0x48 C:/ST/STM32CubeIDE_1.16.1/STM32CubeIDE/plugins/com.st.stm32cube.ide.mcu.externaltools.gnu-tools-for-stm32.12.3.rel1.win32_1.0.200.202406191623/tools/bin/../lib/gcc/arm-none-eabi/12.3.1/../../../../arm-none-eabi/lib/thumb/v7e-m+fp/hard\libc_nano.a(libc_a-init.o)
                0x0800b454                __libc_init_array
 .text.__retarget_lock_acquire_recursive
                0x0800b49c        0x2 C:/ST/STM32CubeIDE_1.16.1/STM32CubeIDE/plugins/com.st.stm32cube.ide.mcu.externaltools.gnu-tools-for-stm32.12.3.rel1.win32_1.0.200.202406191623/tools/bin/../lib/gcc/arm-none-eabi/12.3.1/../../../../arm-none-eabi/lib/thumb/v7e-m+fp/hard\libc_nano.a(libc_a-lock.o)
                0x0800b49c                __retarget_lock_acquire_recursive
 .text.__retarget_lock_release_recursive
                0x0800b49e        0x2 C:/ST/STM32CubeIDE_1.16.1/STM32CubeIDE/plugins/com.st.stm32cube.ide.mcu.externaltools.gnu-tools-for-stm32.12.3.rel1.win32_1.0.200.202406191623/tools/bin/../lib/gcc/arm-none-eabi/12.3.1/../../../../arm-none-eabi/lib/thumb/v7e-m+fp/hard\libc_nano.a(libc_a-lock.o)
                0x0800b49e                __retarget_lock_release_recursive
 .text._free_r  0x0800b4a0       0x94 C:/ST/STM32CubeIDE_1.16.1/STM32CubeIDE/plugins/com.st.stm32cube.ide.mcu.externaltools.gnu-tools-for-stm32.12.3.rel1.win32_1.0.200.202406191623/tools/bin/../lib/gcc/arm-none-eabi/12.3.1/../../../../arm-none-eabi/lib/thumb/v7e-m+fp/hard\libc_nano.a(libc_a-freer.o)
                0x0800b4a0                _free_r
 .text.sbrk_aligned
                0x0800b534       0x44 C:/ST/STM32CubeIDE_1.16.1/STM32CubeIDE/plugins/com.st.stm32cube.ide.mcu.externaltools.gnu-tools-for-stm32.12.3.rel1.win32_1.0.200.202406191623/tools/bin/../lib/gcc/arm-none-eabi/12.3.1/../../../../arm-none-eabi/lib/thumb/v7e-m+fp/hard\libc_nano.a(libc_a-mallocr.o)
 .text._malloc_r
                0x0800b578      0x100 C:/ST/STM32CubeIDE_1.16.1/STM32CubeIDE/plugins/com.st.stm32cube.ide.mcu.externaltools.gnu-tools-for-stm32.12.3.rel1.win32_1.0.200.202406191623/tools/bin/../lib/gcc/arm-none-eabi/12.3.1/../../../../arm-none-eabi/lib/thumb/v7e-m+fp/hard\libc_nano.a(libc_a-mallocr.o)
                0x0800b578                _malloc_r
 .text.__malloc_lock
                0x0800b678        0xc C:/ST/STM32CubeIDE_1.16.1/STM32CubeIDE/plugins/com.st.stm32cube.ide.mcu.externaltools.gnu-tools-for-stm32.12.3.rel1.win32_1.0.200.202406191623/tools/bin/../lib/gcc/arm-none-eabi/12.3.1/../../../../arm-none-eabi/lib/thumb/v7e-m+fp/hard\libc_nano.a(libc_a-mlock.o)
                0x0800b678                __malloc_lock
 .text.__malloc_unlock
                0x0800b684        0xc C:/ST/STM32CubeIDE_1.16.1/STM32CubeIDE/plugins/com.st.stm32cube.ide.mcu.externaltools.gnu-tools-for-stm32.12.3.rel1.win32_1.0.200.202406191623/tools/bin/../lib/gcc/arm-none-eabi/12.3.1/../../../../arm-none-eabi/lib/thumb/v7e-m+fp/hard\libc_nano.a(libc_a-mlock.o)
                0x0800b684                __malloc_unlock
 .text.__ssputs_r
                0x0800b690       0xb6 C:/ST/STM32CubeIDE_1.16.1/STM32CubeIDE/plugins/com.st.stm32cube.ide.mcu.externaltools.gnu-tools-for-stm32.12.3.rel1.win32_1.0.200.202406191623/tools/bin/../lib/gcc/arm-none-eabi/12.3.1/../../../../arm-none-eabi/lib/thumb/v7e-m+fp/hard\libc_nano.a(libc_a-nano-svfprintf.o)
                0x0800b690                __ssputs_r
 *fill*         0x0800b746        0x2 
 .text._svfprintf_r
                0x0800b748      0x1f8 C:/ST/STM32CubeIDE_1.16.1/STM32CubeIDE/plugins/com.st.stm32cube.ide.mcu.externaltools.gnu-tools-for-stm32.12.3.rel1.win32_1.0.200.202406191623/tools/bin/../lib/gcc/arm-none-eabi/12.3.1/../../../../arm-none-eabi/lib/thumb/v7e-m+fp/hard\libc_nano.a(libc_a-nano-svfprintf.o)
                0x0800b748                _svfiprintf_r
                0x0800b748                _svfprintf_r
 .text._printf_common
                0x0800b940       0xda C:/ST/STM32CubeIDE_1.16.1/STM32CubeIDE/plugins/com.st.stm32cube.ide.mcu.externaltools.gnu-tools-for-stm32.12.3.rel1.win32_1.0.200.202406191623/tools/bin/../lib/gcc/arm-none-eabi/12.3.1/../../../../arm-none-eabi/lib/thumb/v7e-m+fp/hard\libc_nano.a(libc_a-nano-vfprintf_i.o)
                0x0800b940                _printf_common
 *fill*         0x0800ba1a        0x2 
 .text._printf_i
                0x0800ba1c      0x240 C:/ST/STM32CubeIDE_1.16.1/STM32CubeIDE/plugins/com.st.stm32cube.ide.mcu.externaltools.gnu-tools-for-stm32.12.3.rel1.win32_1.0.200.202406191623/tools/bin/../lib/gcc/arm-none-eabi/12.3.1/../../../../arm-none-eabi/lib/thumb/v7e-m+fp/hard\libc_nano.a(libc_a-nano-vfprintf_i.o)
                0x0800ba1c                _printf_i
 .text.memmove  0x0800bc5c       0x34 C:/ST/STM32CubeIDE_1.16.1/STM32CubeIDE/plugins/com.st.stm32cube.ide.mcu.externaltools.gnu-tools-for-stm32.12.3.rel1.win32_1.0.200.202406191623/tools/bin/../lib/gcc/arm-none-eabi/12.3.1/../../../../arm-none-eabi/lib/thumb/v7e-m+fp/hard\libc_nano.a(libc_a-memmove.o)
                0x0800bc5c                memmove
 .text._sbrk_r  0x0800bc90       0x20 C:/ST/STM32CubeIDE_1.16.1/STM32CubeIDE/plugins/com.st.stm32cube.ide.mcu.externaltools.gnu-tools-for-stm32.12.3.rel1.win32_1.0.200.202406191623/tools/bin/../lib/gcc/arm-none-eabi/12.3.1/../../../../arm-none-eabi/lib/thumb/v7e-m+fp/hard\libc_nano.a(libc_a-sbrkr.o)
                0x0800bc90                _sbrk_r
 .text.memcpy   0x0800bcb0       0x1c C:/ST/STM32CubeIDE_1.16.1/STM32CubeIDE/plugins/com.st.stm32cube.ide.mcu.externaltools.gnu-tools-for-stm32.12.3.rel1.win32_1.0.200.202406191623/tools/bin/../lib/gcc/arm-none-eabi/12.3.1/../../../../arm-none-eabi/lib/thumb/v7e-m+fp/hard\libc_nano.a(libc_a-memcpy-stub.o)
                0x0800bcb0                memcpy
 .text._realloc_r
                0x0800bccc       0x5c C:/ST/STM32CubeIDE_1.16.1/STM32CubeIDE/plugins/com.st.stm32cube.ide.mcu.externaltools.gnu-tools-for-stm32.12.3.rel1.win32_1.0.200.202406191623/tools/bin/../lib/gcc/arm-none-eabi/12.3.1/../../../../arm-none-eabi/lib/thumb/v7e-m+fp/hard\libc_nano.a(libc_a-reallocr.o)
                0x0800bccc                _realloc_r
 .text._malloc_usable_size_r
                0x0800bd28       0x10 C:/ST/STM32CubeIDE_1.16.1/STM32CubeIDE/plugins/com.st.stm32cube.ide.mcu.externaltools.gnu-tools-for-stm32.12.3.rel1.win32_1.0.200.202406191623/tools/bin/../lib/gcc/arm-none-eabi/12.3.1/../../../../arm-none-eabi/lib/thumb/v7e-m+fp/hard\libc_nano.a(libc_a-msizer.o)
                0x0800bd28                _malloc_usable_size_r
 *(.glue_7)
 .glue_7        0x0800bd38        0x0 linker stubs
 *(.glue_7t)
 .glue_7t       0x0800bd38        0x0 linker stubs
 *(.eh_frame)
 .eh_frame      0x0800bd38        0x0 C:/ST/STM32CubeIDE_1.16.1/STM32CubeIDE/plugins/com.st.stm32cube.ide.mcu.externaltools.gnu-tools-for-stm32.12.3.rel1.win32_1.0.200.202406191623/tools/bin/../lib/gcc/arm-none-eabi/12.3.1/thumb/v7e-m+fp/hard/crtbegin.o
 *(.init)
 .init          0x0800bd38        0x4 C:/ST/STM32CubeIDE_1.16.1/STM32CubeIDE/plugins/com.st.stm32cube.ide.mcu.externaltools.gnu-tools-for-stm32.12.3.rel1.win32_1.0.200.202406191623/tools/bin/../lib/gcc/arm-none-eabi/12.3.1/thumb/v7e-m+fp/hard/crti.o
                0x0800bd38                _init
 .init          0x0800bd3c        0x8 C:/ST/STM32CubeIDE_1.16.1/STM32CubeIDE/plugins/com.st.stm32cube.ide.mcu.externaltools.gnu-tools-for-stm32.12.3.rel1.win32_1.0.200.202406191623/tools/bin/../lib/gcc/arm-none-eabi/12.3.1/thumb/v7e-m+fp/hard/crtn.o
 *(.fini)
 .fini          0x0800bd44        0x4 C:/ST/STM32CubeIDE_1.16.1/STM32CubeIDE/plugins/com.st.stm32cube.ide.mcu.externaltools.gnu-tools-for-stm32.12.3.rel1.win32_1.0.200.202406191623/tools/bin/../lib/gcc/arm-none-eabi/12.3.1/thumb/v7e-m+fp/hard/crti.o
                0x0800bd44                _fini
 .fini          0x0800bd48        0x8 C:/ST/STM32CubeIDE_1.16.1/STM32CubeIDE/plugins/com.st.stm32cube.ide.mcu.externaltools.gnu-tools-for-stm32.12.3.rel1.win32_1.0.200.202406191623/tools/bin/../lib/gcc/arm-none-eabi/12.3.1/thumb/v7e-m+fp/hard/crtn.o
                0x0800bd50                        . = ALIGN (0x4)
                0x0800bd50                        _etext = .

.vfp11_veneer   0x0800bd50        0x0
 .vfp11_veneer  0x0800bd50        0x0 linker stubs

.v4_bx          0x0800bd50        0x0
 .v4_bx         0x0800bd50        0x0 linker stubs

.iplt           0x0800bd50        0x0
 .iplt          0x0800bd50        0x0 C:/ST/STM32CubeIDE_1.16.1/STM32CubeIDE/plugins/com.st.stm32cube.ide.mcu.externaltools.gnu-tools-for-stm32.12.3.rel1.win32_1.0.200.202406191623/tools/bin/../lib/gcc/arm-none-eabi/12.3.1/thumb/v7e-m+fp/hard/crtbegin.o

.rodata         0x0800bd50       0xb4
                0x0800bd50                        . = ALIGN (0x4)
 *(.rodata)
 .rodata        0x0800bd50       0x28 ./Core/Src/lcd_hd44780_i2c.o
 .rodata        0x0800bd78       0x14 ./Core/Src/sensorLinha.o
 *(.rodata*)
 .rodata.lineOffsets.0
                0x0800bd8c        0x4 ./Core/Src/lcd_hd44780_i2c.o
 .rodata.AHBPrescTable
                0x0800bd90       0x10 ./Core/Src/system_stm32g4xx.o
                0x0800bd90                AHBPrescTable
 .rodata.APBPrescTable
                0x0800bda0        0x8 ./Core/Src/system_stm32g4xx.o
                0x0800bda0                APBPrescTable
 .rodata.UARTPrescTable
                0x0800bda8       0x18 ./Drivers/STM32G4xx_HAL_Driver/Src/stm32g4xx_hal_uart.o
                0x0800bda8                UARTPrescTable
 .rodata.numerator.1
                0x0800bdc0        0x8 ./Drivers/STM32G4xx_HAL_Driver/Src/stm32g4xx_hal_uart_ex.o
 .rodata.denominator.0
                0x0800bdc8        0x8 ./Drivers/STM32G4xx_HAL_Driver/Src/stm32g4xx_hal_uart_ex.o
 .rodata._svfprintf_r.str1.1
                0x0800bdd0       0x11 C:/ST/STM32CubeIDE_1.16.1/STM32CubeIDE/plugins/com.st.stm32cube.ide.mcu.externaltools.gnu-tools-for-stm32.12.3.rel1.win32_1.0.200.202406191623/tools/bin/../lib/gcc/arm-none-eabi/12.3.1/../../../../arm-none-eabi/lib/thumb/v7e-m+fp/hard\libc_nano.a(libc_a-nano-svfprintf.o)
 .rodata._printf_i.str1.1
                0x0800bde1       0x22 C:/ST/STM32CubeIDE_1.16.1/STM32CubeIDE/plugins/com.st.stm32cube.ide.mcu.externaltools.gnu-tools-for-stm32.12.3.rel1.win32_1.0.200.202406191623/tools/bin/../lib/gcc/arm-none-eabi/12.3.1/../../../../arm-none-eabi/lib/thumb/v7e-m+fp/hard\libc_nano.a(libc_a-nano-vfprintf_i.o)
                0x0800be04                        . = ALIGN (0x4)
 *fill*         0x0800be03        0x1 

.ARM.extab      0x0800be04        0x0
                0x0800be04                        . = ALIGN (0x4)
 *(.ARM.extab* .gnu.linkonce.armextab.*)
                0x0800be04                        . = ALIGN (0x4)

.ARM            0x0800be04        0x8
                0x0800be04                        . = ALIGN (0x4)
                0x0800be04                        __exidx_start = .
 *(.ARM.exidx*)
 .ARM.exidx     0x0800be04        0x8 C:/ST/STM32CubeIDE_1.16.1/STM32CubeIDE/plugins/com.st.stm32cube.ide.mcu.externaltools.gnu-tools-for-stm32.12.3.rel1.win32_1.0.200.202406191623/tools/bin/../lib/gcc/arm-none-eabi/12.3.1/../../../../arm-none-eabi/lib/thumb/v7e-m+fp/hard\libc_nano.a(libc_a-strlen.o)
 .ARM.exidx     0x0800be0c        0x0 C:/ST/STM32CubeIDE_1.16.1/STM32CubeIDE/plugins/com.st.stm32cube.ide.mcu.externaltools.gnu-tools-for-stm32.12.3.rel1.win32_1.0.200.202406191623/tools/bin/../lib/gcc/arm-none-eabi/12.3.1/../../../../arm-none-eabi/lib/thumb/v7e-m+fp/hard\libc_nano.a(libc_a-memchr.o)
                                  0x8 (size before relaxing)
 .ARM.exidx     0x0800be0c        0x0 C:/ST/STM32CubeIDE_1.16.1/STM32CubeIDE/plugins/com.st.stm32cube.ide.mcu.externaltools.gnu-tools-for-stm32.12.3.rel1.win32_1.0.200.202406191623/tools/bin/../lib/gcc/arm-none-eabi/12.3.1/thumb/v7e-m+fp/hard\libgcc.a(_udivmoddi4.o)
                                  0x8 (size before relaxing)
                0x0800be0c                        __exidx_end = .
                0x0800be0c                        . = ALIGN (0x4)

.rel.dyn        0x0800be0c        0x0
 .rel.iplt      0x0800be0c        0x0 C:/ST/STM32CubeIDE_1.16.1/STM32CubeIDE/plugins/com.st.stm32cube.ide.mcu.externaltools.gnu-tools-for-stm32.12.3.rel1.win32_1.0.200.202406191623/tools/bin/../lib/gcc/arm-none-eabi/12.3.1/thumb/v7e-m+fp/hard/crtbegin.o

.preinit_array  0x0800be0c        0x0
                0x0800be0c                        . = ALIGN (0x4)
                0x0800be0c                        PROVIDE (__preinit_array_start = .)
 *(.preinit_array*)
                0x0800be0c                        PROVIDE (__preinit_array_end = .)
                0x0800be0c                        . = ALIGN (0x4)

.init_array     0x0800be0c        0x4
                0x0800be0c                        . = ALIGN (0x4)
                0x0800be0c                        PROVIDE (__init_array_start = .)
 *(SORT_BY_NAME(.init_array.*))
 *(.init_array*)
 .init_array    0x0800be0c        0x4 C:/ST/STM32CubeIDE_1.16.1/STM32CubeIDE/plugins/com.st.stm32cube.ide.mcu.externaltools.gnu-tools-for-stm32.12.3.rel1.win32_1.0.200.202406191623/tools/bin/../lib/gcc/arm-none-eabi/12.3.1/thumb/v7e-m+fp/hard/crtbegin.o
                0x0800be10                        PROVIDE (__init_array_end = .)
                0x0800be10                        . = ALIGN (0x4)

.fini_array     0x0800be10        0x4
                0x0800be10                        . = ALIGN (0x4)
                [!provide]                        PROVIDE (__fini_array_start = .)
 *(SORT_BY_NAME(.fini_array.*))
 *(.fini_array*)
 .fini_array    0x0800be10        0x4 C:/ST/STM32CubeIDE_1.16.1/STM32CubeIDE/plugins/com.st.stm32cube.ide.mcu.externaltools.gnu-tools-for-stm32.12.3.rel1.win32_1.0.200.202406191623/tools/bin/../lib/gcc/arm-none-eabi/12.3.1/thumb/v7e-m+fp/hard/crtbegin.o
                [!provide]                        PROVIDE (__fini_array_end = .)
                0x0800be14                        . = ALIGN (0x4)
                0x0800be14                        _sidata = LOADADDR (.data)

.data           0x20000000       0x98 load address 0x0800be14
                0x20000000                        . = ALIGN (0x4)
                0x20000000                        _sdata = .
 *(.data)
 *(.data*)
 .data.minThresholds
                0x20000000       0x14 ./Core/Src/sensorLinha.o
                0x20000000                minThresholds
 .data.maxThresholds
                0x20000014       0x14 ./Core/Src/sensorLinha.o
                0x20000014                maxThresholds
 .data.Kp       0x20000028        0x4 ./Core/Src/sensorLinha.o
                0x20000028                Kp
 .data.Kd       0x2000002c        0x4 ./Core/Src/sensorLinha.o
                0x2000002c                Kd
 .data.delta_time
                0x20000030        0x4 ./Core/Src/sensorLinha.o
                0x20000030                delta_time
 .data.base_speed
                0x20000034        0x4 ./Core/Src/sensorLinha.o
                0x20000034                base_speed
 .data.max_duty_cycle
                0x20000038        0x4 ./Core/Src/sensorLinha.o
                0x20000038                max_duty_cycle
 .data.SystemCoreClock
                0x2000003c        0x4 ./Core/Src/system_stm32g4xx.o
                0x2000003c                SystemCoreClock
 .data.uwTickPrio
                0x20000040        0x4 ./Drivers/STM32G4xx_HAL_Driver/Src/stm32g4xx_hal.o
                0x20000040                uwTickPrio
 .data.uwTickFreq
                0x20000044        0x4 ./Drivers/STM32G4xx_HAL_Driver/Src/stm32g4xx_hal.o
                0x20000044                uwTickFreq
 .data._impure_ptr
                0x20000048        0x4 C:/ST/STM32CubeIDE_1.16.1/STM32CubeIDE/plugins/com.st.stm32cube.ide.mcu.externaltools.gnu-tools-for-stm32.12.3.rel1.win32_1.0.200.202406191623/tools/bin/../lib/gcc/arm-none-eabi/12.3.1/../../../../arm-none-eabi/lib/thumb/v7e-m+fp/hard\libc_nano.a(libc_a-impure.o)
                0x20000048                _impure_ptr
 .data._impure_data
                0x2000004c       0x4c C:/ST/STM32CubeIDE_1.16.1/STM32CubeIDE/plugins/com.st.stm32cube.ide.mcu.externaltools.gnu-tools-for-stm32.12.3.rel1.win32_1.0.200.202406191623/tools/bin/../lib/gcc/arm-none-eabi/12.3.1/../../../../arm-none-eabi/lib/thumb/v7e-m+fp/hard\libc_nano.a(libc_a-impure.o)
                0x2000004c                _impure_data
 *(.RamFunc)
 *(.RamFunc*)
                0x20000098                        . = ALIGN (0x4)
                0x20000098                        _edata = .

.igot.plt       0x20000098        0x0 load address 0x0800beac
 .igot.plt      0x20000098        0x0 C:/ST/STM32CubeIDE_1.16.1/STM32CubeIDE/plugins/com.st.stm32cube.ide.mcu.externaltools.gnu-tools-for-stm32.12.3.rel1.win32_1.0.200.202406191623/tools/bin/../lib/gcc/arm-none-eabi/12.3.1/thumb/v7e-m+fp/hard/crtbegin.o
                0x20000098                        . = ALIGN (0x4)

.bss            0x20000098      0x97c load address 0x0800beac
                0x20000098                        _sbss = .
                0x20000098                        __bss_start__ = _sbss
 *(.bss)
 .bss           0x20000098       0x1c C:/ST/STM32CubeIDE_1.16.1/STM32CubeIDE/plugins/com.st.stm32cube.ide.mcu.externaltools.gnu-tools-for-stm32.12.3.rel1.win32_1.0.200.202406191623/tools/bin/../lib/gcc/arm-none-eabi/12.3.1/thumb/v7e-m+fp/hard/crtbegin.o
 *(.bss*)
 .bss.hadc1     0x200000b4       0x6c ./Core/Src/adc.o
                0x200000b4                hadc1
 .bss.hadc2     0x20000120       0x6c ./Core/Src/adc.o
                0x20000120                hadc2
 .bss.hadc3     0x2000018c       0x6c ./Core/Src/adc.o
                0x2000018c                hadc3
 .bss.hadc4     0x200001f8       0x6c ./Core/Src/adc.o
                0x200001f8                hadc4
 .bss.hadc5     0x20000264       0x6c ./Core/Src/adc.o
                0x20000264                hadc5
 .bss.hdma_adc1
                0x200002d0       0x60 ./Core/Src/adc.o
                0x200002d0                hdma_adc1
 .bss.hdma_adc2
                0x20000330       0x60 ./Core/Src/adc.o
                0x20000330                hdma_adc2
 .bss.hdma_adc3
                0x20000390       0x60 ./Core/Src/adc.o
                0x20000390                hdma_adc3
 .bss.hdma_adc4
                0x200003f0       0x60 ./Core/Src/adc.o
                0x200003f0                hdma_adc4
 .bss.hdma_adc5
                0x20000450       0x60 ./Core/Src/adc.o
                0x20000450                hdma_adc5
 .bss.HAL_RCC_ADC12_CLK_ENABLED
                0x200004b0        0x4 ./Core/Src/adc.o
 .bss.HAL_RCC_ADC345_CLK_ENABLED
                0x200004b4        0x4 ./Core/Src/adc.o
 .bss.valorCaptura1
                0x200004b8        0x4 ./Core/Src/encoder.o
 .bss.valorCaptura2
                0x200004bc        0x4 ./Core/Src/encoder.o
 .bss.valorCaptura3
                0x200004c0        0x4 ./Core/Src/encoder.o
 .bss.valorCaptura4
                0x200004c4        0x4 ./Core/Src/encoder.o
 .bss.diferencaTempo
                0x200004c8        0x4 ./Core/Src/encoder.o
 .bss.flagPrimeiraCaptura
                0x200004cc        0x4 ./Core/Src/encoder.o
 .bss.diferencaTempo2
                0x200004d0        0x4 ./Core/Src/encoder.o
 .bss.flagPrimeiraCaptura2
                0x200004d4        0x4 ./Core/Src/encoder.o
 .bss.frequenciaRodaEsquerda
                0x200004d8        0x4 ./Core/Src/encoder.o
 .bss.frequenciaRodaDireita
                0x200004dc        0x4 ./Core/Src/encoder.o
 .bss.velocidadeRodaEsquerda
                0x200004e0        0x4 ./Core/Src/encoder.o
                0x200004e0                velocidadeRodaEsquerda
 .bss.velocidadeRodaDireita
                0x200004e4        0x4 ./Core/Src/encoder.o
                0x200004e4                velocidadeRodaDireita
 .bss.hi2c2     0x200004e8       0x54 ./Core/Src/i2c.o
                0x200004e8                hi2c2
 .bss.hdma_i2c2_rx
                0x2000053c       0x60 ./Core/Src/i2c.o
                0x2000053c                hdma_i2c2_rx
 .bss.hdma_i2c2_tx
                0x2000059c       0x60 ./Core/Src/i2c.o
                0x2000059c                hdma_i2c2_tx
 .bss.lcdCommandBuffer
                0x200005fc        0x6 ./Core/Src/lcd_hd44780_i2c.o
                0x200005fc                lcdCommandBuffer
 *fill*         0x20000602        0x2 
 .bss.lcdParams
                0x20000604        0xc ./Core/Src/lcd_hd44780_i2c.o
 .bss.htimRodaMotores
                0x20000610        0x4 ./Core/Src/motor.o
                0x20000610                htimRodaMotores
 .bss.sensor1ADC
                0x20000614        0x4 ./Core/Src/sensorLinha.o
                0x20000614                sensor1ADC
 .bss.sensor2ADC
                0x20000618        0x4 ./Core/Src/sensorLinha.o
                0x20000618                sensor2ADC
 .bss.sensor3ADC
                0x2000061c        0x4 ./Core/Src/sensorLinha.o
                0x2000061c                sensor3ADC
 .bss.sensor4ADC
                0x20000620        0x4 ./Core/Src/sensorLinha.o
                0x20000620                sensor4ADC
 .bss.sensor5ADC
                0x20000624        0x4 ./Core/Src/sensorLinha.o
                0x20000624                sensor5ADC
 .bss.lineSensor1Value
                0x20000628        0x4 ./Core/Src/sensorLinha.o
                0x20000628                lineSensor1Value
 .bss.lineSensor2Value
                0x2000062c        0x4 ./Core/Src/sensorLinha.o
                0x2000062c                lineSensor2Value
 .bss.lineSensor3Value
                0x20000630        0x4 ./Core/Src/sensorLinha.o
                0x20000630                lineSensor3Value
 .bss.lineSensor4Value
                0x20000634        0x4 ./Core/Src/sensorLinha.o
                0x20000634                lineSensor4Value
 .bss.lineSensor5Value
                0x20000638        0x4 ./Core/Src/sensorLinha.o
                0x20000638                lineSensor5Value
 .bss.fsaidaControladorLinha
                0x2000063c        0x4 ./Core/Src/sensorLinha.o
                0x2000063c                fsaidaControladorLinha
 .bss.fsaidaDutyEsquerda
                0x20000640        0x4 ./Core/Src/sensorLinha.o
                0x20000640                fsaidaDutyEsquerda
 .bss.fsaidaDutyDireita
                0x20000644        0x4 ./Core/Src/sensorLinha.o
                0x20000644                fsaidaDutyDireita
 .bss.posicao3  0x20000648        0x4 ./Core/Src/sensorLinha.o
                0x20000648                posicao3
 .bss.Ki        0x2000064c        0x4 ./Core/Src/sensorLinha.o
                0x2000064c                Ki
 .bss.error     0x20000650        0x4 ./Core/Src/sensorLinha.o
                0x20000650                error
 .bss.previous_error
                0x20000654        0x4 ./Core/Src/sensorLinha.o
                0x20000654                previous_error
 .bss.integral_error
                0x20000658        0x4 ./Core/Src/sensorLinha.o
                0x20000658                integral_error
 .bss.derivative_error
                0x2000065c        0x4 ./Core/Src/sensorLinha.o
                0x2000065c                derivative_error
 .bss.control_output
                0x20000660        0x4 ./Core/Src/sensorLinha.o
                0x20000660                control_output
 .bss.previous_time
                0x20000664        0x4 ./Core/Src/sensorLinha.o
                0x20000664                previous_time
 .bss.__sbrk_heap_end
                0x20000668        0x4 ./Core/Src/sysmem.o
 .bss.htim1     0x2000066c       0x4c ./Core/Src/tim.o
                0x2000066c                htim1
 .bss.htim2     0x200006b8       0x4c ./Core/Src/tim.o
                0x200006b8                htim2
 .bss.htim6     0x20000704       0x4c ./Core/Src/tim.o
                0x20000704                htim6
 .bss.htim15    0x20000750       0x4c ./Core/Src/tim.o
                0x20000750                htim15
 .bss.htim16    0x2000079c       0x4c ./Core/Src/tim.o
                0x2000079c                htim16
 .bss.htim17    0x200007e8       0x4c ./Core/Src/tim.o
                0x200007e8                htim17
 .bss.hlpuart1  0x20000834       0x94 ./Core/Src/usart.o
                0x20000834                hlpuart1
 .bss.uwTick    0x200008c8        0x4 ./Drivers/STM32G4xx_HAL_Driver/Src/stm32g4xx_hal.o
                0x200008c8                uwTick
 .bss.__sf      0x200008cc      0x138 C:/ST/STM32CubeIDE_1.16.1/STM32CubeIDE/plugins/com.st.stm32cube.ide.mcu.externaltools.gnu-tools-for-stm32.12.3.rel1.win32_1.0.200.202406191623/tools/bin/../lib/gcc/arm-none-eabi/12.3.1/../../../../arm-none-eabi/lib/thumb/v7e-m+fp/hard\libc_nano.a(libc_a-findfp.o)
                0x200008cc                __sf
 .bss.errno     0x20000a04        0x4 C:/ST/STM32CubeIDE_1.16.1/STM32CubeIDE/plugins/com.st.stm32cube.ide.mcu.externaltools.gnu-tools-for-stm32.12.3.rel1.win32_1.0.200.202406191623/tools/bin/../lib/gcc/arm-none-eabi/12.3.1/../../../../arm-none-eabi/lib/thumb/v7e-m+fp/hard\libc_nano.a(libc_a-reent.o)
                0x20000a04                errno
 .bss.__lock___malloc_recursive_mutex
                0x20000a08        0x1 C:/ST/STM32CubeIDE_1.16.1/STM32CubeIDE/plugins/com.st.stm32cube.ide.mcu.externaltools.gnu-tools-for-stm32.12.3.rel1.win32_1.0.200.202406191623/tools/bin/../lib/gcc/arm-none-eabi/12.3.1/../../../../arm-none-eabi/lib/thumb/v7e-m+fp/hard\libc_nano.a(libc_a-lock.o)
                0x20000a08                __lock___malloc_recursive_mutex
 *fill*         0x20000a09        0x3 
 .bss.__malloc_sbrk_start
                0x20000a0c        0x4 C:/ST/STM32CubeIDE_1.16.1/STM32CubeIDE/plugins/com.st.stm32cube.ide.mcu.externaltools.gnu-tools-for-stm32.12.3.rel1.win32_1.0.200.202406191623/tools/bin/../lib/gcc/arm-none-eabi/12.3.1/../../../../arm-none-eabi/lib/thumb/v7e-m+fp/hard\libc_nano.a(libc_a-mallocr.o)
                0x20000a0c                __malloc_sbrk_start
 .bss.__malloc_free_list
                0x20000a10        0x4 C:/ST/STM32CubeIDE_1.16.1/STM32CubeIDE/plugins/com.st.stm32cube.ide.mcu.externaltools.gnu-tools-for-stm32.12.3.rel1.win32_1.0.200.202406191623/tools/bin/../lib/gcc/arm-none-eabi/12.3.1/../../../../arm-none-eabi/lib/thumb/v7e-m+fp/hard\libc_nano.a(libc_a-mallocr.o)
                0x20000a10                __malloc_free_list
 *(COMMON)
                0x20000a14                        . = ALIGN (0x4)
                0x20000a14                        _ebss = .
                0x20000a14                        __bss_end__ = _ebss

._user_heap_stack
                0x20000a14      0x604 load address 0x0800beac
                0x20000a18                        . = ALIGN (0x8)
 *fill*         0x20000a14        0x4 
                [!provide]                        PROVIDE (end = .)
                0x20000a18                        PROVIDE (_end = .)
                0x20000c18                        . = (. + _Min_Heap_Size)
 *fill*         0x20000a18      0x200 
                0x20001018                        . = (. + _Min_Stack_Size)
 *fill*         0x20000c18      0x400 
                0x20001018                        . = ALIGN (0x8)

/DISCARD/
 libc.a(*)
 libm.a(*)
 libgcc.a(*)

.ARM.attributes
                0x00000000       0x30
 *(.ARM.attributes)
 .ARM.attributes
                0x00000000       0x22 C:/ST/STM32CubeIDE_1.16.1/STM32CubeIDE/plugins/com.st.stm32cube.ide.mcu.externaltools.gnu-tools-for-stm32.12.3.rel1.win32_1.0.200.202406191623/tools/bin/../lib/gcc/arm-none-eabi/12.3.1/thumb/v7e-m+fp/hard/crti.o
 .ARM.attributes
                0x00000022       0x34 C:/ST/STM32CubeIDE_1.16.1/STM32CubeIDE/plugins/com.st.stm32cube.ide.mcu.externaltools.gnu-tools-for-stm32.12.3.rel1.win32_1.0.200.202406191623/tools/bin/../lib/gcc/arm-none-eabi/12.3.1/thumb/v7e-m+fp/hard/crtbegin.o
 .ARM.attributes
                0x00000056       0x34 ./Core/Src/adc.o
 .ARM.attributes
                0x0000008a       0x34 ./Core/Src/dma.o
 .ARM.attributes
                0x000000be       0x34 ./Core/Src/encoder.o
 .ARM.attributes
                0x000000f2       0x34 ./Core/Src/gpio.o
 .ARM.attributes
                0x00000126       0x34 ./Core/Src/i2c.o
 .ARM.attributes
                0x0000015a       0x34 ./Core/Src/lcd_hd44780_i2c.o
 .ARM.attributes
                0x0000018e       0x34 ./Core/Src/main.o
 .ARM.attributes
                0x000001c2       0x34 ./Core/Src/motor.o
 .ARM.attributes
                0x000001f6       0x34 ./Core/Src/sensorLinha.o
 .ARM.attributes
                0x0000022a       0x34 ./Core/Src/stm32g4xx_hal_msp.o
 .ARM.attributes
                0x0000025e       0x34 ./Core/Src/stm32g4xx_it.o
 .ARM.attributes
                0x00000292       0x34 ./Core/Src/sysmem.o
 .ARM.attributes
                0x000002c6       0x34 ./Core/Src/system_stm32g4xx.o
 .ARM.attributes
                0x000002fa       0x34 ./Core/Src/tim.o
 .ARM.attributes
                0x0000032e       0x34 ./Core/Src/usart.o
 .ARM.attributes
                0x00000362       0x21 ./Core/Startup/startup_stm32g474retx.o
 .ARM.attributes
                0x00000383       0x34 ./Drivers/STM32G4xx_HAL_Driver/Src/stm32g4xx_hal.o
 .ARM.attributes
                0x000003b7       0x34 ./Drivers/STM32G4xx_HAL_Driver/Src/stm32g4xx_hal_adc.o
 .ARM.attributes
                0x000003eb       0x34 ./Drivers/STM32G4xx_HAL_Driver/Src/stm32g4xx_hal_adc_ex.o
 .ARM.attributes
                0x0000041f       0x34 ./Drivers/STM32G4xx_HAL_Driver/Src/stm32g4xx_hal_cortex.o
 .ARM.attributes
                0x00000453       0x34 ./Drivers/STM32G4xx_HAL_Driver/Src/stm32g4xx_hal_dma.o
 .ARM.attributes
                0x00000487       0x34 ./Drivers/STM32G4xx_HAL_Driver/Src/stm32g4xx_hal_gpio.o
 .ARM.attributes
                0x000004bb       0x34 ./Drivers/STM32G4xx_HAL_Driver/Src/stm32g4xx_hal_i2c.o
 .ARM.attributes
                0x000004ef       0x34 ./Drivers/STM32G4xx_HAL_Driver/Src/stm32g4xx_hal_i2c_ex.o
 .ARM.attributes
                0x00000523       0x34 ./Drivers/STM32G4xx_HAL_Driver/Src/stm32g4xx_hal_pwr_ex.o
 .ARM.attributes
                0x00000557       0x34 ./Drivers/STM32G4xx_HAL_Driver/Src/stm32g4xx_hal_rcc.o
 .ARM.attributes
                0x0000058b       0x34 ./Drivers/STM32G4xx_HAL_Driver/Src/stm32g4xx_hal_rcc_ex.o
 .ARM.attributes
                0x000005bf       0x34 ./Drivers/STM32G4xx_HAL_Driver/Src/stm32g4xx_hal_tim.o
 .ARM.attributes
                0x000005f3       0x34 ./Drivers/STM32G4xx_HAL_Driver/Src/stm32g4xx_hal_tim_ex.o
 .ARM.attributes
                0x00000627       0x34 ./Drivers/STM32G4xx_HAL_Driver/Src/stm32g4xx_hal_uart.o
 .ARM.attributes
                0x0000065b       0x34 ./Drivers/STM32G4xx_HAL_Driver/Src/stm32g4xx_hal_uart_ex.o
 .ARM.attributes
                0x0000068f       0x34 C:/ST/STM32CubeIDE_1.16.1/STM32CubeIDE/plugins/com.st.stm32cube.ide.mcu.externaltools.gnu-tools-for-stm32.12.3.rel1.win32_1.0.200.202406191623/tools/bin/../lib/gcc/arm-none-eabi/12.3.1/../../../../arm-none-eabi/lib/thumb/v7e-m+fp/hard\libc_nano.a(libc_a-findfp.o)
 .ARM.attributes
                0x000006c3       0x34 C:/ST/STM32CubeIDE_1.16.1/STM32CubeIDE/plugins/com.st.stm32cube.ide.mcu.externaltools.gnu-tools-for-stm32.12.3.rel1.win32_1.0.200.202406191623/tools/bin/../lib/gcc/arm-none-eabi/12.3.1/../../../../arm-none-eabi/lib/thumb/v7e-m+fp/hard\libc_nano.a(libc_a-sprintf.o)
 .ARM.attributes
                0x000006f7       0x34 C:/ST/STM32CubeIDE_1.16.1/STM32CubeIDE/plugins/com.st.stm32cube.ide.mcu.externaltools.gnu-tools-for-stm32.12.3.rel1.win32_1.0.200.202406191623/tools/bin/../lib/gcc/arm-none-eabi/12.3.1/../../../../arm-none-eabi/lib/thumb/v7e-m+fp/hard\libc_nano.a(libc_a-memset.o)
 .ARM.attributes
                0x0000072b       0x34 C:/ST/STM32CubeIDE_1.16.1/STM32CubeIDE/plugins/com.st.stm32cube.ide.mcu.externaltools.gnu-tools-for-stm32.12.3.rel1.win32_1.0.200.202406191623/tools/bin/../lib/gcc/arm-none-eabi/12.3.1/../../../../arm-none-eabi/lib/thumb/v7e-m+fp/hard\libc_nano.a(libc_a-reent.o)
 .ARM.attributes
                0x0000075f       0x34 C:/ST/STM32CubeIDE_1.16.1/STM32CubeIDE/plugins/com.st.stm32cube.ide.mcu.externaltools.gnu-tools-for-stm32.12.3.rel1.win32_1.0.200.202406191623/tools/bin/../lib/gcc/arm-none-eabi/12.3.1/../../../../arm-none-eabi/lib/thumb/v7e-m+fp/hard\libc_nano.a(libc_a-impure.o)
 .ARM.attributes
                0x00000793       0x34 C:/ST/STM32CubeIDE_1.16.1/STM32CubeIDE/plugins/com.st.stm32cube.ide.mcu.externaltools.gnu-tools-for-stm32.12.3.rel1.win32_1.0.200.202406191623/tools/bin/../lib/gcc/arm-none-eabi/12.3.1/../../../../arm-none-eabi/lib/thumb/v7e-m+fp/hard\libc_nano.a(libc_a-errno.o)
 .ARM.attributes
                0x000007c7       0x34 C:/ST/STM32CubeIDE_1.16.1/STM32CubeIDE/plugins/com.st.stm32cube.ide.mcu.externaltools.gnu-tools-for-stm32.12.3.rel1.win32_1.0.200.202406191623/tools/bin/../lib/gcc/arm-none-eabi/12.3.1/../../../../arm-none-eabi/lib/thumb/v7e-m+fp/hard\libc_nano.a(libc_a-init.o)
 .ARM.attributes
                0x000007fb       0x34 C:/ST/STM32CubeIDE_1.16.1/STM32CubeIDE/plugins/com.st.stm32cube.ide.mcu.externaltools.gnu-tools-for-stm32.12.3.rel1.win32_1.0.200.202406191623/tools/bin/../lib/gcc/arm-none-eabi/12.3.1/../../../../arm-none-eabi/lib/thumb/v7e-m+fp/hard\libc_nano.a(libc_a-lock.o)
 .ARM.attributes
                0x0000082f       0x17 C:/ST/STM32CubeIDE_1.16.1/STM32CubeIDE/plugins/com.st.stm32cube.ide.mcu.externaltools.gnu-tools-for-stm32.12.3.rel1.win32_1.0.200.202406191623/tools/bin/../lib/gcc/arm-none-eabi/12.3.1/../../../../arm-none-eabi/lib/thumb/v7e-m+fp/hard\libc_nano.a(libc_a-strlen.o)
 .ARM.attributes
                0x00000846       0x34 C:/ST/STM32CubeIDE_1.16.1/STM32CubeIDE/plugins/com.st.stm32cube.ide.mcu.externaltools.gnu-tools-for-stm32.12.3.rel1.win32_1.0.200.202406191623/tools/bin/../lib/gcc/arm-none-eabi/12.3.1/../../../../arm-none-eabi/lib/thumb/v7e-m+fp/hard\libc_nano.a(libc_a-freer.o)
 .ARM.attributes
                0x0000087a       0x34 C:/ST/STM32CubeIDE_1.16.1/STM32CubeIDE/plugins/com.st.stm32cube.ide.mcu.externaltools.gnu-tools-for-stm32.12.3.rel1.win32_1.0.200.202406191623/tools/bin/../lib/gcc/arm-none-eabi/12.3.1/../../../../arm-none-eabi/lib/thumb/v7e-m+fp/hard\libc_nano.a(libc_a-mallocr.o)
 .ARM.attributes
                0x000008ae       0x34 C:/ST/STM32CubeIDE_1.16.1/STM32CubeIDE/plugins/com.st.stm32cube.ide.mcu.externaltools.gnu-tools-for-stm32.12.3.rel1.win32_1.0.200.202406191623/tools/bin/../lib/gcc/arm-none-eabi/12.3.1/../../../../arm-none-eabi/lib/thumb/v7e-m+fp/hard\libc_nano.a(libc_a-mlock.o)
 .ARM.attributes
                0x000008e2       0x34 C:/ST/STM32CubeIDE_1.16.1/STM32CubeIDE/plugins/com.st.stm32cube.ide.mcu.externaltools.gnu-tools-for-stm32.12.3.rel1.win32_1.0.200.202406191623/tools/bin/../lib/gcc/arm-none-eabi/12.3.1/../../../../arm-none-eabi/lib/thumb/v7e-m+fp/hard\libc_nano.a(libc_a-nano-svfprintf.o)
 .ARM.attributes
                0x00000916       0x34 C:/ST/STM32CubeIDE_1.16.1/STM32CubeIDE/plugins/com.st.stm32cube.ide.mcu.externaltools.gnu-tools-for-stm32.12.3.rel1.win32_1.0.200.202406191623/tools/bin/../lib/gcc/arm-none-eabi/12.3.1/../../../../arm-none-eabi/lib/thumb/v7e-m+fp/hard\libc_nano.a(libc_a-nano-vfprintf_i.o)
 .ARM.attributes
                0x0000094a       0x34 C:/ST/STM32CubeIDE_1.16.1/STM32CubeIDE/plugins/com.st.stm32cube.ide.mcu.externaltools.gnu-tools-for-stm32.12.3.rel1.win32_1.0.200.202406191623/tools/bin/../lib/gcc/arm-none-eabi/12.3.1/../../../../arm-none-eabi/lib/thumb/v7e-m+fp/hard\libc_nano.a(libc_a-memmove.o)
 .ARM.attributes
                0x0000097e       0x34 C:/ST/STM32CubeIDE_1.16.1/STM32CubeIDE/plugins/com.st.stm32cube.ide.mcu.externaltools.gnu-tools-for-stm32.12.3.rel1.win32_1.0.200.202406191623/tools/bin/../lib/gcc/arm-none-eabi/12.3.1/../../../../arm-none-eabi/lib/thumb/v7e-m+fp/hard\libc_nano.a(libc_a-sbrkr.o)
 .ARM.attributes
                0x000009b2       0x1c C:/ST/STM32CubeIDE_1.16.1/STM32CubeIDE/plugins/com.st.stm32cube.ide.mcu.externaltools.gnu-tools-for-stm32.12.3.rel1.win32_1.0.200.202406191623/tools/bin/../lib/gcc/arm-none-eabi/12.3.1/../../../../arm-none-eabi/lib/thumb/v7e-m+fp/hard\libc_nano.a(libc_a-memchr.o)
 .ARM.attributes
                0x000009ce       0x34 C:/ST/STM32CubeIDE_1.16.1/STM32CubeIDE/plugins/com.st.stm32cube.ide.mcu.externaltools.gnu-tools-for-stm32.12.3.rel1.win32_1.0.200.202406191623/tools/bin/../lib/gcc/arm-none-eabi/12.3.1/../../../../arm-none-eabi/lib/thumb/v7e-m+fp/hard\libc_nano.a(libc_a-memcpy-stub.o)
 .ARM.attributes
                0x00000a02       0x34 C:/ST/STM32CubeIDE_1.16.1/STM32CubeIDE/plugins/com.st.stm32cube.ide.mcu.externaltools.gnu-tools-for-stm32.12.3.rel1.win32_1.0.200.202406191623/tools/bin/../lib/gcc/arm-none-eabi/12.3.1/../../../../arm-none-eabi/lib/thumb/v7e-m+fp/hard\libc_nano.a(libc_a-reallocr.o)
 .ARM.attributes
                0x00000a36       0x34 C:/ST/STM32CubeIDE_1.16.1/STM32CubeIDE/plugins/com.st.stm32cube.ide.mcu.externaltools.gnu-tools-for-stm32.12.3.rel1.win32_1.0.200.202406191623/tools/bin/../lib/gcc/arm-none-eabi/12.3.1/../../../../arm-none-eabi/lib/thumb/v7e-m+fp/hard\libc_nano.a(libc_a-msizer.o)
 .ARM.attributes
                0x00000a6a       0x22 C:/ST/STM32CubeIDE_1.16.1/STM32CubeIDE/plugins/com.st.stm32cube.ide.mcu.externaltools.gnu-tools-for-stm32.12.3.rel1.win32_1.0.200.202406191623/tools/bin/../lib/gcc/arm-none-eabi/12.3.1/thumb/v7e-m+fp/hard\libgcc.a(_arm_muldf3.o)
 .ARM.attributes
                0x00000a8c       0x22 C:/ST/STM32CubeIDE_1.16.1/STM32CubeIDE/plugins/com.st.stm32cube.ide.mcu.externaltools.gnu-tools-for-stm32.12.3.rel1.win32_1.0.200.202406191623/tools/bin/../lib/gcc/arm-none-eabi/12.3.1/thumb/v7e-m+fp/hard\libgcc.a(_arm_addsubdf3.o)
 .ARM.attributes
                0x00000aae       0x22 C:/ST/STM32CubeIDE_1.16.1/STM32CubeIDE/plugins/com.st.stm32cube.ide.mcu.externaltools.gnu-tools-for-stm32.12.3.rel1.win32_1.0.200.202406191623/tools/bin/../lib/gcc/arm-none-eabi/12.3.1/thumb/v7e-m+fp/hard\libgcc.a(_arm_truncdfsf2.o)
 .ARM.attributes
                0x00000ad0       0x22 C:/ST/STM32CubeIDE_1.16.1/STM32CubeIDE/plugins/com.st.stm32cube.ide.mcu.externaltools.gnu-tools-for-stm32.12.3.rel1.win32_1.0.200.202406191623/tools/bin/../lib/gcc/arm-none-eabi/12.3.1/thumb/v7e-m+fp/hard\libgcc.a(_aeabi_uldivmod.o)
 .ARM.attributes
                0x00000af2       0x34 C:/ST/STM32CubeIDE_1.16.1/STM32CubeIDE/plugins/com.st.stm32cube.ide.mcu.externaltools.gnu-tools-for-stm32.12.3.rel1.win32_1.0.200.202406191623/tools/bin/../lib/gcc/arm-none-eabi/12.3.1/thumb/v7e-m+fp/hard\libgcc.a(_udivmoddi4.o)
 .ARM.attributes
                0x00000b26       0x22 C:/ST/STM32CubeIDE_1.16.1/STM32CubeIDE/plugins/com.st.stm32cube.ide.mcu.externaltools.gnu-tools-for-stm32.12.3.rel1.win32_1.0.200.202406191623/tools/bin/../lib/gcc/arm-none-eabi/12.3.1/thumb/v7e-m+fp/hard\libgcc.a(_dvmd_tls.o)
 .ARM.attributes
                0x00000b48       0x22 C:/ST/STM32CubeIDE_1.16.1/STM32CubeIDE/plugins/com.st.stm32cube.ide.mcu.externaltools.gnu-tools-for-stm32.12.3.rel1.win32_1.0.200.202406191623/tools/bin/../lib/gcc/arm-none-eabi/12.3.1/thumb/v7e-m+fp/hard/crtn.o
OUTPUT(ES070_RoboSeguidor.elf elf32-littlearm)
LOAD linker stubs
LOAD C:/ST/STM32CubeIDE_1.16.1/STM32CubeIDE/plugins/com.st.stm32cube.ide.mcu.externaltools.gnu-tools-for-stm32.12.3.rel1.win32_1.0.200.202406191623/tools/bin/../lib/gcc/arm-none-eabi/12.3.1/../../../../arm-none-eabi/lib/thumb/v7e-m+fp/hard\libc.a
LOAD C:/ST/STM32CubeIDE_1.16.1/STM32CubeIDE/plugins/com.st.stm32cube.ide.mcu.externaltools.gnu-tools-for-stm32.12.3.rel1.win32_1.0.200.202406191623/tools/bin/../lib/gcc/arm-none-eabi/12.3.1/../../../../arm-none-eabi/lib/thumb/v7e-m+fp/hard\libm.a
LOAD C:/ST/STM32CubeIDE_1.16.1/STM32CubeIDE/plugins/com.st.stm32cube.ide.mcu.externaltools.gnu-tools-for-stm32.12.3.rel1.win32_1.0.200.202406191623/tools/bin/../lib/gcc/arm-none-eabi/12.3.1/thumb/v7e-m+fp/hard\libgcc.a

.debug_info     0x00000000    0x1ffdd
 .debug_info    0x00000000     0x11d4 ./Core/Src/adc.o
 .debug_info    0x000011d4      0x5ac ./Core/Src/dma.o
 .debug_info    0x00001780      0xa10 ./Core/Src/encoder.o
 .debug_info    0x00002190      0x75e ./Core/Src/gpio.o
 .debug_info    0x000028ee     0x1005 ./Core/Src/i2c.o
 .debug_info    0x000038f3      0xc58 ./Core/Src/lcd_hd44780_i2c.o
 .debug_info    0x0000454b     0x1390 ./Core/Src/main.o
 .debug_info    0x000058db      0x97b ./Core/Src/motor.o
 .debug_info    0x00006256      0xd6b ./Core/Src/sensorLinha.o
 .debug_info    0x00006fc1      0x2da ./Core/Src/stm32g4xx_hal_msp.o
 .debug_info    0x0000729b      0xccd ./Core/Src/stm32g4xx_it.o
 .debug_info    0x00007f68      0x168 ./Core/Src/sysmem.o
 .debug_info    0x000080d0      0x58e ./Core/Src/system_stm32g4xx.o
 .debug_info    0x0000865e     0x14ce ./Core/Src/tim.o
 .debug_info    0x00009b2c      0xda3 ./Core/Src/usart.o
 .debug_info    0x0000a8cf       0x30 ./Core/Startup/startup_stm32g474retx.o